******************************************************************************
            TI ARM Clang Linker PC v3.2.2                      
******************************************************************************
>> Linked Fri Aug 23 16:42:50 2024

OUTPUT FILE NAME:   <4_dds.out>
ENTRY POINT SYMBOL: "_c_int00_noargs"  address: 00000e11


MEMORY CONFIGURATION

         name            origin    length      used     unused   attr    fill
----------------------  --------  ---------  --------  --------  ----  --------
  FLASH                 00000000   00020000  00001420  0001ebe0  R  X
  SRAM                  20200000   00008000  000002d9  00007d27  RW X
  BCR_CONFIG            41c00000   00000080  00000000  00000080  R   
  BSL_CONFIG            41c00100   00000080  00000000  00000080  R   


SEGMENT ALLOCATION MAP

run origin  load origin   length   init length attrs members
----------  ----------- ---------- ----------- ----- -------
00000000    00000000    00001420   00001420    r-x
  00000000    00000000    000000c0   000000c0    r-- .intvecs
  000000c0    000000c0    000010b8   000010b8    r-x .text
  00001178    00001178    00000278   00000278    r-- .rodata
  000013f0    000013f0    00000030   00000030    r-- .cinit
20200000    20200000    000000da   00000000    rw-
  20200000    20200000    000000d3   00000000    rw- .bss
  202000d4    202000d4    00000006   00000000    rw- .data
20207e00    20207e00    00000200   00000000    rw-
  20207e00    20207e00    00000200   00000000    rw- .stack


SECTION ALLOCATION MAP

 output                                  attributes/
section   page    origin      length       input sections
--------  ----  ----------  ----------   ----------------
.intvecs   0    00000000    000000c0     
                  00000000    000000c0     startup_mspm0g350x_ticlang.o (.intvecs)

.text      0    000000c0    000010b8     
                  000000c0    00000208     dac_dds.o (.text.dma_wave)
                  000002c8    00000192     libclang_rt.builtins.a : adddf3.S.obj (.text.adddf3_subdf3)
                  0000045a    00000002     --HOLE-- [fill = 0]
                  0000045c    0000010c                            : divdf3.S.obj (.text.__divdf3)
                  00000568    000000e8     driverlib.a : dl_timer.o (.text.DL_Timer_initTimerMode)
                  00000650    000000dc                 : dl_sysctl_mspm0g1x0x_g3x0x.o (.text.DL_SYSCTL_configSYSPLL)
                  0000072c    00000088                 : dl_dac12.o (.text.DL_DAC12_init)
                  000007b4    00000078     libc.a : copy_decompress_lzss.c.obj (.text:decompress:lzss)
                  0000082c    00000062     libclang_rt.builtins.a : aeabi_fcmp.S.obj (.text.__aeabi_fcmp)
                  0000088e    00000002     --HOLE-- [fill = 0]
                  00000890    00000058     ti_msp_dl_config.o (.text.SYSCFG_DL_initPower)
                  000008e8    0000004c     driverlib.a : dl_dma.o (.text.DL_DMA_initChannel)
                  00000934    0000004c     ti_msp_dl_config.o (.text.SYSCFG_DL_SYSCTL_init)
                  00000980    0000004a     libclang_rt.builtins.a : fixdfsi.S.obj (.text.__fixdfsi)
                  000009ca    00000002     --HOLE-- [fill = 0]
                  000009cc    00000044     driverlib.a : dl_sysctl_mspm0g1x0x_g3x0x.o (.text.DL_SYSCTL_switchMCLKfromSYSOSCtoHSCLK)
                  00000a10    00000044     ti_msp_dl_config.o (.text.SYSCFG_DL_TIMER_0_init)
                  00000a54    00000040     libclang_rt.builtins.a : extendsfdf2.S.obj (.text.__extendsfdf2)
                  00000a94    00000040     dac_dds.o (.text.dma_san_init)
                  00000ad4    00000040     dac_dds.o (.text.dma_saw_init)
                  00000b14    00000040     dac_dds.o (.text.dma_sine_init)
                  00000b54    00000040     dac_dds.o (.text.dma_square_init)
                  00000b94    0000003c     libclang_rt.builtins.a : comparesf2.S.obj (.text.__gtsf2)
                  00000bd0    0000003c     libc.a : autoinit.c.obj (.text:__TI_auto_init_nobinit_nopinit)
                  00000c0c    0000003a     libclang_rt.builtins.a : comparesf2.S.obj (.text.__eqsf2)
                  00000c46    00000002     --HOLE-- [fill = 0]
                  00000c48    00000038     ti_msp_dl_config.o (.text.DL_Timer_setPublisherChanID)
                  00000c80    00000038     ti_msp_dl_config.o (.text.SYSCFG_DL_DAC12_init)
                  00000cb8    00000034     ti_msp_dl_config.o (.text.DL_DAC12_setSubscriberChanID)
                  00000cec    00000030     dac_dds.o (.text.DL_DMA_setTransferSize)
                  00000d1c    0000002c     ti_msp_dl_config.o (.text.SYSCFG_DL_GPIO_init)
                  00000d48    00000028     ti_msp_dl_config.o (.text.DL_Common_updateReg)
                  00000d70    00000028     dac_dds.o (.text.DL_DMA_setDestAddr)
                  00000d98    00000028     dac_dds.o (.text.DL_DMA_setSrcAddr)
                  00000dc0    00000028     ti_msp_dl_config.o (.text.DL_Timer_enableEvent)
                  00000de8    00000028     ti_msp_dl_config.o (.text.SYSCFG_DL_init)
                  00000e10    00000028     libc.a : boot_cortex_m.c.obj (.text:_c_int00_noargs)
                  00000e38    00000026     dac_dds.o (.text.DL_DMA_disableChannel)
                  00000e5e    00000026     dac_dds.o (.text.DL_DMA_enableChannel)
                  00000e84    00000024     main.o (.text.main)
                  00000ea8    00000020     ti_msp_dl_config.o (.text.DL_SYSCTL_setFlashWaitState)
                  00000ec8    00000020     ti_msp_dl_config.o (.text.DL_SYSCTL_setMFPCLKSource)
                  00000ee8    0000001c     ti_msp_dl_config.o (.text.DL_DAC12_enableInterrupt)
                  00000f04    0000001c     ti_msp_dl_config.o (.text.DL_SYSCTL_setSYSOSCFreq)
                  00000f20    0000001c     ti_msp_dl_config.o (.text.DL_SYSCTL_setULPCLKDivider)
                  00000f3c    0000001c     driverlib.a : dl_timer.o (.text.DL_Timer_setClockConfig)
                  00000f58    00000018     ti_msp_dl_config.o (.text.DL_DAC12_enablePower)
                  00000f70    00000018     ti_msp_dl_config.o (.text.DL_DAC12_reset)
                  00000f88    00000018     ti_msp_dl_config.o (.text.DL_GPIO_enableOutput)
                  00000fa0    00000018     ti_msp_dl_config.o (.text.DL_GPIO_enablePower)
                  00000fb8    00000018     ti_msp_dl_config.o (.text.DL_GPIO_initDigitalOutput)
                  00000fd0    00000018     ti_msp_dl_config.o (.text.DL_GPIO_reset)
                  00000fe8    00000018     ti_msp_dl_config.o (.text.DL_SYSCTL_setBORThreshold)
                  00001000    00000018     ti_msp_dl_config.o (.text.DL_Timer_enablePower)
                  00001018    00000018     ti_msp_dl_config.o (.text.DL_Timer_reset)
                  00001030    00000018     dac_dds.o (.text.DL_Timer_setLoadValue)
                  00001048    00000018     main.o (.text.DL_Timer_startCounter)
                  00001060    00000018     ti_msp_dl_config.o (.text.SYSCFG_DL_DMA_CH0_init)
                  00001078    00000016     ti_msp_dl_config.o (.text.DL_DAC12_enable)
                  0000108e    00000016     libc.a : copy_zero_init.c.obj (.text:decompress:ZI:__TI_zero_init_nomemset)
                  000010a4    00000014     ti_msp_dl_config.o (.text.DL_GPIO_clearPins)
                  000010b8    00000014     ti_msp_dl_config.o (.text.DL_SYSCTL_disableSYSPLL)
                  000010cc    00000014     ti_msp_dl_config.o (.text.DL_SYSCTL_enableMFCLK)
                  000010e0    00000014     ti_msp_dl_config.o (.text.DL_Timer_enableClock)
                  000010f4    00000012     libc.a : memcpy16.S.obj (.text:TI_memcpy_small)
                  00001106    00000012            : copy_decompress_none.c.obj (.text:decompress:none)
                  00001118    00000010     ti_msp_dl_config.o (.text.DL_SYSCTL_disableHFXT)
                  00001128    00000010     ti_msp_dl_config.o (.text.DL_SYSCTL_enableMFPCLK)
                  00001138    00000010     main.o (.text.DL_SYSCTL_enableSleepOnExit)
                  00001148    0000000a     driverlib.a : dl_common.o (.text.DL_Common_delayCycles)
                  00001152    00000008     ti_msp_dl_config.o (.text.SYSCFG_DL_DMA_init)
                  0000115a    00000002     --HOLE-- [fill = 0]
                  0000115c    00000008     libclang_rt.builtins.a : aeabi_memcpy.S.obj (.text.__aeabi_memcpy)
                  00001164    00000004     startup_mspm0g350x_ticlang.o (.text.Default_Handler)
                  00001168    00000004     startup_mspm0g350x_ticlang.o (.text.Reset_Handler)
                  0000116c    00000004     libc.a : pre_init.c.obj (.text._system_pre_init)
                  00001170    00000004            : exit.c.obj (.text:abort)
                  00001174    00000004     --HOLE-- [fill = 0]

.cinit     0    000013f0    00000030     
                  000013f0    0000000c     (__TI_handler_table)
                  000013fc    0000000a     (.cinit..data.load) [load image, compression = lzss]
                  00001406    00000002     --HOLE-- [fill = 0]
                  00001408    00000008     (.cinit..bss.load) [load image, compression = zero_init]
                  00001410    00000010     (__TI_cinit_table)

.rodata    0    00001178    00000278     
                  00001178    00000080     dac_dds.o (.rodata.gOutputSignalSan64)
                  000011f8    00000080     dac_dds.o (.rodata.gOutputSignalSaw64)
                  00001278    00000080     dac_dds.o (.rodata.gOutputSignalSine64)
                  000012f8    00000080     dac_dds.o (.rodata.gOutputSignalSquare64)
                  00001378    00000028     ti_msp_dl_config.o (.rodata.gSYSPLLConfig)
                  000013a0    00000020     ti_msp_dl_config.o (.rodata.gDAC12Config)
                  000013c0    00000018     ti_msp_dl_config.o (.rodata.gDMA_CH0Config)
                  000013d8    00000014     ti_msp_dl_config.o (.rodata.gTIMER_0TimerConfig)
                  000013ec    00000003     ti_msp_dl_config.o (.rodata.gTIMER_0ClockConfig)
                  000013ef    00000001     --HOLE-- [fill = 0]

.init_array 
*          0    00000000    00000000     UNINITIALIZED

.binit     0    00000000    00000000     

.bss       0    20200000    000000d3     UNINITIALIZED
                  20200000    000000bc     (.common:gTIMER_0Backup)
                  202000bc    00000004     (.common:freq_san)
                  202000c0    00000004     (.common:freq_saw)
                  202000c4    00000004     (.common:freq_sin)
                  202000c8    00000004     (.common:freq_square)
                  202000cc    00000004     (.common:freq_wave_old)
                  202000d0    00000002     (.common:load_value)
                  202000d2    00000001     (.common:freq_change)

.data      0    202000d4    00000006     UNINITIALIZED
                  202000d4    00000004     dac_dds.o (.data.freq_wave)
                  202000d8    00000001     dac_dds.o (.data.wave_mode)
                  202000d9    00000001     dac_dds.o (.data.wave_mode_old)

.stack     0    20207e00    00000200     UNINITIALIZED
                  20207e00    00000004     libc.a : boot_cortex_m.c.obj (.stack)
                  20207e04    000001fc     --HOLE--

__llvm_prf_cnts 
*          0    20200000    00000000     UNINITIALIZED

__llvm_prf_bits 
*          0    20200000    00000000     UNINITIALIZED

MODULE SUMMARY

       Module                         code   ro data   rw data
       ------                         ----   -------   -------
    .\
       ti_msp_dl_config.o             1090   119       188    
       startup_mspm0g350x_ticlang.o   8      192       0      
       main.o                         76     0         0      
    +--+------------------------------+------+---------+---------+
       Total:                         1174   311       188    
                                                              
    .\dac_dds\
       dac_dds.o                      1004   512       29     
    +--+------------------------------+------+---------+---------+
       Total:                         1004   512       29     
                                                              
    C:/ti/mspm0_sdk_2_01_00_03/source/ti/driverlib/lib/ticlang/m0p/mspm0g1x0x_g3x0x/driverlib.a
       dl_sysctl_mspm0g1x0x_g3x0x.o   288    0         0      
       dl_timer.o                     260    0         0      
       dl_dac12.o                     136    0         0      
       dl_dma.o                       76     0         0      
       dl_common.o                    10     0         0      
    +--+------------------------------+------+---------+---------+
       Total:                         770    0         0      
                                                              
    C:\ti\ccs1260\ccs\tools\compiler\ti-cgt-armllvm_3.2.2.LTS\lib\armv6m-ti-none-eabi/c/libc.a
       copy_decompress_lzss.c.obj     120    0         0      
       autoinit.c.obj                 60     0         0      
       boot_cortex_m.c.obj            40     0         0      
       copy_zero_init.c.obj           22     0         0      
       copy_decompress_none.c.obj     18     0         0      
       memcpy16.S.obj                 18     0         0      
       exit.c.obj                     4      0         0      
       pre_init.c.obj                 4      0         0      
    +--+------------------------------+------+---------+---------+
       Total:                         286    0         0      
                                                              
    C:\ti\ccs1260\ccs\tools\compiler\ti-cgt-armllvm_3.2.2.LTS\lib\clang/15.0.7/lib/armv6m-ti-none-eabi/libclang_rt.builtins.a
       adddf3.S.obj                   402    0         0      
       divdf3.S.obj                   268    0         0      
       comparesf2.S.obj               118    0         0      
       aeabi_fcmp.S.obj               98     0         0      
       fixdfsi.S.obj                  74     0         0      
       extendsfdf2.S.obj              64     0         0      
       aeabi_memcpy.S.obj             8      0         0      
    +--+------------------------------+------+---------+---------+
       Total:                         1032   0         0      
                                                              
       Stack:                         0      0         512    
       Linker Generated:              0      46        0      
    +--+------------------------------+------+---------+---------+
       Grand Total:                   4266   869       729    


LINKER GENERATED COPY TABLES

__TI_cinit_table @ 00001410 records: 2, size/record: 8, table size: 16
	.data: load addr=000013fc, load size=0000000a bytes, run addr=202000d4, run size=00000006 bytes, compression=lzss
	.bss: load addr=00001408, load size=00000008 bytes, run addr=20200000, run size=000000d3 bytes, compression=zero_init


LINKER GENERATED HANDLER TABLE

__TI_handler_table @ 000013f0 records: 3, size/record: 4, table size: 12
	index: 0, handler: __TI_decompress_lzss
	index: 1, handler: __TI_decompress_none
	index: 2, handler: __TI_zero_init


GLOBAL SYMBOLS: SORTED ALPHABETICALLY BY Name 

address   name                                 
-------   ----                                 
00001165  ADC0_IRQHandler                      
00001165  ADC1_IRQHandler                      
00001165  AES_IRQHandler                       
00001170  C$$EXIT                              
00001165  CANFD0_IRQHandler                    
00001165  DAC0_IRQHandler                      
00001149  DL_Common_delayCycles                
0000072d  DL_DAC12_init                        
000008e9  DL_DMA_initChannel                   
00000651  DL_SYSCTL_configSYSPLL               
000009cd  DL_SYSCTL_switchMCLKfromSYSOSCtoHSCLK
00000569  DL_Timer_initTimerMode               
00000f3d  DL_Timer_setClockConfig              
00001165  DMA_IRQHandler                       
00001165  Default_Handler                      
00001165  GROUP0_IRQHandler                    
00001165  GROUP1_IRQHandler                    
00001165  HardFault_Handler                    
00001165  I2C0_IRQHandler                      
00001165  I2C1_IRQHandler                      
00001165  NMI_Handler                          
00001165  PendSV_Handler                       
00001165  RTC_IRQHandler                       
00001169  Reset_Handler                        
00001165  SPI0_IRQHandler                      
00001165  SPI1_IRQHandler                      
00001165  SVC_Handler                          
00000c81  SYSCFG_DL_DAC12_init                 
00001061  SYSCFG_DL_DMA_CH0_init               
00001153  SYSCFG_DL_DMA_init                   
00000d1d  SYSCFG_DL_GPIO_init                  
00000935  SYSCFG_DL_SYSCTL_init                
00000a11  SYSCFG_DL_TIMER_0_init               
00000de9  SYSCFG_DL_init                       
00000891  SYSCFG_DL_initPower                  
00001165  SysTick_Handler                      
00001165  TIMA0_IRQHandler                     
00001165  TIMA1_IRQHandler                     
00001165  TIMG0_IRQHandler                     
00001165  TIMG12_IRQHandler                    
00001165  TIMG6_IRQHandler                     
00001165  TIMG7_IRQHandler                     
00001165  TIMG8_IRQHandler                     
000010f5  TI_memcpy_small                      
00001165  UART0_IRQHandler                     
00001165  UART1_IRQHandler                     
00001165  UART2_IRQHandler                     
00001165  UART3_IRQHandler                     
20208000  __STACK_END                          
00000200  __STACK_SIZE                         
00000000  __TI_ATRegion0_region_sz             
00000000  __TI_ATRegion0_src_addr              
00000000  __TI_ATRegion0_trg_addr              
00000000  __TI_ATRegion1_region_sz             
00000000  __TI_ATRegion1_src_addr              
00000000  __TI_ATRegion1_trg_addr              
00000000  __TI_ATRegion2_region_sz             
00000000  __TI_ATRegion2_src_addr              
00000000  __TI_ATRegion2_trg_addr              
00001410  __TI_CINIT_Base                      
00001420  __TI_CINIT_Limit                     
00001420  __TI_CINIT_Warm                      
000013f0  __TI_Handler_Table_Base              
000013fc  __TI_Handler_Table_Limit             
00000bd1  __TI_auto_init_nobinit_nopinit       
000007b5  __TI_decompress_lzss                 
00001107  __TI_decompress_none                 
ffffffff  __TI_pprof_out_hndl                  
ffffffff  __TI_prof_data_size                  
ffffffff  __TI_prof_data_start                 
00000000  __TI_static_base__                   
0000108f  __TI_zero_init_nomemset              
000002d3  __adddf3                             
00000981  __aeabi_d2iz                         
000002d3  __aeabi_dadd                         
0000045d  __aeabi_ddiv                         
000002c9  __aeabi_dsub                         
00000a55  __aeabi_f2d                          
0000082d  __aeabi_fcmpeq                       
00000869  __aeabi_fcmpge                       
0000087d  __aeabi_fcmpgt                       
00000855  __aeabi_fcmple                       
00000841  __aeabi_fcmplt                       
0000115d  __aeabi_memcpy                       
0000115d  __aeabi_memcpy4                      
0000115d  __aeabi_memcpy8                      
ffffffff  __binit__                            
00000c0d  __cmpsf2                             
0000045d  __divdf3                             
00000c0d  __eqsf2                              
00000a55  __extendsfdf2                        
00000981  __fixdfsi                            
00000b95  __gesf2                              
00000b95  __gtsf2                              
00000c0d  __lesf2                              
00000c0d  __ltsf2                              
UNDEFED   __mpu_init                           
00000c0d  __nesf2                              
20207e00  __stack                              
20200000  __start___llvm_prf_bits              
20200000  __start___llvm_prf_cnts              
20200000  __stop___llvm_prf_bits               
20200000  __stop___llvm_prf_cnts               
000002c9  __subdf3                             
00000e11  _c_int00_noargs                      
UNDEFED   _system_post_cinit                   
0000116d  _system_pre_init                     
00001171  abort                                
ffffffff  binit                                
00000a95  dma_san_init                         
00000ad5  dma_saw_init                         
00000b15  dma_sine_init                        
00000b55  dma_square_init                      
000000c1  dma_wave                             
202000d2  freq_change                          
202000bc  freq_san                             
202000c0  freq_saw                             
202000c4  freq_sin                             
202000c8  freq_square                          
202000d4  freq_wave                            
202000cc  freq_wave_old                        
00001178  gOutputSignalSan64                   
000011f8  gOutputSignalSaw64                   
00001278  gOutputSignalSine64                  
000012f8  gOutputSignalSquare64                
20200000  gTIMER_0Backup                       
00000000  interruptVectors                     
202000d0  load_value                           
00000e85  main                                 
202000d8  wave_mode                            
202000d9  wave_mode_old                        


GLOBAL SYMBOLS: SORTED BY Symbol Address 

address   name                                 
-------   ----                                 
00000000  __TI_ATRegion0_region_sz             
00000000  __TI_ATRegion0_src_addr              
00000000  __TI_ATRegion0_trg_addr              
00000000  __TI_ATRegion1_region_sz             
00000000  __TI_ATRegion1_src_addr              
00000000  __TI_ATRegion1_trg_addr              
00000000  __TI_ATRegion2_region_sz             
00000000  __TI_ATRegion2_src_addr              
00000000  __TI_ATRegion2_trg_addr              
00000000  __TI_static_base__                   
00000000  interruptVectors                     
000000c1  dma_wave                             
00000200  __STACK_SIZE                         
000002c9  __aeabi_dsub                         
000002c9  __subdf3                             
000002d3  __adddf3                             
000002d3  __aeabi_dadd                         
0000045d  __aeabi_ddiv                         
0000045d  __divdf3                             
00000569  DL_Timer_initTimerMode               
00000651  DL_SYSCTL_configSYSPLL               
0000072d  DL_DAC12_init                        
000007b5  __TI_decompress_lzss                 
0000082d  __aeabi_fcmpeq                       
00000841  __aeabi_fcmplt                       
00000855  __aeabi_fcmple                       
00000869  __aeabi_fcmpge                       
0000087d  __aeabi_fcmpgt                       
00000891  SYSCFG_DL_initPower                  
000008e9  DL_DMA_initChannel                   
00000935  SYSCFG_DL_SYSCTL_init                
00000981  __aeabi_d2iz                         
00000981  __fixdfsi                            
000009cd  DL_SYSCTL_switchMCLKfromSYSOSCtoHSCLK
00000a11  SYSCFG_DL_TIMER_0_init               
00000a55  __aeabi_f2d                          
00000a55  __extendsfdf2                        
00000a95  dma_san_init                         
00000ad5  dma_saw_init                         
00000b15  dma_sine_init                        
00000b55  dma_square_init                      
00000b95  __gesf2                              
00000b95  __gtsf2                              
00000bd1  __TI_auto_init_nobinit_nopinit       
00000c0d  __cmpsf2                             
00000c0d  __eqsf2                              
00000c0d  __lesf2                              
00000c0d  __ltsf2                              
00000c0d  __nesf2                              
00000c81  SYSCFG_DL_DAC12_init                 
00000d1d  SYSCFG_DL_GPIO_init                  
00000de9  SYSCFG_DL_init                       
00000e11  _c_int00_noargs                      
00000e85  main                                 
00000f3d  DL_Timer_setClockConfig              
00001061  SYSCFG_DL_DMA_CH0_init               
0000108f  __TI_zero_init_nomemset              
000010f5  TI_memcpy_small                      
00001107  __TI_decompress_none                 
00001149  DL_Common_delayCycles                
00001153  SYSCFG_DL_DMA_init                   
0000115d  __aeabi_memcpy                       
0000115d  __aeabi_memcpy4                      
0000115d  __aeabi_memcpy8                      
00001165  ADC0_IRQHandler                      
00001165  ADC1_IRQHandler                      
00001165  AES_IRQHandler                       
00001165  CANFD0_IRQHandler                    
00001165  DAC0_IRQHandler                      
00001165  DMA_IRQHandler                       
00001165  Default_Handler                      
00001165  GROUP0_IRQHandler                    
00001165  GROUP1_IRQHandler                    
00001165  HardFault_Handler                    
00001165  I2C0_IRQHandler                      
00001165  I2C1_IRQHandler                      
00001165  NMI_Handler                          
00001165  PendSV_Handler                       
00001165  RTC_IRQHandler                       
00001165  SPI0_IRQHandler                      
00001165  SPI1_IRQHandler                      
00001165  SVC_Handler                          
00001165  SysTick_Handler                      
00001165  TIMA0_IRQHandler                     
00001165  TIMA1_IRQHandler                     
00001165  TIMG0_IRQHandler                     
00001165  TIMG12_IRQHandler                    
00001165  TIMG6_IRQHandler                     
00001165  TIMG7_IRQHandler                     
00001165  TIMG8_IRQHandler                     
00001165  UART0_IRQHandler                     
00001165  UART1_IRQHandler                     
00001165  UART2_IRQHandler                     
00001165  UART3_IRQHandler                     
00001169  Reset_Handler                        
0000116d  _system_pre_init                     
00001170  C$$EXIT                              
00001171  abort                                
00001178  gOutputSignalSan64                   
000011f8  gOutputSignalSaw64                   
00001278  gOutputSignalSine64                  
000012f8  gOutputSignalSquare64                
000013f0  __TI_Handler_Table_Base              
000013fc  __TI_Handler_Table_Limit             
00001410  __TI_CINIT_Base                      
00001420  __TI_CINIT_Limit                     
00001420  __TI_CINIT_Warm                      
20200000  __start___llvm_prf_bits              
20200000  __start___llvm_prf_cnts              
20200000  __stop___llvm_prf_bits               
20200000  __stop___llvm_prf_cnts               
20200000  gTIMER_0Backup                       
202000bc  freq_san                             
202000c0  freq_saw                             
202000c4  freq_sin                             
202000c8  freq_square                          
202000cc  freq_wave_old                        
202000d0  load_value                           
202000d2  freq_change                          
202000d4  freq_wave                            
202000d8  wave_mode                            
202000d9  wave_mode_old                        
20207e00  __stack                              
20208000  __STACK_END                          
ffffffff  __TI_pprof_out_hndl                  
ffffffff  __TI_prof_data_size                  
ffffffff  __TI_prof_data_start                 
ffffffff  __binit__                            
ffffffff  binit                                
UNDEFED   __mpu_init                           
UNDEFED   _system_post_cinit                   

[131 symbols]
