******************************************************************************
            TI ARM Clang Linker PC v3.2.2                      
******************************************************************************
>> Linked Tue Aug 27 08:28:56 2024

OUTPUT FILE NAME:   <6_ui_dds.out>
ENTRY POINT SYMBOL: "_c_int00_noargs"  address: 00001bb5


MEMORY CONFIGURATION

         name            origin    length      used     unused   attr    fill
----------------------  --------  ---------  --------  --------  ----  --------
  FLASH                 00000000   00020000  00002a68  0001d598  R  X
  SRAM                  20200000   00008000  000002f6  00007d0a  RW X
  BCR_CONFIG            41c00000   00000080  00000000  00000080  R   
  BSL_CONFIG            41c00100   00000080  00000000  00000080  R   


SEGMENT ALLOCATION MAP

run origin  load origin   length   init length attrs members
----------  ----------- ---------- ----------- ----- -------
00000000    00000000    00002a68   00002a68    r-x
  00000000    00000000    000000c0   000000c0    r-- .intvecs
  000000c0    000000c0    00001ed0   00001ed0    r-x .text
  00001f90    00001f90    00000aa0   00000aa0    r-- .rodata
  00002a30    00002a30    00000038   00000038    r-- .cinit
20200000    20200000    000000f7   00000000    rw-
  20200000    20200000    000000df   00000000    rw- .bss
  202000e0    202000e0    00000017   00000000    rw- .data
20207e00    20207e00    00000200   00000000    rw-
  20207e00    20207e00    00000200   00000000    rw- .stack


SECTION ALLOCATION MAP

 output                                  attributes/
section   page    origin      length       input sections
--------  ----  ----------  ----------   ----------------
.intvecs   0    00000000    000000c0     
                  00000000    000000c0     startup_mspm0g350x_ticlang.o (.intvecs)

.text      0    000000c0    00001ed0     
                  000000c0    00000314     Key.o (.text.key_read)
                  000003d4    00000208     dac_dds.o (.text.dma_wave)
                  000005dc    00000192     libclang_rt.builtins.a : adddf3.S.obj (.text.adddf3_subdf3)
                  0000076e    00000002                            : aeabi_div0.c.obj (.text.__aeabi_idiv0)
                  00000770    00000118     oled.o (.text.OLED_ShowChar)
                  00000888    0000010c     libclang_rt.builtins.a : divdf3.S.obj (.text.__divdf3)
                  00000994    000000fa     oled.o (.text.OLED_Init)
                  00000a8e    000000f8     oled.o (.text.OLED_decimal)
                  00000b86    000000f6     oled.o (.text.OLED_ShowNum)
                  00000c7c    000000ec     Key.o (.text.oled_show)
                  00000d68    000000e8     driverlib.a : dl_timer.o (.text.DL_Timer_initTimerMode)
                  00000e50    000000dc                 : dl_sysctl_mspm0g1x0x_g3x0x.o (.text.DL_SYSCTL_configSYSPLL)
                  00000f2c    000000d8     libclang_rt.builtins.a : addsf3.S.obj (.text)
                  00001004    0000008c                            : mulsf3.S.obj (.text.__mulsf3)
                  00001090    00000088     driverlib.a : dl_dac12.o (.text.DL_DAC12_init)
                  00001118    00000078     libc.a : copy_decompress_lzss.c.obj (.text:decompress:lzss)
                  00001190    00000074     oled.o (.text.Send_Byte)
                  00001204    00000070     oled.o (.text.OLED_ShowString)
                  00001274    0000006a     oled.o (.text.OLED_Clear)
                  000012de    00000002     --HOLE-- [fill = 0]
                  000012e0    00000062     libclang_rt.builtins.a : aeabi_fcmp.S.obj (.text.__aeabi_fcmp)
                  00001342    00000002     --HOLE-- [fill = 0]
                  00001344    0000005c     ti_msp_dl_config.o (.text.SYSCFG_DL_GPIO_init)
                  000013a0    00000058     ti_msp_dl_config.o (.text.SYSCFG_DL_initPower)
                  000013f8    0000004e     oled.o (.text.OLED_WR_Byte)
                  00001446    00000002     --HOLE-- [fill = 0]
                  00001448    0000004c     driverlib.a : dl_dma.o (.text.DL_DMA_initChannel)
                  00001494    0000004c     ti_msp_dl_config.o (.text.SYSCFG_DL_SYSCTL_init)
                  000014e0    0000004a     libclang_rt.builtins.a : fixdfsi.S.obj (.text.__fixdfsi)
                  0000152a    00000002     --HOLE-- [fill = 0]
                  0000152c    00000044     driverlib.a : dl_sysctl_mspm0g1x0x_g3x0x.o (.text.DL_SYSCTL_switchMCLKfromSYSOSCtoHSCLK)
                  00001570    00000044     ti_msp_dl_config.o (.text.SYSCFG_DL_TIMER_0_init)
                  000015b4    00000040     libclang_rt.builtins.a : aeabi_uidivmod.S.obj (.text.__aeabi_uidivmod)
                  000015f4    00000040                            : extendsfdf2.S.obj (.text.__extendsfdf2)
                  00001634    00000040     dac_dds.o (.text.dma_san_init)
                  00001674    00000040     dac_dds.o (.text.dma_saw_init)
                  000016b4    00000040     dac_dds.o (.text.dma_sine_init)
                  000016f4    00000040     dac_dds.o (.text.dma_square_init)
                  00001734    0000003c     oled.o (.text.OLED_Set_Pos)
                  00001770    0000003c     libclang_rt.builtins.a : floatsisf.S.obj (.text.__floatsisf)
                  000017ac    0000003c                            : comparesf2.S.obj (.text.__gtsf2)
                  000017e8    0000003c     libc.a : autoinit.c.obj (.text:__TI_auto_init_nobinit_nopinit)
                  00001824    0000003a     libclang_rt.builtins.a : comparesf2.S.obj (.text.__eqsf2)
                  0000185e    00000002     --HOLE-- [fill = 0]
                  00001860    0000003a                            : muldsi3.S.obj (.text.__muldsi3)
                  0000189a    00000002     --HOLE-- [fill = 0]
                  0000189c    00000038     ti_msp_dl_config.o (.text.DL_Timer_setPublisherChanID)
                  000018d4    00000038     ti_msp_dl_config.o (.text.SYSCFG_DL_DAC12_init)
                  0000190c    00000038     libclang_rt.builtins.a : fixsfsi.S.obj (.text.__fixsfsi)
                  00001944    00000034     ti_msp_dl_config.o (.text.DL_DAC12_setSubscriberChanID)
                  00001978    00000034     ti_msp_dl_config.o (.text.DL_GPIO_initDigitalInputFeatures)
                  000019ac    00000034     oled.o (.text.I2C_Start)
                  000019e0    00000034     main.o (.text.main)
                  00001a14    00000030     dac_dds.o (.text.DL_DMA_setTransferSize)
                  00001a44    00000030     oled.o (.text.oled_pow)
                  00001a74    00000028     ti_msp_dl_config.o (.text.DL_Common_updateReg)
                  00001a9c    00000028     dac_dds.o (.text.DL_DMA_setDestAddr)
                  00001ac4    00000028     dac_dds.o (.text.DL_DMA_setSrcAddr)
                  00001aec    00000028     ti_msp_dl_config.o (.text.DL_Timer_enableEvent)
                  00001b14    00000028     oled.o (.text.I2C_Stop)
                  00001b3c    00000028     oled.o (.text.I2C_WaitAck)
                  00001b64    00000028     ti_msp_dl_config.o (.text.SYSCFG_DL_init)
                  00001b8c    00000028     libclang_rt.builtins.a : floatunsisf.S.obj (.text.__floatunsisf)
                  00001bb4    00000028     libc.a : boot_cortex_m.c.obj (.text:_c_int00_noargs)
                  00001bdc    00000026     dac_dds.o (.text.DL_DMA_disableChannel)
                  00001c02    00000026     dac_dds.o (.text.DL_DMA_enableChannel)
                  00001c28    00000024     oled.o (.text.delay_ms)
                  00001c4c    00000020     ti_msp_dl_config.o (.text.DL_SYSCTL_setFlashWaitState)
                  00001c6c    00000020     ti_msp_dl_config.o (.text.DL_SYSCTL_setMFPCLKSource)
                  00001c8c    0000001c     ti_msp_dl_config.o (.text.DL_DAC12_enableInterrupt)
                  00001ca8    0000001c     ti_msp_dl_config.o (.text.DL_GPIO_initDigitalInput)
                  00001cc4    0000001c     ti_msp_dl_config.o (.text.DL_SYSCTL_setSYSOSCFreq)
                  00001ce0    0000001c     ti_msp_dl_config.o (.text.DL_SYSCTL_setULPCLKDivider)
                  00001cfc    0000001c     driverlib.a : dl_timer.o (.text.DL_Timer_setClockConfig)
                  00001d18    00000018     ti_msp_dl_config.o (.text.DL_DAC12_enablePower)
                  00001d30    00000018     ti_msp_dl_config.o (.text.DL_DAC12_reset)
                  00001d48    00000018     ti_msp_dl_config.o (.text.DL_GPIO_enableOutput)
                  00001d60    00000018     ti_msp_dl_config.o (.text.DL_GPIO_enablePower)
                  00001d78    00000018     ti_msp_dl_config.o (.text.DL_GPIO_initDigitalOutput)
                  00001d90    00000018     ti_msp_dl_config.o (.text.DL_GPIO_reset)
                  00001da8    00000018     oled.o (.text.DL_GPIO_setPins)
                  00001dc0    00000018     ti_msp_dl_config.o (.text.DL_SYSCTL_setBORThreshold)
                  00001dd8    00000018     ti_msp_dl_config.o (.text.DL_Timer_enablePower)
                  00001df0    00000018     ti_msp_dl_config.o (.text.DL_Timer_reset)
                  00001e08    00000018     dac_dds.o (.text.DL_Timer_setLoadValue)
                  00001e20    00000018     main.o (.text.DL_Timer_startCounter)
                  00001e38    00000018     ti_msp_dl_config.o (.text.SYSCFG_DL_DMA_CH0_init)
                  00001e50    00000016     ti_msp_dl_config.o (.text.DL_DAC12_enable)
                  00001e66    00000016     Key.o (.text.DL_GPIO_readPins)
                  00001e7c    00000016     libc.a : copy_zero_init.c.obj (.text:decompress:ZI:__TI_zero_init_nomemset)
                  00001e92    00000014     oled.o (.text.DL_GPIO_clearPins)
                  00001ea6    00000014     ti_msp_dl_config.o (.text.DL_GPIO_clearPins)
                  00001eba    00000002     --HOLE-- [fill = 0]
                  00001ebc    00000014     ti_msp_dl_config.o (.text.DL_SYSCTL_disableSYSPLL)
                  00001ed0    00000014     ti_msp_dl_config.o (.text.DL_SYSCTL_enableMFCLK)
                  00001ee4    00000014     ti_msp_dl_config.o (.text.DL_Timer_enableClock)
                  00001ef8    00000014     Key.o (.text.para_init)
                  00001f0c    00000012     libc.a : memcpy16.S.obj (.text:TI_memcpy_small)
                  00001f1e    00000012            : copy_decompress_none.c.obj (.text:decompress:none)
                  00001f30    00000010     ti_msp_dl_config.o (.text.DL_SYSCTL_disableHFXT)
                  00001f40    00000010     ti_msp_dl_config.o (.text.DL_SYSCTL_enableMFPCLK)
                  00001f50    00000010     main.o (.text.DL_SYSCTL_enableSleepOnExit)
                  00001f60    0000000a     driverlib.a : dl_common.o (.text.DL_Common_delayCycles)
                  00001f6a    00000008     ti_msp_dl_config.o (.text.SYSCFG_DL_DMA_init)
                  00001f72    00000002     --HOLE-- [fill = 0]
                  00001f74    00000008     libclang_rt.builtins.a : aeabi_memcpy.S.obj (.text.__aeabi_memcpy)
                  00001f7c    00000004     startup_mspm0g350x_ticlang.o (.text.Default_Handler)
                  00001f80    00000004     startup_mspm0g350x_ticlang.o (.text.Reset_Handler)
                  00001f84    00000004     libc.a : pre_init.c.obj (.text._system_pre_init)
                  00001f88    00000004            : exit.c.obj (.text:abort)
                  00001f8c    00000004     --HOLE-- [fill = 0]

.cinit     0    00002a30    00000038     
                  00002a30    00000010     (.cinit..data.load) [load image, compression = lzss]
                  00002a40    0000000c     (__TI_handler_table)
                  00002a4c    00000008     (.cinit..bss.load) [load image, compression = zero_init]
                  00002a54    00000010     (__TI_cinit_table)
                  00002a64    00000004     --HOLE-- [fill = 0]

.rodata    0    00001f90    00000aa0     
                  00001f90    000005f0     oled.o (.rodata.asc2_1608)
                  00002580    00000228     oled.o (.rodata.asc2_0806)
                  000027a8    00000080     dac_dds.o (.rodata.gOutputSignalSan64)
                  00002828    00000080     dac_dds.o (.rodata.gOutputSignalSaw64)
                  000028a8    00000080     dac_dds.o (.rodata.gOutputSignalSine64)
                  00002928    00000080     dac_dds.o (.rodata.gOutputSignalSquare64)
                  000029a8    00000028     ti_msp_dl_config.o (.rodata.gSYSPLLConfig)
                  000029d0    00000020     ti_msp_dl_config.o (.rodata.gDAC12Config)
                  000029f0    00000018     ti_msp_dl_config.o (.rodata.gDMA_CH0Config)
                  00002a08    00000014     ti_msp_dl_config.o (.rodata.gTIMER_0TimerConfig)
                  00002a1c    00000006     Key.o (.rodata.str1.88197572960601424031)
                  00002a22    00000006     Key.o (.rodata.str1.9104675726601278381)
                  00002a28    00000003     ti_msp_dl_config.o (.rodata.gTIMER_0ClockConfig)
                  00002a2b    00000003     Key.o (.rodata.str1.90109970983182571261)
                  00002a2e    00000002     --HOLE-- [fill = 0]

.init_array 
*          0    00000000    00000000     UNINITIALIZED

.binit     0    00000000    00000000     

.bss       0    20200000    000000df     UNINITIALIZED
                  20200000    000000bc     (.common:gTIMER_0Backup)
                  202000bc    00000004     (.common:freq_san)
                  202000c0    00000004     (.common:freq_saw)
                  202000c4    00000004     (.common:freq_sin)
                  202000c8    00000004     (.common:freq_square)
                  202000cc    00000004     (.common:freq_wave_old)
                  202000d0    00000004     (.common:i)
                  202000d4    00000004     (.common:ui_flag_pre)
                  202000d8    00000004     (.common:ui_temp)
                  202000dc    00000002     (.common:load_value)
                  202000de    00000001     (.common:freq_change)

.data      0    202000e0    00000017     UNINITIALIZED
                  202000e0    00000004     Key.o (.data.count)
                  202000e4    00000004     dac_dds.o (.data.freq_wave)
                  202000e8    00000004     Key.o (.data.ui_flag)
                  202000ec    00000002     Key.o (.data.para1)
                  202000ee    00000002     Key.o (.data.para2)
                  202000f0    00000001     Key.o (.data.change_flag)
                  202000f1    00000001     Key.o (.data.key_flag1)
                  202000f2    00000001     Key.o (.data.key_flag2)
                  202000f3    00000001     Key.o (.data.key_flag3)
                  202000f4    00000001     Key.o (.data.key_flag4)
                  202000f5    00000001     dac_dds.o (.data.wave_mode)
                  202000f6    00000001     dac_dds.o (.data.wave_mode_old)

.stack     0    20207e00    00000200     UNINITIALIZED
                  20207e00    00000004     libc.a : boot_cortex_m.c.obj (.stack)
                  20207e04    000001fc     --HOLE--

__llvm_prf_cnts 
*          0    20200000    00000000     UNINITIALIZED

__llvm_prf_bits 
*          0    20200000    00000000     UNINITIALIZED

MODULE SUMMARY

       Module                         code   ro data   rw data
       ------                         ----   -------   -------
    .\
       ti_msp_dl_config.o             1218   119       188    
       startup_mspm0g350x_ticlang.o   8      192       0      
       main.o                         92     0         0      
    +--+------------------------------+------+---------+---------+
       Total:                         1318   311       188    
                                                              
    .\Key\
       Key.o                          1066   15        29     
    +--+------------------------------+------+---------+---------+
       Total:                         1066   15        29     
                                                              
    .\OLED\
       oled.o                         1756   2072      0      
    +--+------------------------------+------+---------+---------+
       Total:                         1756   2072      0      
                                                              
    .\dac_dds\
       dac_dds.o                      1004   512       29     
    +--+------------------------------+------+---------+---------+
       Total:                         1004   512       29     
                                                              
    C:/ti/mspm0_sdk_2_01_00_03/source/ti/driverlib/lib/ticlang/m0p/mspm0g1x0x_g3x0x/driverlib.a
       dl_sysctl_mspm0g1x0x_g3x0x.o   288    0         0      
       dl_timer.o                     260    0         0      
       dl_dac12.o                     136    0         0      
       dl_dma.o                       76     0         0      
       dl_common.o                    10     0         0      
    +--+------------------------------+------+---------+---------+
       Total:                         770    0         0      
                                                              
    C:\ti\ccs1260\ccs\tools\compiler\ti-cgt-armllvm_3.2.2.LTS\lib\armv6m-ti-none-eabi/c/libc.a
       copy_decompress_lzss.c.obj     120    0         0      
       autoinit.c.obj                 60     0         0      
       boot_cortex_m.c.obj            40     0         0      
       copy_zero_init.c.obj           22     0         0      
       copy_decompress_none.c.obj     18     0         0      
       memcpy16.S.obj                 18     0         0      
       exit.c.obj                     4      0         0      
       pre_init.c.obj                 4      0         0      
    +--+------------------------------+------+---------+---------+
       Total:                         286    0         0      
                                                              
    C:\ti\ccs1260\ccs\tools\compiler\ti-cgt-armllvm_3.2.2.LTS\lib\clang/15.0.7/lib/armv6m-ti-none-eabi/libclang_rt.builtins.a
       adddf3.S.obj                   402    0         0      
       divdf3.S.obj                   268    0         0      
       addsf3.S.obj                   216    0         0      
       mulsf3.S.obj                   140    0         0      
       comparesf2.S.obj               118    0         0      
       aeabi_fcmp.S.obj               98     0         0      
       fixdfsi.S.obj                  74     0         0      
       aeabi_uidivmod.S.obj           64     0         0      
       extendsfdf2.S.obj              64     0         0      
       floatsisf.S.obj                60     0         0      
       muldsi3.S.obj                  58     0         0      
       fixsfsi.S.obj                  56     0         0      
       floatunsisf.S.obj              40     0         0      
       aeabi_memcpy.S.obj             8      0         0      
       aeabi_div0.c.obj               2      0         0      
    +--+------------------------------+------+---------+---------+
       Total:                         1668   0         0      
                                                              
       Stack:                         0      0         512    
       Linker Generated:              0      52        0      
    +--+------------------------------+------+---------+---------+
       Grand Total:                   7868   2962      758    


LINKER GENERATED COPY TABLES

__TI_cinit_table @ 00002a54 records: 2, size/record: 8, table size: 16
	.data: load addr=00002a30, load size=00000010 bytes, run addr=202000e0, run size=00000017 bytes, compression=lzss
	.bss: load addr=00002a4c, load size=00000008 bytes, run addr=20200000, run size=000000df bytes, compression=zero_init


LINKER GENERATED HANDLER TABLE

__TI_handler_table @ 00002a40 records: 3, size/record: 4, table size: 12
	index: 0, handler: __TI_decompress_lzss
	index: 1, handler: __TI_decompress_none
	index: 2, handler: __TI_zero_init


GLOBAL SYMBOLS: SORTED ALPHABETICALLY BY Name 

address   name                                 
-------   ----                                 
00001f7d  ADC0_IRQHandler                      
00001f7d  ADC1_IRQHandler                      
00001f7d  AES_IRQHandler                       
00001f88  C$$EXIT                              
00001f7d  CANFD0_IRQHandler                    
00001f7d  DAC0_IRQHandler                      
00001f61  DL_Common_delayCycles                
00001091  DL_DAC12_init                        
00001449  DL_DMA_initChannel                   
00000e51  DL_SYSCTL_configSYSPLL               
0000152d  DL_SYSCTL_switchMCLKfromSYSOSCtoHSCLK
00000d69  DL_Timer_initTimerMode               
00001cfd  DL_Timer_setClockConfig              
00001f7d  DMA_IRQHandler                       
00001f7d  Default_Handler                      
00001f7d  GROUP0_IRQHandler                    
00001f7d  GROUP1_IRQHandler                    
00001f7d  HardFault_Handler                    
00001f7d  I2C0_IRQHandler                      
00001f7d  I2C1_IRQHandler                      
000019ad  I2C_Start                            
00001b15  I2C_Stop                             
00001b3d  I2C_WaitAck                          
00001f7d  NMI_Handler                          
00001275  OLED_Clear                           
00000995  OLED_Init                            
00001735  OLED_Set_Pos                         
00000771  OLED_ShowChar                        
00000b87  OLED_ShowNum                         
00001205  OLED_ShowString                      
000013f9  OLED_WR_Byte                         
00000a8f  OLED_decimal                         
00001f7d  PendSV_Handler                       
00001f7d  RTC_IRQHandler                       
00001f81  Reset_Handler                        
00001f7d  SPI0_IRQHandler                      
00001f7d  SPI1_IRQHandler                      
00001f7d  SVC_Handler                          
000018d5  SYSCFG_DL_DAC12_init                 
00001e39  SYSCFG_DL_DMA_CH0_init               
00001f6b  SYSCFG_DL_DMA_init                   
00001345  SYSCFG_DL_GPIO_init                  
00001495  SYSCFG_DL_SYSCTL_init                
00001571  SYSCFG_DL_TIMER_0_init               
00001b65  SYSCFG_DL_init                       
000013a1  SYSCFG_DL_initPower                  
00001191  Send_Byte                            
00001f7d  SysTick_Handler                      
00001f7d  TIMA0_IRQHandler                     
00001f7d  TIMA1_IRQHandler                     
00001f7d  TIMG0_IRQHandler                     
00001f7d  TIMG12_IRQHandler                    
00001f7d  TIMG6_IRQHandler                     
00001f7d  TIMG7_IRQHandler                     
00001f7d  TIMG8_IRQHandler                     
00001f0d  TI_memcpy_small                      
00001f7d  UART0_IRQHandler                     
00001f7d  UART1_IRQHandler                     
00001f7d  UART2_IRQHandler                     
00001f7d  UART3_IRQHandler                     
20208000  __STACK_END                          
00000200  __STACK_SIZE                         
00000000  __TI_ATRegion0_region_sz             
00000000  __TI_ATRegion0_src_addr              
00000000  __TI_ATRegion0_trg_addr              
00000000  __TI_ATRegion1_region_sz             
00000000  __TI_ATRegion1_src_addr              
00000000  __TI_ATRegion1_trg_addr              
00000000  __TI_ATRegion2_region_sz             
00000000  __TI_ATRegion2_src_addr              
00000000  __TI_ATRegion2_trg_addr              
00002a54  __TI_CINIT_Base                      
00002a64  __TI_CINIT_Limit                     
00002a64  __TI_CINIT_Warm                      
00002a40  __TI_Handler_Table_Base              
00002a4c  __TI_Handler_Table_Limit             
000017e9  __TI_auto_init_nobinit_nopinit       
00001119  __TI_decompress_lzss                 
00001f1f  __TI_decompress_none                 
ffffffff  __TI_pprof_out_hndl                  
ffffffff  __TI_prof_data_size                  
ffffffff  __TI_prof_data_start                 
00000000  __TI_static_base__                   
00001e7d  __TI_zero_init_nomemset              
000005e7  __adddf3                             
00000f37  __addsf3                             
000014e1  __aeabi_d2iz                         
000005e7  __aeabi_dadd                         
00000889  __aeabi_ddiv                         
000005dd  __aeabi_dsub                         
000015f5  __aeabi_f2d                          
0000190d  __aeabi_f2iz                         
00000f37  __aeabi_fadd                         
000012e1  __aeabi_fcmpeq                       
0000131d  __aeabi_fcmpge                       
00001331  __aeabi_fcmpgt                       
00001309  __aeabi_fcmple                       
000012f5  __aeabi_fcmplt                       
00001005  __aeabi_fmul                         
00000f2d  __aeabi_fsub                         
00001771  __aeabi_i2f                          
0000076f  __aeabi_idiv0                        
00001f75  __aeabi_memcpy                       
00001f75  __aeabi_memcpy4                      
00001f75  __aeabi_memcpy8                      
00001b8d  __aeabi_ui2f                         
000015b5  __aeabi_uidiv                        
000015b5  __aeabi_uidivmod                     
ffffffff  __binit__                            
00001825  __cmpsf2                             
00000889  __divdf3                             
00001825  __eqsf2                              
000015f5  __extendsfdf2                        
000014e1  __fixdfsi                            
0000190d  __fixsfsi                            
00001771  __floatsisf                          
00001b8d  __floatunsisf                        
000017ad  __gesf2                              
000017ad  __gtsf2                              
00001825  __lesf2                              
00001825  __ltsf2                              
UNDEFED   __mpu_init                           
00001861  __muldsi3                            
00001005  __mulsf3                             
00001825  __nesf2                              
20207e00  __stack                              
20200000  __start___llvm_prf_bits              
20200000  __start___llvm_prf_cnts              
20200000  __stop___llvm_prf_bits               
20200000  __stop___llvm_prf_cnts               
000005dd  __subdf3                             
00000f2d  __subsf3                             
00001bb5  _c_int00_noargs                      
UNDEFED   _system_post_cinit                   
00001f85  _system_pre_init                     
00001f89  abort                                
00002580  asc2_0806                            
00001f90  asc2_1608                            
ffffffff  binit                                
202000f0  change_flag                          
202000e0  count                                
00001c29  delay_ms                             
00001635  dma_san_init                         
00001675  dma_saw_init                         
000016b5  dma_sine_init                        
000016f5  dma_square_init                      
000003d5  dma_wave                             
202000de  freq_change                          
202000bc  freq_san                             
202000c0  freq_saw                             
202000c4  freq_sin                             
202000c8  freq_square                          
202000e4  freq_wave                            
202000cc  freq_wave_old                        
000027a8  gOutputSignalSan64                   
00002828  gOutputSignalSaw64                   
000028a8  gOutputSignalSine64                  
00002928  gOutputSignalSquare64                
20200000  gTIMER_0Backup                       
202000d0  i                                    
00000000  interruptVectors                     
202000f1  key_flag1                            
202000f2  key_flag2                            
202000f3  key_flag3                            
202000f4  key_flag4                            
000000c1  key_read                             
202000dc  load_value                           
000019e1  main                                 
00001a45  oled_pow                             
00000c7d  oled_show                            
202000ec  para1                                
202000ee  para2                                
00001ef9  para_init                            
202000e8  ui_flag                              
202000d4  ui_flag_pre                          
202000d8  ui_temp                              
202000f5  wave_mode                            
202000f6  wave_mode_old                        


GLOBAL SYMBOLS: SORTED BY Symbol Address 

address   name                                 
-------   ----                                 
00000000  __TI_ATRegion0_region_sz             
00000000  __TI_ATRegion0_src_addr              
00000000  __TI_ATRegion0_trg_addr              
00000000  __TI_ATRegion1_region_sz             
00000000  __TI_ATRegion1_src_addr              
00000000  __TI_ATRegion1_trg_addr              
00000000  __TI_ATRegion2_region_sz             
00000000  __TI_ATRegion2_src_addr              
00000000  __TI_ATRegion2_trg_addr              
00000000  __TI_static_base__                   
00000000  interruptVectors                     
000000c1  key_read                             
00000200  __STACK_SIZE                         
000003d5  dma_wave                             
000005dd  __aeabi_dsub                         
000005dd  __subdf3                             
000005e7  __adddf3                             
000005e7  __aeabi_dadd                         
0000076f  __aeabi_idiv0                        
00000771  OLED_ShowChar                        
00000889  __aeabi_ddiv                         
00000889  __divdf3                             
00000995  OLED_Init                            
00000a8f  OLED_decimal                         
00000b87  OLED_ShowNum                         
00000c7d  oled_show                            
00000d69  DL_Timer_initTimerMode               
00000e51  DL_SYSCTL_configSYSPLL               
00000f2d  __aeabi_fsub                         
00000f2d  __subsf3                             
00000f37  __addsf3                             
00000f37  __aeabi_fadd                         
00001005  __aeabi_fmul                         
00001005  __mulsf3                             
00001091  DL_DAC12_init                        
00001119  __TI_decompress_lzss                 
00001191  Send_Byte                            
00001205  OLED_ShowString                      
00001275  OLED_Clear                           
000012e1  __aeabi_fcmpeq                       
000012f5  __aeabi_fcmplt                       
00001309  __aeabi_fcmple                       
0000131d  __aeabi_fcmpge                       
00001331  __aeabi_fcmpgt                       
00001345  SYSCFG_DL_GPIO_init                  
000013a1  SYSCFG_DL_initPower                  
000013f9  OLED_WR_Byte                         
00001449  DL_DMA_initChannel                   
00001495  SYSCFG_DL_SYSCTL_init                
000014e1  __aeabi_d2iz                         
000014e1  __fixdfsi                            
0000152d  DL_SYSCTL_switchMCLKfromSYSOSCtoHSCLK
00001571  SYSCFG_DL_TIMER_0_init               
000015b5  __aeabi_uidiv                        
000015b5  __aeabi_uidivmod                     
000015f5  __aeabi_f2d                          
000015f5  __extendsfdf2                        
00001635  dma_san_init                         
00001675  dma_saw_init                         
000016b5  dma_sine_init                        
000016f5  dma_square_init                      
00001735  OLED_Set_Pos                         
00001771  __aeabi_i2f                          
00001771  __floatsisf                          
000017ad  __gesf2                              
000017ad  __gtsf2                              
000017e9  __TI_auto_init_nobinit_nopinit       
00001825  __cmpsf2                             
00001825  __eqsf2                              
00001825  __lesf2                              
00001825  __ltsf2                              
00001825  __nesf2                              
00001861  __muldsi3                            
000018d5  SYSCFG_DL_DAC12_init                 
0000190d  __aeabi_f2iz                         
0000190d  __fixsfsi                            
000019ad  I2C_Start                            
000019e1  main                                 
00001a45  oled_pow                             
00001b15  I2C_Stop                             
00001b3d  I2C_WaitAck                          
00001b65  SYSCFG_DL_init                       
00001b8d  __aeabi_ui2f                         
00001b8d  __floatunsisf                        
00001bb5  _c_int00_noargs                      
00001c29  delay_ms                             
00001cfd  DL_Timer_setClockConfig              
00001e39  SYSCFG_DL_DMA_CH0_init               
00001e7d  __TI_zero_init_nomemset              
00001ef9  para_init                            
00001f0d  TI_memcpy_small                      
00001f1f  __TI_decompress_none                 
00001f61  DL_Common_delayCycles                
00001f6b  SYSCFG_DL_DMA_init                   
00001f75  __aeabi_memcpy                       
00001f75  __aeabi_memcpy4                      
00001f75  __aeabi_memcpy8                      
00001f7d  ADC0_IRQHandler                      
00001f7d  ADC1_IRQHandler                      
00001f7d  AES_IRQHandler                       
00001f7d  CANFD0_IRQHandler                    
00001f7d  DAC0_IRQHandler                      
00001f7d  DMA_IRQHandler                       
00001f7d  Default_Handler                      
00001f7d  GROUP0_IRQHandler                    
00001f7d  GROUP1_IRQHandler                    
00001f7d  HardFault_Handler                    
00001f7d  I2C0_IRQHandler                      
00001f7d  I2C1_IRQHandler                      
00001f7d  NMI_Handler                          
00001f7d  PendSV_Handler                       
00001f7d  RTC_IRQHandler                       
00001f7d  SPI0_IRQHandler                      
00001f7d  SPI1_IRQHandler                      
00001f7d  SVC_Handler                          
00001f7d  SysTick_Handler                      
00001f7d  TIMA0_IRQHandler                     
00001f7d  TIMA1_IRQHandler                     
00001f7d  TIMG0_IRQHandler                     
00001f7d  TIMG12_IRQHandler                    
00001f7d  TIMG6_IRQHandler                     
00001f7d  TIMG7_IRQHandler                     
00001f7d  TIMG8_IRQHandler                     
00001f7d  UART0_IRQHandler                     
00001f7d  UART1_IRQHandler                     
00001f7d  UART2_IRQHandler                     
00001f7d  UART3_IRQHandler                     
00001f81  Reset_Handler                        
00001f85  _system_pre_init                     
00001f88  C$$EXIT                              
00001f89  abort                                
00001f90  asc2_1608                            
00002580  asc2_0806                            
000027a8  gOutputSignalSan64                   
00002828  gOutputSignalSaw64                   
000028a8  gOutputSignalSine64                  
00002928  gOutputSignalSquare64                
00002a40  __TI_Handler_Table_Base              
00002a4c  __TI_Handler_Table_Limit             
00002a54  __TI_CINIT_Base                      
00002a64  __TI_CINIT_Limit                     
00002a64  __TI_CINIT_Warm                      
20200000  __start___llvm_prf_bits              
20200000  __start___llvm_prf_cnts              
20200000  __stop___llvm_prf_bits               
20200000  __stop___llvm_prf_cnts               
20200000  gTIMER_0Backup                       
202000bc  freq_san                             
202000c0  freq_saw                             
202000c4  freq_sin                             
202000c8  freq_square                          
202000cc  freq_wave_old                        
202000d0  i                                    
202000d4  ui_flag_pre                          
202000d8  ui_temp                              
202000dc  load_value                           
202000de  freq_change                          
202000e0  count                                
202000e4  freq_wave                            
202000e8  ui_flag                              
202000ec  para1                                
202000ee  para2                                
202000f0  change_flag                          
202000f1  key_flag1                            
202000f2  key_flag2                            
202000f3  key_flag3                            
202000f4  key_flag4                            
202000f5  wave_mode                            
202000f6  wave_mode_old                        
20207e00  __stack                              
20208000  __STACK_END                          
ffffffff  __TI_pprof_out_hndl                  
ffffffff  __TI_prof_data_size                  
ffffffff  __TI_prof_data_start                 
ffffffff  __binit__                            
ffffffff  binit                                
UNDEFED   __mpu_init                           
UNDEFED   _system_post_cinit                   

[178 symbols]
