<?xml version="1.0" encoding="ISO-8859-1" ?>
<link_info>
   <banner>TI ARM Clang Linker PC v3.2.2.LTS</banner>
   <copyright>Copyright (c) 1996-2018 Texas Instruments Incorporated</copyright>
   <link_time>0x66cd1dc8</link_time>
   <link_errors>0x0</link_errors>
   <output_file>C:\Users\observer\Desktop\mspm0g3507\01-workspace\6_ui_dds\Debug\6_ui_dds.out</output_file>
   <entry_point>
      <name>_c_int00_noargs</name>
      <address>0x1bb5</address>
   </entry_point>
   <input_file_list>
      <input_file id="fl-1">
         <path>C:\Users\observer\Desktop\mspm0g3507\01-workspace\6_ui_dds\Debug\.\</path>
         <kind>object</kind>
         <file>main.o</file>
         <name>main.o</name>
      </input_file>
      <input_file id="fl-2">
         <path>C:\Users\observer\Desktop\mspm0g3507\01-workspace\6_ui_dds\Debug\.\</path>
         <kind>object</kind>
         <file>ti_msp_dl_config.o</file>
         <name>ti_msp_dl_config.o</name>
      </input_file>
      <input_file id="fl-3">
         <path>C:\Users\observer\Desktop\mspm0g3507\01-workspace\6_ui_dds\Debug\.\</path>
         <kind>object</kind>
         <file>startup_mspm0g350x_ticlang.o</file>
         <name>startup_mspm0g350x_ticlang.o</name>
      </input_file>
      <input_file id="fl-4">
         <path>C:\Users\observer\Desktop\mspm0g3507\01-workspace\6_ui_dds\Debug\.\Key\</path>
         <kind>object</kind>
         <file>Key.o</file>
         <name>Key.o</name>
      </input_file>
      <input_file id="fl-5">
         <path>C:\Users\observer\Desktop\mspm0g3507\01-workspace\6_ui_dds\Debug\.\OLED\</path>
         <kind>object</kind>
         <file>oled.o</file>
         <name>oled.o</name>
      </input_file>
      <input_file id="fl-6">
         <path>C:\Users\observer\Desktop\mspm0g3507\01-workspace\6_ui_dds\Debug\.\dac_dds\</path>
         <kind>object</kind>
         <file>dac_dds.o</file>
         <name>dac_dds.o</name>
      </input_file>
      <input_file id="fl-13">
         <path>C:\Users\observer\Desktop\mspm0g3507\01-workspace\6_ui_dds\Debug\</path>
         <kind>object</kind>
         <file>&lt;internal&gt;</file>
         <name>&lt;internal&gt;</name>
      </input_file>
      <input_file id="fl-14">
         <path>C:\ti\mspm0_sdk_2_01_00_03\source\ti\driverlib\lib\ticlang\m0p\mspm0g1x0x_g3x0x\</path>
         <kind>archive</kind>
         <file>driverlib.a</file>
         <name>dl_common.o</name>
      </input_file>
      <input_file id="fl-15">
         <path>C:\ti\mspm0_sdk_2_01_00_03\source\ti\driverlib\lib\ticlang\m0p\mspm0g1x0x_g3x0x\</path>
         <kind>archive</kind>
         <file>driverlib.a</file>
         <name>dl_dac12.o</name>
      </input_file>
      <input_file id="fl-16">
         <path>C:\ti\mspm0_sdk_2_01_00_03\source\ti\driverlib\lib\ticlang\m0p\mspm0g1x0x_g3x0x\</path>
         <kind>archive</kind>
         <file>driverlib.a</file>
         <name>dl_dma.o</name>
      </input_file>
      <input_file id="fl-17">
         <path>C:\ti\mspm0_sdk_2_01_00_03\source\ti\driverlib\lib\ticlang\m0p\mspm0g1x0x_g3x0x\</path>
         <kind>archive</kind>
         <file>driverlib.a</file>
         <name>dl_timer.o</name>
      </input_file>
      <input_file id="fl-18">
         <path>C:\ti\mspm0_sdk_2_01_00_03\source\ti\driverlib\lib\ticlang\m0p\mspm0g1x0x_g3x0x\</path>
         <kind>archive</kind>
         <file>driverlib.a</file>
         <name>dl_sysctl_mspm0g1x0x_g3x0x.o</name>
      </input_file>
      <input_file id="fl-27">
         <path>C:\ti\ccs1260\ccs\tools\compiler\ti-cgt-armllvm_3.2.2.LTS\lib\armv6m-ti-none-eabi\c\</path>
         <kind>archive</kind>
         <file>libc.a</file>
         <name>boot_cortex_m.c.obj</name>
      </input_file>
      <input_file id="fl-28">
         <path>C:\ti\ccs1260\ccs\tools\compiler\ti-cgt-armllvm_3.2.2.LTS\lib\armv6m-ti-none-eabi\c\</path>
         <kind>archive</kind>
         <file>libc.a</file>
         <name>mathacl_init.c.obj</name>
      </input_file>
      <input_file id="fl-29">
         <path>C:\ti\ccs1260\ccs\tools\compiler\ti-cgt-armllvm_3.2.2.LTS\lib\armv6m-ti-none-eabi\c\</path>
         <kind>archive</kind>
         <file>libc.a</file>
         <name>autoinit.c.obj</name>
      </input_file>
      <input_file id="fl-2a">
         <path>C:\ti\ccs1260\ccs\tools\compiler\ti-cgt-armllvm_3.2.2.LTS\lib\armv6m-ti-none-eabi\c\</path>
         <kind>archive</kind>
         <file>libc.a</file>
         <name>pre_init.c.obj</name>
      </input_file>
      <input_file id="fl-2b">
         <path>C:\ti\ccs1260\ccs\tools\compiler\ti-cgt-armllvm_3.2.2.LTS\lib\armv6m-ti-none-eabi\c\</path>
         <kind>archive</kind>
         <file>libc.a</file>
         <name>cpy_tbl.c.obj</name>
      </input_file>
      <input_file id="fl-2c">
         <path>C:\ti\ccs1260\ccs\tools\compiler\ti-cgt-armllvm_3.2.2.LTS\lib\armv6m-ti-none-eabi\c\</path>
         <kind>archive</kind>
         <file>libc.a</file>
         <name>copy_zero_init.c.obj</name>
      </input_file>
      <input_file id="fl-2d">
         <path>C:\ti\ccs1260\ccs\tools\compiler\ti-cgt-armllvm_3.2.2.LTS\lib\armv6m-ti-none-eabi\c\</path>
         <kind>archive</kind>
         <file>libc.a</file>
         <name>copy_decompress_none.c.obj</name>
      </input_file>
      <input_file id="fl-2e">
         <path>C:\ti\ccs1260\ccs\tools\compiler\ti-cgt-armllvm_3.2.2.LTS\lib\armv6m-ti-none-eabi\c\</path>
         <kind>archive</kind>
         <file>libc.a</file>
         <name>copy_decompress_lzss.c.obj</name>
      </input_file>
      <input_file id="fl-2f">
         <path>C:\ti\ccs1260\ccs\tools\compiler\ti-cgt-armllvm_3.2.2.LTS\lib\armv6m-ti-none-eabi\c\</path>
         <kind>archive</kind>
         <file>libc.a</file>
         <name>exit.c.obj</name>
      </input_file>
      <input_file id="fl-30">
         <path>C:\ti\ccs1260\ccs\tools\compiler\ti-cgt-armllvm_3.2.2.LTS\lib\armv6m-ti-none-eabi\c\</path>
         <kind>archive</kind>
         <file>libc.a</file>
         <name>_lock.c.obj</name>
      </input_file>
      <input_file id="fl-31">
         <path>C:\ti\ccs1260\ccs\tools\compiler\ti-cgt-armllvm_3.2.2.LTS\lib\armv6m-ti-none-eabi\c\</path>
         <kind>archive</kind>
         <file>libc.a</file>
         <name>args_main.c.obj</name>
      </input_file>
      <input_file id="fl-97">
         <path>C:\ti\ccs1260\ccs\tools\compiler\ti-cgt-armllvm_3.2.2.LTS\lib\clang\15.0.7\lib\armv6m-ti-none-eabi\</path>
         <kind>archive</kind>
         <file>libclang_rt.builtins.a</file>
         <name>addsf3.S.obj</name>
      </input_file>
      <input_file id="fl-98">
         <path>C:\ti\ccs1260\ccs\tools\compiler\ti-cgt-armllvm_3.2.2.LTS\lib\clang\15.0.7\lib\armv6m-ti-none-eabi\</path>
         <kind>archive</kind>
         <file>libclang_rt.builtins.a</file>
         <name>adddf3.S.obj</name>
      </input_file>
      <input_file id="fl-99">
         <path>C:\ti\ccs1260\ccs\tools\compiler\ti-cgt-armllvm_3.2.2.LTS\lib\clang\15.0.7\lib\armv6m-ti-none-eabi\</path>
         <kind>archive</kind>
         <file>libclang_rt.builtins.a</file>
         <name>mulsf3.S.obj</name>
      </input_file>
      <input_file id="fl-9a">
         <path>C:\ti\ccs1260\ccs\tools\compiler\ti-cgt-armllvm_3.2.2.LTS\lib\clang\15.0.7\lib\armv6m-ti-none-eabi\</path>
         <kind>archive</kind>
         <file>libclang_rt.builtins.a</file>
         <name>divdf3.S.obj</name>
      </input_file>
      <input_file id="fl-9b">
         <path>C:\ti\ccs1260\ccs\tools\compiler\ti-cgt-armllvm_3.2.2.LTS\lib\clang\15.0.7\lib\armv6m-ti-none-eabi\</path>
         <kind>archive</kind>
         <file>libclang_rt.builtins.a</file>
         <name>extendsfdf2.S.obj</name>
      </input_file>
      <input_file id="fl-9c">
         <path>C:\ti\ccs1260\ccs\tools\compiler\ti-cgt-armllvm_3.2.2.LTS\lib\clang\15.0.7\lib\armv6m-ti-none-eabi\</path>
         <kind>archive</kind>
         <file>libclang_rt.builtins.a</file>
         <name>fixdfsi.S.obj</name>
      </input_file>
      <input_file id="fl-9d">
         <path>C:\ti\ccs1260\ccs\tools\compiler\ti-cgt-armllvm_3.2.2.LTS\lib\clang\15.0.7\lib\armv6m-ti-none-eabi\</path>
         <kind>archive</kind>
         <file>libclang_rt.builtins.a</file>
         <name>fixsfsi.S.obj</name>
      </input_file>
      <input_file id="fl-9e">
         <path>C:\ti\ccs1260\ccs\tools\compiler\ti-cgt-armllvm_3.2.2.LTS\lib\clang\15.0.7\lib\armv6m-ti-none-eabi\</path>
         <kind>archive</kind>
         <file>libclang_rt.builtins.a</file>
         <name>floatsisf.S.obj</name>
      </input_file>
      <input_file id="fl-9f">
         <path>C:\ti\ccs1260\ccs\tools\compiler\ti-cgt-armllvm_3.2.2.LTS\lib\clang\15.0.7\lib\armv6m-ti-none-eabi\</path>
         <kind>archive</kind>
         <file>libclang_rt.builtins.a</file>
         <name>floatunsisf.S.obj</name>
      </input_file>
      <input_file id="fl-a0">
         <path>C:\ti\ccs1260\ccs\tools\compiler\ti-cgt-armllvm_3.2.2.LTS\lib\clang\15.0.7\lib\armv6m-ti-none-eabi\</path>
         <kind>archive</kind>
         <file>libclang_rt.builtins.a</file>
         <name>aeabi_fcmp.S.obj</name>
      </input_file>
      <input_file id="fl-a1">
         <path>C:\ti\ccs1260\ccs\tools\compiler\ti-cgt-armllvm_3.2.2.LTS\lib\clang\15.0.7\lib\armv6m-ti-none-eabi\</path>
         <kind>archive</kind>
         <file>libclang_rt.builtins.a</file>
         <name>aeabi_memcpy.S.obj</name>
      </input_file>
      <input_file id="fl-a2">
         <path>C:\ti\ccs1260\ccs\tools\compiler\ti-cgt-armllvm_3.2.2.LTS\lib\clang\15.0.7\lib\armv6m-ti-none-eabi\</path>
         <kind>archive</kind>
         <file>libclang_rt.builtins.a</file>
         <name>aeabi_memset.S.obj</name>
      </input_file>
      <input_file id="fl-a3">
         <path>C:\ti\ccs1260\ccs\tools\compiler\ti-cgt-armllvm_3.2.2.LTS\lib\clang\15.0.7\lib\armv6m-ti-none-eabi\</path>
         <kind>archive</kind>
         <file>libclang_rt.builtins.a</file>
         <name>aeabi_uidivmod.S.obj</name>
      </input_file>
      <input_file id="fl-a4">
         <path>C:\ti\ccs1260\ccs\tools\compiler\ti-cgt-armllvm_3.2.2.LTS\lib\clang\15.0.7\lib\armv6m-ti-none-eabi\</path>
         <kind>archive</kind>
         <file>libclang_rt.builtins.a</file>
         <name>comparesf2.S.obj</name>
      </input_file>
      <input_file id="fl-a5">
         <path>C:\ti\ccs1260\ccs\tools\compiler\ti-cgt-armllvm_3.2.2.LTS\lib\clang\15.0.7\lib\armv6m-ti-none-eabi\</path>
         <kind>archive</kind>
         <file>libclang_rt.builtins.a</file>
         <name>muldsi3.S.obj</name>
      </input_file>
      <input_file id="fl-a6">
         <path>C:\ti\ccs1260\ccs\tools\compiler\ti-cgt-armllvm_3.2.2.LTS\lib\clang\15.0.7\lib\armv6m-ti-none-eabi\</path>
         <kind>archive</kind>
         <file>libclang_rt.builtins.a</file>
         <name>aeabi_div0.c.obj</name>
      </input_file>
      <input_file id="fl-a7">
         <path>C:\ti\ccs1260\ccs\tools\compiler\ti-cgt-armllvm_3.2.2.LTS\lib\armv6m-ti-none-eabi\c\</path>
         <kind>archive</kind>
         <file>libc.a</file>
         <name>memcpy16.S.obj</name>
      </input_file>
      <input_file id="fl-a8">
         <path>C:\ti\ccs1260\ccs\tools\compiler\ti-cgt-armllvm_3.2.2.LTS\lib\armv6m-ti-none-eabi\c\</path>
         <kind>archive</kind>
         <file>libc.a</file>
         <name>memset16.S.obj</name>
      </input_file>
   </input_file_list>
   <object_component_list>
      <object_component id="oc-18">
         <name>.intvecs</name>
         <load_address>0x0</load_address>
         <readonly>true</readonly>
         <run_address>0x0</run_address>
         <size>0xc0</size>
         <alignment>0x4</alignment>
         <input_file_ref idref="fl-3"/>
      </object_component>
      <object_component id="oc-8d">
         <name>.text.key_read</name>
         <load_address>0xc0</load_address>
         <readonly>true</readonly>
         <executable>true</executable>
         <run_address>0xc0</run_address>
         <size>0x314</size>
         <alignment>0x4</alignment>
         <input_file_ref idref="fl-4"/>
      </object_component>
      <object_component id="oc-8f">
         <name>.text.dma_wave</name>
         <load_address>0x3d4</load_address>
         <readonly>true</readonly>
         <executable>true</executable>
         <run_address>0x3d4</run_address>
         <size>0x208</size>
         <alignment>0x4</alignment>
         <input_file_ref idref="fl-6"/>
      </object_component>
      <object_component id="oc-ed">
         <name>.text.adddf3_subdf3</name>
         <load_address>0x5dc</load_address>
         <readonly>true</readonly>
         <executable>true</executable>
         <run_address>0x5dc</run_address>
         <size>0x192</size>
         <alignment>0x4</alignment>
         <input_file_ref idref="fl-98"/>
      </object_component>
      <object_component id="oc-193">
         <name>.text.__aeabi_idiv0</name>
         <load_address>0x76e</load_address>
         <readonly>true</readonly>
         <executable>true</executable>
         <run_address>0x76e</run_address>
         <size>0x2</size>
         <alignment>0x2</alignment>
         <input_file_ref idref="fl-a6"/>
      </object_component>
      <object_component id="oc-153">
         <name>.text.OLED_ShowChar</name>
         <load_address>0x770</load_address>
         <readonly>true</readonly>
         <executable>true</executable>
         <run_address>0x770</run_address>
         <size>0x118</size>
         <alignment>0x4</alignment>
         <input_file_ref idref="fl-5"/>
      </object_component>
      <object_component id="oc-e9">
         <name>.text.__divdf3</name>
         <load_address>0x888</load_address>
         <readonly>true</readonly>
         <executable>true</executable>
         <run_address>0x888</run_address>
         <size>0x10c</size>
         <alignment>0x4</alignment>
         <input_file_ref idref="fl-9a"/>
      </object_component>
      <object_component id="oc-81">
         <name>.text.OLED_Init</name>
         <load_address>0x994</load_address>
         <readonly>true</readonly>
         <executable>true</executable>
         <run_address>0x994</run_address>
         <size>0xfa</size>
         <alignment>0x2</alignment>
         <input_file_ref idref="fl-5"/>
      </object_component>
      <object_component id="oc-dc">
         <name>.text.OLED_decimal</name>
         <load_address>0xa8e</load_address>
         <readonly>true</readonly>
         <executable>true</executable>
         <run_address>0xa8e</run_address>
         <size>0xf8</size>
         <alignment>0x2</alignment>
         <input_file_ref idref="fl-5"/>
      </object_component>
      <object_component id="oc-db">
         <name>.text.OLED_ShowNum</name>
         <load_address>0xb86</load_address>
         <readonly>true</readonly>
         <executable>true</executable>
         <run_address>0xb86</run_address>
         <size>0xf6</size>
         <alignment>0x2</alignment>
         <input_file_ref idref="fl-5"/>
      </object_component>
      <object_component id="oc-8e">
         <name>.text.oled_show</name>
         <load_address>0xc7c</load_address>
         <readonly>true</readonly>
         <executable>true</executable>
         <run_address>0xc7c</run_address>
         <size>0xec</size>
         <alignment>0x4</alignment>
         <input_file_ref idref="fl-4"/>
      </object_component>
      <object_component id="oc-136">
         <name>.text.DL_Timer_initTimerMode</name>
         <load_address>0xd68</load_address>
         <readonly>true</readonly>
         <executable>true</executable>
         <run_address>0xd68</run_address>
         <size>0xe8</size>
         <alignment>0x4</alignment>
         <input_file_ref idref="fl-17"/>
      </object_component>
      <object_component id="oc-124">
         <name>.text.DL_SYSCTL_configSYSPLL</name>
         <load_address>0xe50</load_address>
         <readonly>true</readonly>
         <executable>true</executable>
         <run_address>0xe50</run_address>
         <size>0xdc</size>
         <alignment>0x4</alignment>
         <input_file_ref idref="fl-18"/>
      </object_component>
      <object_component id="oc-c9">
         <name>.text</name>
         <load_address>0xf2c</load_address>
         <readonly>true</readonly>
         <executable>true</executable>
         <run_address>0xf2c</run_address>
         <size>0xd8</size>
         <alignment>0x4</alignment>
         <input_file_ref idref="fl-97"/>
      </object_component>
      <object_component id="oc-165">
         <name>.text.__mulsf3</name>
         <load_address>0x1004</load_address>
         <readonly>true</readonly>
         <executable>true</executable>
         <run_address>0x1004</run_address>
         <size>0x8c</size>
         <alignment>0x4</alignment>
         <input_file_ref idref="fl-99"/>
      </object_component>
      <object_component id="oc-13d">
         <name>.text.DL_DAC12_init</name>
         <load_address>0x1090</load_address>
         <readonly>true</readonly>
         <executable>true</executable>
         <run_address>0x1090</run_address>
         <size>0x88</size>
         <alignment>0x4</alignment>
         <input_file_ref idref="fl-15"/>
      </object_component>
      <object_component id="oc-1c">
         <name>.text:decompress:lzss</name>
         <load_address>0x1118</load_address>
         <readonly>true</readonly>
         <executable>true</executable>
         <run_address>0x1118</run_address>
         <size>0x78</size>
         <alignment>0x4</alignment>
         <input_file_ref idref="fl-2e"/>
      </object_component>
      <object_component id="oc-148">
         <name>.text.Send_Byte</name>
         <load_address>0x1190</load_address>
         <readonly>true</readonly>
         <executable>true</executable>
         <run_address>0x1190</run_address>
         <size>0x74</size>
         <alignment>0x4</alignment>
         <input_file_ref idref="fl-5"/>
      </object_component>
      <object_component id="oc-da">
         <name>.text.OLED_ShowString</name>
         <load_address>0x1204</load_address>
         <readonly>true</readonly>
         <executable>true</executable>
         <run_address>0x1204</run_address>
         <size>0x70</size>
         <alignment>0x2</alignment>
         <input_file_ref idref="fl-5"/>
      </object_component>
      <object_component id="oc-c1">
         <name>.text.OLED_Clear</name>
         <load_address>0x1274</load_address>
         <readonly>true</readonly>
         <executable>true</executable>
         <run_address>0x1274</run_address>
         <size>0x6a</size>
         <alignment>0x2</alignment>
         <input_file_ref idref="fl-5"/>
      </object_component>
      <object_component id="oc-cd">
         <name>.text.__aeabi_fcmp</name>
         <load_address>0x12e0</load_address>
         <readonly>true</readonly>
         <executable>true</executable>
         <run_address>0x12e0</run_address>
         <size>0x62</size>
         <alignment>0x4</alignment>
         <input_file_ref idref="fl-a0"/>
      </object_component>
      <object_component id="oc-b7">
         <name>.text.SYSCFG_DL_GPIO_init</name>
         <load_address>0x1344</load_address>
         <readonly>true</readonly>
         <executable>true</executable>
         <run_address>0x1344</run_address>
         <size>0x5c</size>
         <alignment>0x4</alignment>
         <input_file_ref idref="fl-2"/>
      </object_component>
      <object_component id="oc-b6">
         <name>.text.SYSCFG_DL_initPower</name>
         <load_address>0x13a0</load_address>
         <readonly>true</readonly>
         <executable>true</executable>
         <run_address>0x13a0</run_address>
         <size>0x58</size>
         <alignment>0x4</alignment>
         <input_file_ref idref="fl-2"/>
      </object_component>
      <object_component id="oc-c0">
         <name>.text.OLED_WR_Byte</name>
         <load_address>0x13f8</load_address>
         <readonly>true</readonly>
         <executable>true</executable>
         <run_address>0x13f8</run_address>
         <size>0x4e</size>
         <alignment>0x2</alignment>
         <input_file_ref idref="fl-5"/>
      </object_component>
      <object_component id="oc-186">
         <name>.text.DL_DMA_initChannel</name>
         <load_address>0x1448</load_address>
         <readonly>true</readonly>
         <executable>true</executable>
         <run_address>0x1448</run_address>
         <size>0x4c</size>
         <alignment>0x4</alignment>
         <input_file_ref idref="fl-16"/>
      </object_component>
      <object_component id="oc-b8">
         <name>.text.SYSCFG_DL_SYSCTL_init</name>
         <load_address>0x1494</load_address>
         <readonly>true</readonly>
         <executable>true</executable>
         <run_address>0x1494</run_address>
         <size>0x4c</size>
         <alignment>0x4</alignment>
         <input_file_ref idref="fl-2"/>
      </object_component>
      <object_component id="oc-f1">
         <name>.text.__fixdfsi</name>
         <load_address>0x14e0</load_address>
         <readonly>true</readonly>
         <executable>true</executable>
         <run_address>0x14e0</run_address>
         <size>0x4a</size>
         <alignment>0x4</alignment>
         <input_file_ref idref="fl-9c"/>
      </object_component>
      <object_component id="oc-12e">
         <name>.text.DL_SYSCTL_switchMCLKfromSYSOSCtoHSCLK</name>
         <load_address>0x152c</load_address>
         <readonly>true</readonly>
         <executable>true</executable>
         <run_address>0x152c</run_address>
         <size>0x44</size>
         <alignment>0x4</alignment>
         <input_file_ref idref="fl-18"/>
      </object_component>
      <object_component id="oc-b9">
         <name>.text.SYSCFG_DL_TIMER_0_init</name>
         <load_address>0x1570</load_address>
         <readonly>true</readonly>
         <executable>true</executable>
         <run_address>0x1570</run_address>
         <size>0x44</size>
         <alignment>0x4</alignment>
         <input_file_ref idref="fl-2"/>
      </object_component>
      <object_component id="oc-155">
         <name>.text.__aeabi_uidivmod</name>
         <load_address>0x15b4</load_address>
         <readonly>true</readonly>
         <executable>true</executable>
         <run_address>0x15b4</run_address>
         <size>0x40</size>
         <alignment>0x4</alignment>
         <input_file_ref idref="fl-a3"/>
      </object_component>
      <object_component id="oc-e5">
         <name>.text.__extendsfdf2</name>
         <load_address>0x15f4</load_address>
         <readonly>true</readonly>
         <executable>true</executable>
         <run_address>0x15f4</run_address>
         <size>0x40</size>
         <alignment>0x4</alignment>
         <input_file_ref idref="fl-9b"/>
      </object_component>
      <object_component id="oc-f6">
         <name>.text.dma_san_init</name>
         <load_address>0x1634</load_address>
         <readonly>true</readonly>
         <executable>true</executable>
         <run_address>0x1634</run_address>
         <size>0x40</size>
         <alignment>0x4</alignment>
         <input_file_ref idref="fl-6"/>
      </object_component>
      <object_component id="oc-f8">
         <name>.text.dma_saw_init</name>
         <load_address>0x1674</load_address>
         <readonly>true</readonly>
         <executable>true</executable>
         <run_address>0x1674</run_address>
         <size>0x40</size>
         <alignment>0x4</alignment>
         <input_file_ref idref="fl-6"/>
      </object_component>
      <object_component id="oc-e4">
         <name>.text.dma_sine_init</name>
         <load_address>0x16b4</load_address>
         <readonly>true</readonly>
         <executable>true</executable>
         <run_address>0x16b4</run_address>
         <size>0x40</size>
         <alignment>0x4</alignment>
         <input_file_ref idref="fl-6"/>
      </object_component>
      <object_component id="oc-f7">
         <name>.text.dma_square_init</name>
         <load_address>0x16f4</load_address>
         <readonly>true</readonly>
         <executable>true</executable>
         <run_address>0x16f4</run_address>
         <size>0x40</size>
         <alignment>0x4</alignment>
         <input_file_ref idref="fl-6"/>
      </object_component>
      <object_component id="oc-190">
         <name>.text.OLED_Set_Pos</name>
         <load_address>0x1734</load_address>
         <readonly>true</readonly>
         <executable>true</executable>
         <run_address>0x1734</run_address>
         <size>0x3c</size>
         <alignment>0x2</alignment>
         <input_file_ref idref="fl-5"/>
      </object_component>
      <object_component id="oc-15d">
         <name>.text.__floatsisf</name>
         <load_address>0x1770</load_address>
         <readonly>true</readonly>
         <executable>true</executable>
         <run_address>0x1770</run_address>
         <size>0x3c</size>
         <alignment>0x4</alignment>
         <input_file_ref idref="fl-9e"/>
      </object_component>
      <object_component id="oc-151">
         <name>.text.__gtsf2</name>
         <load_address>0x17ac</load_address>
         <readonly>true</readonly>
         <executable>true</executable>
         <run_address>0x17ac</run_address>
         <size>0x3c</size>
         <alignment>0x4</alignment>
         <input_file_ref idref="fl-a4"/>
      </object_component>
      <object_component id="oc-9d">
         <name>.text:__TI_auto_init_nobinit_nopinit</name>
         <load_address>0x17e8</load_address>
         <readonly>true</readonly>
         <executable>true</executable>
         <run_address>0x17e8</run_address>
         <size>0x3c</size>
         <alignment>0x4</alignment>
         <input_file_ref idref="fl-29"/>
      </object_component>
      <object_component id="oc-14c">
         <name>.text.__eqsf2</name>
         <load_address>0x1824</load_address>
         <readonly>true</readonly>
         <executable>true</executable>
         <run_address>0x1824</run_address>
         <size>0x3a</size>
         <alignment>0x4</alignment>
         <input_file_ref idref="fl-a4"/>
      </object_component>
      <object_component id="oc-19c">
         <name>.text.__muldsi3</name>
         <load_address>0x1860</load_address>
         <readonly>true</readonly>
         <executable>true</executable>
         <run_address>0x1860</run_address>
         <size>0x3a</size>
         <alignment>0x4</alignment>
         <input_file_ref idref="fl-a5"/>
      </object_component>
      <object_component id="oc-139">
         <name>.text.DL_Timer_setPublisherChanID</name>
         <load_address>0x189c</load_address>
         <readonly>true</readonly>
         <executable>true</executable>
         <run_address>0x189c</run_address>
         <size>0x38</size>
         <alignment>0x4</alignment>
         <input_file_ref idref="fl-2"/>
      </object_component>
      <object_component id="oc-bb">
         <name>.text.SYSCFG_DL_DAC12_init</name>
         <load_address>0x18d4</load_address>
         <readonly>true</readonly>
         <executable>true</executable>
         <run_address>0x18d4</run_address>
         <size>0x38</size>
         <alignment>0x4</alignment>
         <input_file_ref idref="fl-2"/>
      </object_component>
      <object_component id="oc-159">
         <name>.text.__fixsfsi</name>
         <load_address>0x190c</load_address>
         <readonly>true</readonly>
         <executable>true</executable>
         <run_address>0x190c</run_address>
         <size>0x38</size>
         <alignment>0x4</alignment>
         <input_file_ref idref="fl-9d"/>
      </object_component>
      <object_component id="oc-144">
         <name>.text.DL_DAC12_setSubscriberChanID</name>
         <load_address>0x1944</load_address>
         <readonly>true</readonly>
         <executable>true</executable>
         <run_address>0x1944</run_address>
         <size>0x34</size>
         <alignment>0x2</alignment>
         <input_file_ref idref="fl-2"/>
      </object_component>
      <object_component id="oc-11b">
         <name>.text.DL_GPIO_initDigitalInputFeatures</name>
         <load_address>0x1978</load_address>
         <readonly>true</readonly>
         <executable>true</executable>
         <run_address>0x1978</run_address>
         <size>0x34</size>
         <alignment>0x4</alignment>
         <input_file_ref idref="fl-2"/>
      </object_component>
      <object_component id="oc-147">
         <name>.text.I2C_Start</name>
         <load_address>0x19ac</load_address>
         <readonly>true</readonly>
         <executable>true</executable>
         <run_address>0x19ac</run_address>
         <size>0x34</size>
         <alignment>0x4</alignment>
         <input_file_ref idref="fl-5"/>
      </object_component>
      <object_component id="oc-63">
         <name>.text.main</name>
         <load_address>0x19e0</load_address>
         <readonly>true</readonly>
         <executable>true</executable>
         <run_address>0x19e0</run_address>
         <size>0x34</size>
         <alignment>0x4</alignment>
         <input_file_ref idref="fl-1"/>
      </object_component>
      <object_component id="oc-16b">
         <name>.text.DL_DMA_setTransferSize</name>
         <load_address>0x1a14</load_address>
         <readonly>true</readonly>
         <executable>true</executable>
         <run_address>0x1a14</run_address>
         <size>0x30</size>
         <alignment>0x4</alignment>
         <input_file_ref idref="fl-6"/>
      </object_component>
      <object_component id="oc-154">
         <name>.text.oled_pow</name>
         <load_address>0x1a44</load_address>
         <readonly>true</readonly>
         <executable>true</executable>
         <run_address>0x1a44</run_address>
         <size>0x30</size>
         <alignment>0x2</alignment>
         <input_file_ref idref="fl-5"/>
      </object_component>
      <object_component id="oc-181">
         <name>.text.DL_Common_updateReg</name>
         <load_address>0x1a74</load_address>
         <readonly>true</readonly>
         <executable>true</executable>
         <run_address>0x1a74</run_address>
         <size>0x28</size>
         <alignment>0x2</alignment>
         <input_file_ref idref="fl-2"/>
      </object_component>
      <object_component id="oc-16a">
         <name>.text.DL_DMA_setDestAddr</name>
         <load_address>0x1a9c</load_address>
         <readonly>true</readonly>
         <executable>true</executable>
         <run_address>0x1a9c</run_address>
         <size>0x28</size>
         <alignment>0x4</alignment>
         <input_file_ref idref="fl-6"/>
      </object_component>
      <object_component id="oc-169">
         <name>.text.DL_DMA_setSrcAddr</name>
         <load_address>0x1ac4</load_address>
         <readonly>true</readonly>
         <executable>true</executable>
         <run_address>0x1ac4</run_address>
         <size>0x28</size>
         <alignment>0x4</alignment>
         <input_file_ref idref="fl-6"/>
      </object_component>
      <object_component id="oc-138">
         <name>.text.DL_Timer_enableEvent</name>
         <load_address>0x1aec</load_address>
         <readonly>true</readonly>
         <executable>true</executable>
         <run_address>0x1aec</run_address>
         <size>0x28</size>
         <alignment>0x4</alignment>
         <input_file_ref idref="fl-2"/>
      </object_component>
      <object_component id="oc-14a">
         <name>.text.I2C_Stop</name>
         <load_address>0x1b14</load_address>
         <readonly>true</readonly>
         <executable>true</executable>
         <run_address>0x1b14</run_address>
         <size>0x28</size>
         <alignment>0x4</alignment>
         <input_file_ref idref="fl-5"/>
      </object_component>
      <object_component id="oc-149">
         <name>.text.I2C_WaitAck</name>
         <load_address>0x1b3c</load_address>
         <readonly>true</readonly>
         <executable>true</executable>
         <run_address>0x1b3c</run_address>
         <size>0x28</size>
         <alignment>0x4</alignment>
         <input_file_ref idref="fl-5"/>
      </object_component>
      <object_component id="oc-7c">
         <name>.text.SYSCFG_DL_init</name>
         <load_address>0x1b64</load_address>
         <readonly>true</readonly>
         <executable>true</executable>
         <run_address>0x1b64</run_address>
         <size>0x28</size>
         <alignment>0x4</alignment>
         <input_file_ref idref="fl-2"/>
      </object_component>
      <object_component id="oc-161">
         <name>.text.__floatunsisf</name>
         <load_address>0x1b8c</load_address>
         <readonly>true</readonly>
         <executable>true</executable>
         <run_address>0x1b8c</run_address>
         <size>0x28</size>
         <alignment>0x4</alignment>
         <input_file_ref idref="fl-9f"/>
      </object_component>
      <object_component id="oc-4f">
         <name>.text:_c_int00_noargs</name>
         <load_address>0x1bb4</load_address>
         <readonly>true</readonly>
         <executable>true</executable>
         <run_address>0x1bb4</run_address>
         <size>0x28</size>
         <alignment>0x4</alignment>
         <input_file_ref idref="fl-27"/>
      </object_component>
      <object_component id="oc-e3">
         <name>.text.DL_DMA_disableChannel</name>
         <load_address>0x1bdc</load_address>
         <readonly>true</readonly>
         <executable>true</executable>
         <run_address>0x1bdc</run_address>
         <size>0x26</size>
         <alignment>0x2</alignment>
         <input_file_ref idref="fl-6"/>
      </object_component>
      <object_component id="oc-16c">
         <name>.text.DL_DMA_enableChannel</name>
         <load_address>0x1c02</load_address>
         <readonly>true</readonly>
         <executable>true</executable>
         <run_address>0x1c02</run_address>
         <size>0x26</size>
         <alignment>0x2</alignment>
         <input_file_ref idref="fl-6"/>
      </object_component>
      <object_component id="oc-bf">
         <name>.text.delay_ms</name>
         <load_address>0x1c28</load_address>
         <readonly>true</readonly>
         <executable>true</executable>
         <run_address>0x1c28</run_address>
         <size>0x24</size>
         <alignment>0x4</alignment>
         <input_file_ref idref="fl-5"/>
      </object_component>
      <object_component id="oc-120">
         <name>.text.DL_SYSCTL_setFlashWaitState</name>
         <load_address>0x1c4c</load_address>
         <readonly>true</readonly>
         <executable>true</executable>
         <run_address>0x1c4c</run_address>
         <size>0x20</size>
         <alignment>0x4</alignment>
         <input_file_ref idref="fl-2"/>
      </object_component>
      <object_component id="oc-12d">
         <name>.text.DL_SYSCTL_setMFPCLKSource</name>
         <load_address>0x1c6c</load_address>
         <readonly>true</readonly>
         <executable>true</executable>
         <run_address>0x1c6c</run_address>
         <size>0x20</size>
         <alignment>0x4</alignment>
         <input_file_ref idref="fl-2"/>
      </object_component>
      <object_component id="oc-143">
         <name>.text.DL_DAC12_enableInterrupt</name>
         <load_address>0x1c8c</load_address>
         <readonly>true</readonly>
         <executable>true</executable>
         <run_address>0x1c8c</run_address>
         <size>0x1c</size>
         <alignment>0x4</alignment>
         <input_file_ref idref="fl-2"/>
      </object_component>
      <object_component id="oc-11c">
         <name>.text.DL_GPIO_initDigitalInput</name>
         <load_address>0x1ca8</load_address>
         <readonly>true</readonly>
         <executable>true</executable>
         <run_address>0x1ca8</run_address>
         <size>0x1c</size>
         <alignment>0x4</alignment>
         <input_file_ref idref="fl-2"/>
      </object_component>
      <object_component id="oc-121">
         <name>.text.DL_SYSCTL_setSYSOSCFreq</name>
         <load_address>0x1cc4</load_address>
         <readonly>true</readonly>
         <executable>true</executable>
         <run_address>0x1cc4</run_address>
         <size>0x1c</size>
         <alignment>0x4</alignment>
         <input_file_ref idref="fl-2"/>
      </object_component>
      <object_component id="oc-12a">
         <name>.text.DL_SYSCTL_setULPCLKDivider</name>
         <load_address>0x1ce0</load_address>
         <readonly>true</readonly>
         <executable>true</executable>
         <run_address>0x1ce0</run_address>
         <size>0x1c</size>
         <alignment>0x4</alignment>
         <input_file_ref idref="fl-2"/>
      </object_component>
      <object_component id="oc-130">
         <name>.text.DL_Timer_setClockConfig</name>
         <load_address>0x1cfc</load_address>
         <readonly>true</readonly>
         <executable>true</executable>
         <run_address>0x1cfc</run_address>
         <size>0x1c</size>
         <alignment>0x4</alignment>
         <input_file_ref idref="fl-17"/>
      </object_component>
      <object_component id="oc-115">
         <name>.text.DL_DAC12_enablePower</name>
         <load_address>0x1d18</load_address>
         <readonly>true</readonly>
         <executable>true</executable>
         <run_address>0x1d18</run_address>
         <size>0x18</size>
         <alignment>0x4</alignment>
         <input_file_ref idref="fl-2"/>
      </object_component>
      <object_component id="oc-112">
         <name>.text.DL_DAC12_reset</name>
         <load_address>0x1d30</load_address>
         <readonly>true</readonly>
         <executable>true</executable>
         <run_address>0x1d30</run_address>
         <size>0x18</size>
         <alignment>0x4</alignment>
         <input_file_ref idref="fl-2"/>
      </object_component>
      <object_component id="oc-11e">
         <name>.text.DL_GPIO_enableOutput</name>
         <load_address>0x1d48</load_address>
         <readonly>true</readonly>
         <executable>true</executable>
         <run_address>0x1d48</run_address>
         <size>0x18</size>
         <alignment>0x4</alignment>
         <input_file_ref idref="fl-2"/>
      </object_component>
      <object_component id="oc-113">
         <name>.text.DL_GPIO_enablePower</name>
         <load_address>0x1d60</load_address>
         <readonly>true</readonly>
         <executable>true</executable>
         <run_address>0x1d60</run_address>
         <size>0x18</size>
         <alignment>0x4</alignment>
         <input_file_ref idref="fl-2"/>
      </object_component>
      <object_component id="oc-11a">
         <name>.text.DL_GPIO_initDigitalOutput</name>
         <load_address>0x1d78</load_address>
         <readonly>true</readonly>
         <executable>true</executable>
         <run_address>0x1d78</run_address>
         <size>0x18</size>
         <alignment>0x4</alignment>
         <input_file_ref idref="fl-2"/>
      </object_component>
      <object_component id="oc-110">
         <name>.text.DL_GPIO_reset</name>
         <load_address>0x1d90</load_address>
         <readonly>true</readonly>
         <executable>true</executable>
         <run_address>0x1d90</run_address>
         <size>0x18</size>
         <alignment>0x4</alignment>
         <input_file_ref idref="fl-2"/>
      </object_component>
      <object_component id="oc-18d">
         <name>.text.DL_GPIO_setPins</name>
         <load_address>0x1da8</load_address>
         <readonly>true</readonly>
         <executable>true</executable>
         <run_address>0x1da8</run_address>
         <size>0x18</size>
         <alignment>0x4</alignment>
         <input_file_ref idref="fl-5"/>
      </object_component>
      <object_component id="oc-11f">
         <name>.text.DL_SYSCTL_setBORThreshold</name>
         <load_address>0x1dc0</load_address>
         <readonly>true</readonly>
         <executable>true</executable>
         <run_address>0x1dc0</run_address>
         <size>0x18</size>
         <alignment>0x4</alignment>
         <input_file_ref idref="fl-2"/>
      </object_component>
      <object_component id="oc-114">
         <name>.text.DL_Timer_enablePower</name>
         <load_address>0x1dd8</load_address>
         <readonly>true</readonly>
         <executable>true</executable>
         <run_address>0x1dd8</run_address>
         <size>0x18</size>
         <alignment>0x4</alignment>
         <input_file_ref idref="fl-2"/>
      </object_component>
      <object_component id="oc-111">
         <name>.text.DL_Timer_reset</name>
         <load_address>0x1df0</load_address>
         <readonly>true</readonly>
         <executable>true</executable>
         <run_address>0x1df0</run_address>
         <size>0x18</size>
         <alignment>0x4</alignment>
         <input_file_ref idref="fl-2"/>
      </object_component>
      <object_component id="oc-f5">
         <name>.text.DL_Timer_setLoadValue</name>
         <load_address>0x1e08</load_address>
         <readonly>true</readonly>
         <executable>true</executable>
         <run_address>0x1e08</run_address>
         <size>0x18</size>
         <alignment>0x4</alignment>
         <input_file_ref idref="fl-6"/>
      </object_component>
      <object_component id="oc-8b">
         <name>.text.DL_Timer_startCounter</name>
         <load_address>0x1e20</load_address>
         <readonly>true</readonly>
         <executable>true</executable>
         <run_address>0x1e20</run_address>
         <size>0x18</size>
         <alignment>0x4</alignment>
         <input_file_ref idref="fl-1"/>
      </object_component>
      <object_component id="oc-13c">
         <name>.text.SYSCFG_DL_DMA_CH0_init</name>
         <load_address>0x1e38</load_address>
         <readonly>true</readonly>
         <executable>true</executable>
         <run_address>0x1e38</run_address>
         <size>0x18</size>
         <alignment>0x4</alignment>
         <input_file_ref idref="fl-2"/>
      </object_component>
      <object_component id="oc-145">
         <name>.text.DL_DAC12_enable</name>
         <load_address>0x1e50</load_address>
         <readonly>true</readonly>
         <executable>true</executable>
         <run_address>0x1e50</run_address>
         <size>0x16</size>
         <alignment>0x2</alignment>
         <input_file_ref idref="fl-2"/>
      </object_component>
      <object_component id="oc-c8">
         <name>.text.DL_GPIO_readPins</name>
         <load_address>0x1e66</load_address>
         <readonly>true</readonly>
         <executable>true</executable>
         <run_address>0x1e66</run_address>
         <size>0x16</size>
         <alignment>0x2</alignment>
         <input_file_ref idref="fl-4"/>
      </object_component>
      <object_component id="oc-46">
         <name>.text:decompress:ZI:__TI_zero_init_nomemset</name>
         <load_address>0x1e7c</load_address>
         <readonly>true</readonly>
         <executable>true</executable>
         <run_address>0x1e7c</run_address>
         <size>0x16</size>
         <alignment>0x2</alignment>
         <input_file_ref idref="fl-2c"/>
      </object_component>
      <object_component id="oc-18e">
         <name>.text.DL_GPIO_clearPins</name>
         <load_address>0x1e92</load_address>
         <readonly>true</readonly>
         <executable>true</executable>
         <run_address>0x1e92</run_address>
         <size>0x14</size>
         <alignment>0x2</alignment>
         <input_file_ref idref="fl-5"/>
      </object_component>
      <object_component id="oc-11d">
         <name>.text.DL_GPIO_clearPins</name>
         <load_address>0x1ea6</load_address>
         <readonly>true</readonly>
         <executable>true</executable>
         <run_address>0x1ea6</run_address>
         <size>0x14</size>
         <alignment>0x2</alignment>
         <input_file_ref idref="fl-2"/>
      </object_component>
      <object_component id="oc-123">
         <name>.text.DL_SYSCTL_disableSYSPLL</name>
         <load_address>0x1ebc</load_address>
         <readonly>true</readonly>
         <executable>true</executable>
         <run_address>0x1ebc</run_address>
         <size>0x14</size>
         <alignment>0x4</alignment>
         <input_file_ref idref="fl-2"/>
      </object_component>
      <object_component id="oc-12b">
         <name>.text.DL_SYSCTL_enableMFCLK</name>
         <load_address>0x1ed0</load_address>
         <readonly>true</readonly>
         <executable>true</executable>
         <run_address>0x1ed0</run_address>
         <size>0x14</size>
         <alignment>0x4</alignment>
         <input_file_ref idref="fl-2"/>
      </object_component>
      <object_component id="oc-137">
         <name>.text.DL_Timer_enableClock</name>
         <load_address>0x1ee4</load_address>
         <readonly>true</readonly>
         <executable>true</executable>
         <run_address>0x1ee4</run_address>
         <size>0x14</size>
         <alignment>0x4</alignment>
         <input_file_ref idref="fl-2"/>
      </object_component>
      <object_component id="oc-86">
         <name>.text.para_init</name>
         <load_address>0x1ef8</load_address>
         <readonly>true</readonly>
         <executable>true</executable>
         <run_address>0x1ef8</run_address>
         <size>0x14</size>
         <alignment>0x4</alignment>
         <input_file_ref idref="fl-4"/>
      </object_component>
      <object_component id="oc-72">
         <name>.text:TI_memcpy_small</name>
         <load_address>0x1f0c</load_address>
         <readonly>true</readonly>
         <executable>true</executable>
         <run_address>0x1f0c</run_address>
         <size>0x12</size>
         <alignment>0x1</alignment>
         <input_file_ref idref="fl-a7"/>
      </object_component>
      <object_component id="oc-20">
         <name>.text:decompress:none</name>
         <load_address>0x1f1e</load_address>
         <readonly>true</readonly>
         <executable>true</executable>
         <run_address>0x1f1e</run_address>
         <size>0x12</size>
         <alignment>0x2</alignment>
         <input_file_ref idref="fl-2d"/>
      </object_component>
      <object_component id="oc-122">
         <name>.text.DL_SYSCTL_disableHFXT</name>
         <load_address>0x1f30</load_address>
         <readonly>true</readonly>
         <executable>true</executable>
         <run_address>0x1f30</run_address>
         <size>0x10</size>
         <alignment>0x4</alignment>
         <input_file_ref idref="fl-2"/>
      </object_component>
      <object_component id="oc-12c">
         <name>.text.DL_SYSCTL_enableMFPCLK</name>
         <load_address>0x1f40</load_address>
         <readonly>true</readonly>
         <executable>true</executable>
         <run_address>0x1f40</run_address>
         <size>0x10</size>
         <alignment>0x4</alignment>
         <input_file_ref idref="fl-2"/>
      </object_component>
      <object_component id="oc-8c">
         <name>.text.DL_SYSCTL_enableSleepOnExit</name>
         <load_address>0x1f50</load_address>
         <readonly>true</readonly>
         <executable>true</executable>
         <run_address>0x1f50</run_address>
         <size>0x10</size>
         <alignment>0x4</alignment>
         <input_file_ref idref="fl-1"/>
      </object_component>
      <object_component id="oc-116">
         <name>.text.DL_Common_delayCycles</name>
         <load_address>0x1f60</load_address>
         <readonly>true</readonly>
         <executable>true</executable>
         <run_address>0x1f60</run_address>
         <size>0xa</size>
         <alignment>0x2</alignment>
         <input_file_ref idref="fl-14"/>
      </object_component>
      <object_component id="oc-ba">
         <name>.text.SYSCFG_DL_DMA_init</name>
         <load_address>0x1f6a</load_address>
         <readonly>true</readonly>
         <executable>true</executable>
         <run_address>0x1f6a</run_address>
         <size>0x8</size>
         <alignment>0x2</alignment>
         <input_file_ref idref="fl-2"/>
      </object_component>
      <object_component id="oc-3f">
         <name>.text.__aeabi_memcpy</name>
         <load_address>0x1f74</load_address>
         <readonly>true</readonly>
         <executable>true</executable>
         <run_address>0x1f74</run_address>
         <size>0x8</size>
         <alignment>0x4</alignment>
         <input_file_ref idref="fl-a1"/>
      </object_component>
      <object_component id="oc-33">
         <name>.text.Default_Handler</name>
         <load_address>0x1f7c</load_address>
         <readonly>true</readonly>
         <executable>true</executable>
         <run_address>0x1f7c</run_address>
         <size>0x4</size>
         <alignment>0x2</alignment>
         <input_file_ref idref="fl-3"/>
      </object_component>
      <object_component id="oc-2f">
         <name>.text.Reset_Handler</name>
         <load_address>0x1f80</load_address>
         <readonly>true</readonly>
         <executable>true</executable>
         <run_address>0x1f80</run_address>
         <size>0x4</size>
         <alignment>0x2</alignment>
         <input_file_ref idref="fl-3"/>
      </object_component>
      <object_component id="oc-5f">
         <name>.text._system_pre_init</name>
         <load_address>0x1f84</load_address>
         <readonly>true</readonly>
         <executable>true</executable>
         <run_address>0x1f84</run_address>
         <size>0x4</size>
         <alignment>0x2</alignment>
         <input_file_ref idref="fl-2a"/>
      </object_component>
      <object_component id="oc-96">
         <name>.text:abort</name>
         <load_address>0x1f88</load_address>
         <readonly>true</readonly>
         <executable>true</executable>
         <run_address>0x1f88</run_address>
         <size>0x4</size>
         <alignment>0x2</alignment>
         <input_file_ref idref="fl-2f"/>
      </object_component>
      <object_component id="oc-1e9">
         <name>.cinit..data.load</name>
         <load_address>0x2a30</load_address>
         <readonly>true</readonly>
         <run_address>0x2a30</run_address>
         <size>0x10</size>
         <alignment>0x1</alignment>
      </object_component>
      <object_component id="oc-1e7">
         <name>__TI_handler_table</name>
         <load_address>0x2a40</load_address>
         <readonly>true</readonly>
         <run_address>0x2a40</run_address>
         <size>0xc</size>
         <alignment>0x4</alignment>
      </object_component>
      <object_component id="oc-1ea">
         <name>.cinit..bss.load</name>
         <load_address>0x2a4c</load_address>
         <readonly>true</readonly>
         <run_address>0x2a4c</run_address>
         <size>0x8</size>
         <alignment>0x4</alignment>
      </object_component>
      <object_component id="oc-1e8">
         <name>__TI_cinit_table</name>
         <load_address>0x2a54</load_address>
         <readonly>true</readonly>
         <run_address>0x2a54</run_address>
         <size>0x10</size>
         <alignment>0x4</alignment>
      </object_component>
      <object_component id="oc-191">
         <name>.rodata.asc2_1608</name>
         <load_address>0x1f90</load_address>
         <readonly>true</readonly>
         <run_address>0x1f90</run_address>
         <size>0x5f0</size>
         <alignment>0x1</alignment>
         <input_file_ref idref="fl-5"/>
      </object_component>
      <object_component id="oc-192">
         <name>.rodata.asc2_0806</name>
         <load_address>0x2580</load_address>
         <readonly>true</readonly>
         <run_address>0x2580</run_address>
         <size>0x228</size>
         <alignment>0x1</alignment>
         <input_file_ref idref="fl-5"/>
      </object_component>
      <object_component id="oc-172">
         <name>.rodata.gOutputSignalSan64</name>
         <load_address>0x27a8</load_address>
         <readonly>true</readonly>
         <run_address>0x27a8</run_address>
         <size>0x80</size>
         <alignment>0x2</alignment>
         <input_file_ref idref="fl-6"/>
      </object_component>
      <object_component id="oc-174">
         <name>.rodata.gOutputSignalSaw64</name>
         <load_address>0x2828</load_address>
         <readonly>true</readonly>
         <run_address>0x2828</run_address>
         <size>0x80</size>
         <alignment>0x2</alignment>
         <input_file_ref idref="fl-6"/>
      </object_component>
      <object_component id="oc-16d">
         <name>.rodata.gOutputSignalSine64</name>
         <load_address>0x28a8</load_address>
         <readonly>true</readonly>
         <run_address>0x28a8</run_address>
         <size>0x80</size>
         <alignment>0x2</alignment>
         <input_file_ref idref="fl-6"/>
      </object_component>
      <object_component id="oc-173">
         <name>.rodata.gOutputSignalSquare64</name>
         <load_address>0x2928</load_address>
         <readonly>true</readonly>
         <run_address>0x2928</run_address>
         <size>0x80</size>
         <alignment>0x2</alignment>
         <input_file_ref idref="fl-6"/>
      </object_component>
      <object_component id="oc-12f">
         <name>.rodata.gSYSPLLConfig</name>
         <load_address>0x29a8</load_address>
         <readonly>true</readonly>
         <run_address>0x29a8</run_address>
         <size>0x28</size>
         <alignment>0x4</alignment>
         <input_file_ref idref="fl-2"/>
      </object_component>
      <object_component id="oc-146">
         <name>.rodata.gDAC12Config</name>
         <load_address>0x29d0</load_address>
         <readonly>true</readonly>
         <run_address>0x29d0</run_address>
         <size>0x20</size>
         <alignment>0x4</alignment>
         <input_file_ref idref="fl-2"/>
      </object_component>
      <object_component id="oc-18a">
         <name>.rodata.gDMA_CH0Config</name>
         <load_address>0x29f0</load_address>
         <readonly>true</readonly>
         <run_address>0x29f0</run_address>
         <size>0x18</size>
         <alignment>0x4</alignment>
         <input_file_ref idref="fl-2"/>
      </object_component>
      <object_component id="oc-13b">
         <name>.rodata.gTIMER_0TimerConfig</name>
         <load_address>0x2a08</load_address>
         <readonly>true</readonly>
         <run_address>0x2a08</run_address>
         <size>0x14</size>
         <alignment>0x4</alignment>
         <input_file_ref idref="fl-2"/>
      </object_component>
      <object_component id="oc-e1">
         <name>.rodata.str1.88197572960601424031</name>
         <load_address>0x2a1c</load_address>
         <readonly>true</readonly>
         <run_address>0x2a1c</run_address>
         <size>0x6</size>
         <alignment>0x1</alignment>
         <input_file_ref idref="fl-4"/>
      </object_component>
      <object_component id="oc-e2">
         <name>.rodata.str1.9104675726601278381</name>
         <load_address>0x2a22</load_address>
         <readonly>true</readonly>
         <run_address>0x2a22</run_address>
         <size>0x6</size>
         <alignment>0x1</alignment>
         <input_file_ref idref="fl-4"/>
      </object_component>
      <object_component id="oc-13a">
         <name>.rodata.gTIMER_0ClockConfig</name>
         <load_address>0x2a28</load_address>
         <readonly>true</readonly>
         <run_address>0x2a28</run_address>
         <size>0x3</size>
         <alignment>0x1</alignment>
         <input_file_ref idref="fl-2"/>
      </object_component>
      <object_component id="oc-df">
         <name>.rodata.str1.90109970983182571261</name>
         <load_address>0x2a2b</load_address>
         <readonly>true</readonly>
         <run_address>0x2a2b</run_address>
         <size>0x3</size>
         <alignment>0x1</alignment>
         <input_file_ref idref="fl-4"/>
      </object_component>
      <object_component id="oc-1b1">
         <name>.binit</name>
         <load_address>0x0</load_address>
         <readonly>true</readonly>
         <run_address>0x0</run_address>
         <size>0x0</size>
         <alignment>0x4</alignment>
      </object_component>
      <object_component id="oc-c4">
         <name>.data.para1</name>
         <load_address>0x202000ec</load_address>
         <readwrite>true</readwrite>
         <run_address>0x202000ec</run_address>
         <size>0x2</size>
         <alignment>0x2</alignment>
         <input_file_ref idref="fl-4"/>
      </object_component>
      <object_component id="oc-c5">
         <name>.data.para2</name>
         <load_address>0x202000ee</load_address>
         <readwrite>true</readwrite>
         <run_address>0x202000ee</run_address>
         <size>0x2</size>
         <alignment>0x2</alignment>
         <input_file_ref idref="fl-4"/>
      </object_component>
      <object_component id="oc-d6">
         <name>.data.count</name>
         <load_address>0x202000e0</load_address>
         <readwrite>true</readwrite>
         <run_address>0x202000e0</run_address>
         <size>0x4</size>
         <alignment>0x4</alignment>
         <input_file_ref idref="fl-4"/>
      </object_component>
      <object_component id="oc-d2">
         <name>.data.key_flag1</name>
         <load_address>0x202000f1</load_address>
         <readwrite>true</readwrite>
         <run_address>0x202000f1</run_address>
         <size>0x1</size>
         <alignment>0x1</alignment>
         <input_file_ref idref="fl-4"/>
      </object_component>
      <object_component id="oc-d3">
         <name>.data.key_flag2</name>
         <load_address>0x202000f2</load_address>
         <readwrite>true</readwrite>
         <run_address>0x202000f2</run_address>
         <size>0x1</size>
         <alignment>0x1</alignment>
         <input_file_ref idref="fl-4"/>
      </object_component>
      <object_component id="oc-d4">
         <name>.data.key_flag3</name>
         <load_address>0x202000f3</load_address>
         <readwrite>true</readwrite>
         <run_address>0x202000f3</run_address>
         <size>0x1</size>
         <alignment>0x1</alignment>
         <input_file_ref idref="fl-4"/>
      </object_component>
      <object_component id="oc-d5">
         <name>.data.key_flag4</name>
         <load_address>0x202000f4</load_address>
         <readwrite>true</readwrite>
         <run_address>0x202000f4</run_address>
         <size>0x1</size>
         <alignment>0x1</alignment>
         <input_file_ref idref="fl-4"/>
      </object_component>
      <object_component id="oc-d7">
         <name>.data.ui_flag</name>
         <load_address>0x202000e8</load_address>
         <readwrite>true</readwrite>
         <run_address>0x202000e8</run_address>
         <size>0x4</size>
         <alignment>0x4</alignment>
         <input_file_ref idref="fl-4"/>
      </object_component>
      <object_component id="oc-d1">
         <name>.data.change_flag</name>
         <load_address>0x202000f0</load_address>
         <readwrite>true</readwrite>
         <run_address>0x202000f0</run_address>
         <size>0x1</size>
         <alignment>0x1</alignment>
         <input_file_ref idref="fl-4"/>
      </object_component>
      <object_component id="oc-d9">
         <name>.data.wave_mode</name>
         <load_address>0x202000f5</load_address>
         <readwrite>true</readwrite>
         <run_address>0x202000f5</run_address>
         <size>0x1</size>
         <alignment>0x1</alignment>
         <input_file_ref idref="fl-6"/>
      </object_component>
      <object_component id="oc-f9">
         <name>.data.wave_mode_old</name>
         <load_address>0x202000f6</load_address>
         <readwrite>true</readwrite>
         <run_address>0x202000f6</run_address>
         <size>0x1</size>
         <alignment>0x1</alignment>
         <input_file_ref idref="fl-6"/>
      </object_component>
      <object_component id="oc-d8">
         <name>.data.freq_wave</name>
         <load_address>0x202000e4</load_address>
         <readwrite>true</readwrite>
         <run_address>0x202000e4</run_address>
         <size>0x4</size>
         <alignment>0x4</alignment>
         <input_file_ref idref="fl-6"/>
      </object_component>
      <object_component id="oc-bc">
         <name>.common:gTIMER_0Backup</name>
         <uninitialized>true</uninitialized>
         <readwrite>true</readwrite>
         <run_address>0x20200000</run_address>
         <size>0xbc</size>
         <alignment>0x4</alignment>
      </object_component>
      <object_component id="oc-dd">
         <name>.common:ui_flag_pre</name>
         <uninitialized>true</uninitialized>
         <readwrite>true</readwrite>
         <run_address>0x202000d4</run_address>
         <size>0x4</size>
         <alignment>0x4</alignment>
      </object_component>
      <object_component id="oc-de">
         <name>.common:i</name>
         <uninitialized>true</uninitialized>
         <readwrite>true</readwrite>
         <run_address>0x202000d0</run_address>
         <size>0x4</size>
         <alignment>0x4</alignment>
      </object_component>
      <object_component id="oc-e0">
         <name>.common:ui_temp</name>
         <uninitialized>true</uninitialized>
         <readwrite>true</readwrite>
         <run_address>0x202000d8</run_address>
         <size>0x4</size>
         <alignment>0x4</alignment>
      </object_component>
      <object_component id="oc-fa">
         <name>.common:freq_change</name>
         <uninitialized>true</uninitialized>
         <readwrite>true</readwrite>
         <run_address>0x202000de</run_address>
         <size>0x1</size>
         <alignment>0x1</alignment>
      </object_component>
      <object_component id="oc-fb">
         <name>.common:freq_wave_old</name>
         <uninitialized>true</uninitialized>
         <readwrite>true</readwrite>
         <run_address>0x202000cc</run_address>
         <size>0x4</size>
         <alignment>0x4</alignment>
      </object_component>
      <object_component id="oc-fc">
         <name>.common:freq_saw</name>
         <uninitialized>true</uninitialized>
         <readwrite>true</readwrite>
         <run_address>0x202000c0</run_address>
         <size>0x4</size>
         <alignment>0x4</alignment>
      </object_component>
      <object_component id="oc-fd">
         <name>.common:load_value</name>
         <uninitialized>true</uninitialized>
         <readwrite>true</readwrite>
         <run_address>0x202000dc</run_address>
         <size>0x2</size>
         <alignment>0x2</alignment>
      </object_component>
      <object_component id="oc-fe">
         <name>.common:freq_square</name>
         <uninitialized>true</uninitialized>
         <readwrite>true</readwrite>
         <run_address>0x202000c8</run_address>
         <size>0x4</size>
         <alignment>0x4</alignment>
      </object_component>
      <object_component id="oc-ff">
         <name>.common:freq_san</name>
         <uninitialized>true</uninitialized>
         <readwrite>true</readwrite>
         <run_address>0x202000bc</run_address>
         <size>0x4</size>
         <alignment>0x4</alignment>
      </object_component>
      <object_component id="oc-100">
         <name>.common:freq_sin</name>
         <uninitialized>true</uninitialized>
         <readwrite>true</readwrite>
         <run_address>0x202000c4</run_address>
         <size>0x4</size>
         <alignment>0x4</alignment>
      </object_component>
      <object_component id="oc-1a">
         <name>.stack</name>
         <uninitialized>true</uninitialized>
         <readwrite>true</readwrite>
         <run_address>0x20207e00</run_address>
         <size>0x4</size>
         <alignment>0x4</alignment>
         <input_file_ref idref="fl-27"/>
      </object_component>
      <object_component id="oc-1ec">
         <name>.stack</name>
         <uninitialized>true</uninitialized>
         <readwrite>true</readwrite>
         <run_address>0x20207e00</run_address>
         <size>0x0</size>
         <alignment>0x8</alignment>
      </object_component>
      <object_component id="oc-94">
         <name>.debug_abbrev</name>
         <load_address>0x0</load_address>
         <run_address>0x0</run_address>
         <size>0x132</size>
         <alignment>0x1</alignment>
         <input_file_ref idref="fl-1"/>
      </object_component>
      <object_component id="oc-bd">
         <name>.debug_abbrev</name>
         <load_address>0x132</load_address>
         <run_address>0x132</run_address>
         <size>0x1ed</size>
         <alignment>0x1</alignment>
         <input_file_ref idref="fl-2"/>
      </object_component>
      <object_component id="oc-34">
         <name>.debug_abbrev</name>
         <load_address>0x31f</load_address>
         <run_address>0x31f</run_address>
         <size>0x6d</size>
         <alignment>0x1</alignment>
         <input_file_ref idref="fl-3"/>
      </object_component>
      <object_component id="oc-c6">
         <name>.debug_abbrev</name>
         <load_address>0x38c</load_address>
         <run_address>0x38c</run_address>
         <size>0x11a</size>
         <alignment>0x1</alignment>
         <input_file_ref idref="fl-4"/>
      </object_component>
      <object_component id="oc-c2">
         <name>.debug_abbrev</name>
         <load_address>0x4a6</load_address>
         <run_address>0x4a6</run_address>
         <size>0x143</size>
         <alignment>0x1</alignment>
         <input_file_ref idref="fl-5"/>
      </object_component>
      <object_component id="oc-101">
         <name>.debug_abbrev</name>
         <load_address>0x5e9</load_address>
         <run_address>0x5e9</run_address>
         <size>0xf3</size>
         <alignment>0x1</alignment>
         <input_file_ref idref="fl-6"/>
      </object_component>
      <object_component id="oc-17e">
         <name>.debug_abbrev</name>
         <load_address>0x6dc</load_address>
         <run_address>0x6dc</run_address>
         <size>0x62</size>
         <alignment>0x1</alignment>
         <input_file_ref idref="fl-14"/>
      </object_component>
      <object_component id="oc-18b">
         <name>.debug_abbrev</name>
         <load_address>0x73e</load_address>
         <run_address>0x73e</run_address>
         <size>0x227</size>
         <alignment>0x1</alignment>
         <input_file_ref idref="fl-15"/>
      </object_component>
      <object_component id="oc-1a1">
         <name>.debug_abbrev</name>
         <load_address>0x965</load_address>
         <run_address>0x965</run_address>
         <size>0x182</size>
         <alignment>0x1</alignment>
         <input_file_ref idref="fl-16"/>
      </object_component>
      <object_component id="oc-184">
         <name>.debug_abbrev</name>
         <load_address>0xae7</load_address>
         <run_address>0xae7</run_address>
         <size>0x258</size>
         <alignment>0x1</alignment>
         <input_file_ref idref="fl-17"/>
      </object_component>
      <object_component id="oc-182">
         <name>.debug_abbrev</name>
         <load_address>0xd3f</load_address>
         <run_address>0xd3f</run_address>
         <size>0x259</size>
         <alignment>0x1</alignment>
         <input_file_ref idref="fl-18"/>
      </object_component>
      <object_component id="oc-36">
         <name>.debug_abbrev</name>
         <load_address>0xf98</load_address>
         <run_address>0xf98</run_address>
         <size>0xaf</size>
         <alignment>0x1</alignment>
         <input_file_ref idref="fl-27"/>
      </object_component>
      <object_component id="oc-109">
         <name>.debug_abbrev</name>
         <load_address>0x1047</load_address>
         <run_address>0x1047</run_address>
         <size>0x186</size>
         <alignment>0x1</alignment>
         <input_file_ref idref="fl-29"/>
      </object_component>
      <object_component id="oc-7a">
         <name>.debug_abbrev</name>
         <load_address>0x11cd</load_address>
         <run_address>0x11cd</run_address>
         <size>0x39</size>
         <alignment>0x1</alignment>
         <input_file_ref idref="fl-2a"/>
      </object_component>
      <object_component id="oc-58">
         <name>.debug_abbrev</name>
         <load_address>0x1206</load_address>
         <run_address>0x1206</run_address>
         <size>0xc2</size>
         <alignment>0x1</alignment>
         <input_file_ref idref="fl-2c"/>
      </object_component>
      <object_component id="oc-43">
         <name>.debug_abbrev</name>
         <load_address>0x12c8</load_address>
         <run_address>0x12c8</run_address>
         <size>0x70</size>
         <alignment>0x1</alignment>
         <input_file_ref idref="fl-2d"/>
      </object_component>
      <object_component id="oc-3b">
         <name>.debug_abbrev</name>
         <load_address>0x1338</load_address>
         <run_address>0x1338</run_address>
         <size>0x8d</size>
         <alignment>0x1</alignment>
         <input_file_ref idref="fl-2e"/>
      </object_component>
      <object_component id="oc-103">
         <name>.debug_abbrev</name>
         <load_address>0x13c5</load_address>
         <run_address>0x13c5</run_address>
         <size>0xb3</size>
         <alignment>0x1</alignment>
         <input_file_ref idref="fl-2f"/>
      </object_component>
      <object_component id="oc-14b">
         <name>.debug_abbrev</name>
         <load_address>0x1478</load_address>
         <run_address>0x1478</run_address>
         <size>0x27</size>
         <alignment>0x1</alignment>
         <input_file_ref idref="fl-97"/>
      </object_component>
      <object_component id="oc-170">
         <name>.debug_abbrev</name>
         <load_address>0x149f</load_address>
         <run_address>0x149f</run_address>
         <size>0x27</size>
         <alignment>0x1</alignment>
         <input_file_ref idref="fl-98"/>
      </object_component>
      <object_component id="oc-1a0">
         <name>.debug_abbrev</name>
         <load_address>0x14c6</load_address>
         <run_address>0x14c6</run_address>
         <size>0x27</size>
         <alignment>0x1</alignment>
         <input_file_ref idref="fl-99"/>
      </object_component>
      <object_component id="oc-16f">
         <name>.debug_abbrev</name>
         <load_address>0x14ed</load_address>
         <run_address>0x14ed</run_address>
         <size>0x27</size>
         <alignment>0x1</alignment>
         <input_file_ref idref="fl-9a"/>
      </object_component>
      <object_component id="oc-16e">
         <name>.debug_abbrev</name>
         <load_address>0x1514</load_address>
         <run_address>0x1514</run_address>
         <size>0x27</size>
         <alignment>0x1</alignment>
         <input_file_ref idref="fl-9b"/>
      </object_component>
      <object_component id="oc-171">
         <name>.debug_abbrev</name>
         <load_address>0x153b</load_address>
         <run_address>0x153b</run_address>
         <size>0x27</size>
         <alignment>0x1</alignment>
         <input_file_ref idref="fl-9c"/>
      </object_component>
      <object_component id="oc-199">
         <name>.debug_abbrev</name>
         <load_address>0x1562</load_address>
         <run_address>0x1562</run_address>
         <size>0x27</size>
         <alignment>0x1</alignment>
         <input_file_ref idref="fl-9d"/>
      </object_component>
      <object_component id="oc-19a">
         <name>.debug_abbrev</name>
         <load_address>0x1589</load_address>
         <run_address>0x1589</run_address>
         <size>0x27</size>
         <alignment>0x1</alignment>
         <input_file_ref idref="fl-9e"/>
      </object_component>
      <object_component id="oc-19b">
         <name>.debug_abbrev</name>
         <load_address>0x15b0</load_address>
         <run_address>0x15b0</run_address>
         <size>0x27</size>
         <alignment>0x1</alignment>
         <input_file_ref idref="fl-9f"/>
      </object_component>
      <object_component id="oc-152">
         <name>.debug_abbrev</name>
         <load_address>0x15d7</load_address>
         <run_address>0x15d7</run_address>
         <size>0x27</size>
         <alignment>0x1</alignment>
         <input_file_ref idref="fl-a0"/>
      </object_component>
      <object_component id="oc-57">
         <name>.debug_abbrev</name>
         <load_address>0x15fe</load_address>
         <run_address>0x15fe</run_address>
         <size>0x27</size>
         <alignment>0x1</alignment>
         <input_file_ref idref="fl-a1"/>
      </object_component>
      <object_component id="oc-198">
         <name>.debug_abbrev</name>
         <load_address>0x1625</load_address>
         <run_address>0x1625</run_address>
         <size>0x27</size>
         <alignment>0x1</alignment>
         <input_file_ref idref="fl-a3"/>
      </object_component>
      <object_component id="oc-18f">
         <name>.debug_abbrev</name>
         <load_address>0x164c</load_address>
         <run_address>0x164c</run_address>
         <size>0x25</size>
         <alignment>0x1</alignment>
         <input_file_ref idref="fl-a4"/>
      </object_component>
      <object_component id="oc-1a7">
         <name>.debug_abbrev</name>
         <load_address>0x1671</load_address>
         <run_address>0x1671</run_address>
         <size>0x27</size>
         <alignment>0x1</alignment>
         <input_file_ref idref="fl-a5"/>
      </object_component>
      <object_component id="oc-1a4">
         <name>.debug_abbrev</name>
         <load_address>0x1698</load_address>
         <run_address>0x1698</run_address>
         <size>0x59</size>
         <alignment>0x1</alignment>
         <input_file_ref idref="fl-a6"/>
      </object_component>
      <object_component id="oc-af">
         <name>.debug_abbrev</name>
         <load_address>0x16f1</load_address>
         <run_address>0x16f1</run_address>
         <size>0x25</size>
         <alignment>0x1</alignment>
         <input_file_ref idref="fl-a7"/>
      </object_component>
      <object_component id="oc-1ee">
         <name>.debug_abbrev</name>
         <load_address>0x1716</load_address>
         <run_address>0x1716</run_address>
         <size>0xf</size>
         <alignment>0x0</alignment>
      </object_component>
      <object_component id="oc-66">
         <name>.debug_info</name>
         <load_address>0x0</load_address>
         <run_address>0x0</run_address>
         <size>0x7c4</size>
         <alignment>0x1</alignment>
         <input_file_ref idref="fl-1"/>
      </object_component>
      <object_component id="oc-7f">
         <name>.debug_info</name>
         <load_address>0x7c4</load_address>
         <run_address>0x7c4</run_address>
         <size>0x3b7f</size>
         <alignment>0x1</alignment>
         <input_file_ref idref="fl-2"/>
      </object_component>
      <object_component id="oc-19">
         <name>.debug_info</name>
         <load_address>0x4343</load_address>
         <run_address>0x4343</run_address>
         <size>0x80</size>
         <alignment>0x1</alignment>
         <input_file_ref idref="fl-3"/>
      </object_component>
      <object_component id="oc-8a">
         <name>.debug_info</name>
         <load_address>0x43c3</load_address>
         <run_address>0x43c3</run_address>
         <size>0x8f3</size>
         <alignment>0x1</alignment>
         <input_file_ref idref="fl-4"/>
      </object_component>
      <object_component id="oc-84">
         <name>.debug_info</name>
         <load_address>0x4cb6</load_address>
         <run_address>0x4cb6</run_address>
         <size>0x1048</size>
         <alignment>0x1</alignment>
         <input_file_ref idref="fl-5"/>
      </object_component>
      <object_component id="oc-92">
         <name>.debug_info</name>
         <load_address>0x5cfe</load_address>
         <run_address>0x5cfe</run_address>
         <size>0x10ad</size>
         <alignment>0x1</alignment>
         <input_file_ref idref="fl-6"/>
      </object_component>
      <object_component id="oc-118">
         <name>.debug_info</name>
         <load_address>0x6dab</load_address>
         <run_address>0x6dab</run_address>
         <size>0x75</size>
         <alignment>0x1</alignment>
         <input_file_ref idref="fl-14"/>
      </object_component>
      <object_component id="oc-140">
         <name>.debug_info</name>
         <load_address>0x6e20</load_address>
         <run_address>0x6e20</run_address>
         <size>0xada</size>
         <alignment>0x1</alignment>
         <input_file_ref idref="fl-15"/>
      </object_component>
      <object_component id="oc-187">
         <name>.debug_info</name>
         <load_address>0x78fa</load_address>
         <run_address>0x78fa</run_address>
         <size>0x6df</size>
         <alignment>0x1</alignment>
         <input_file_ref idref="fl-16"/>
      </object_component>
      <object_component id="oc-134">
         <name>.debug_info</name>
         <load_address>0x7fd9</load_address>
         <run_address>0x7fd9</run_address>
         <size>0x2f7d</size>
         <alignment>0x1</alignment>
         <input_file_ref idref="fl-17"/>
      </object_component>
      <object_component id="oc-126">
         <name>.debug_info</name>
         <load_address>0xaf56</load_address>
         <run_address>0xaf56</run_address>
         <size>0x1f76</size>
         <alignment>0x1</alignment>
         <input_file_ref idref="fl-18"/>
      </object_component>
      <object_component id="oc-1b">
         <name>.debug_info</name>
         <load_address>0xcecc</load_address>
         <run_address>0xcecc</run_address>
         <size>0x423</size>
         <alignment>0x1</alignment>
         <input_file_ref idref="fl-27"/>
      </object_component>
      <object_component id="oc-9e">
         <name>.debug_info</name>
         <load_address>0xd2ef</load_address>
         <run_address>0xd2ef</run_address>
         <size>0x74a</size>
         <alignment>0x1</alignment>
         <input_file_ref idref="fl-29"/>
      </object_component>
      <object_component id="oc-62">
         <name>.debug_info</name>
         <load_address>0xda39</load_address>
         <run_address>0xda39</run_address>
         <size>0x46</size>
         <alignment>0x1</alignment>
         <input_file_ref idref="fl-2a"/>
      </object_component>
      <object_component id="oc-4a">
         <name>.debug_info</name>
         <load_address>0xda7f</load_address>
         <run_address>0xda7f</run_address>
         <size>0x192</size>
         <alignment>0x1</alignment>
         <input_file_ref idref="fl-2c"/>
      </object_component>
      <object_component id="oc-23">
         <name>.debug_info</name>
         <load_address>0xdc11</load_address>
         <run_address>0xdc11</run_address>
         <size>0xc6</size>
         <alignment>0x1</alignment>
         <input_file_ref idref="fl-2d"/>
      </object_component>
      <object_component id="oc-1d">
         <name>.debug_info</name>
         <load_address>0xdcd7</load_address>
         <run_address>0xdcd7</run_address>
         <size>0x180</size>
         <alignment>0x1</alignment>
         <input_file_ref idref="fl-2e"/>
      </object_component>
      <object_component id="oc-9a">
         <name>.debug_info</name>
         <load_address>0xde57</load_address>
         <run_address>0xde57</run_address>
         <size>0xed</size>
         <alignment>0x1</alignment>
         <input_file_ref idref="fl-2f"/>
      </object_component>
      <object_component id="oc-ca">
         <name>.debug_info</name>
         <load_address>0xdf44</load_address>
         <run_address>0xdf44</run_address>
         <size>0x1ac</size>
         <alignment>0x1</alignment>
         <input_file_ref idref="fl-97"/>
      </object_component>
      <object_component id="oc-f0">
         <name>.debug_info</name>
         <load_address>0xe0f0</load_address>
         <run_address>0xe0f0</run_address>
         <size>0x1ac</size>
         <alignment>0x1</alignment>
         <input_file_ref idref="fl-98"/>
      </object_component>
      <object_component id="oc-166">
         <name>.debug_info</name>
         <load_address>0xe29c</load_address>
         <run_address>0xe29c</run_address>
         <size>0x192</size>
         <alignment>0x1</alignment>
         <input_file_ref idref="fl-99"/>
      </object_component>
      <object_component id="oc-eb">
         <name>.debug_info</name>
[...]
      <symbol id="sm-fa">
         <name>UART2_IRQHandler</name>
         <value>0x1f7d</value>
         <object_component_ref idref="oc-33"/>
      </symbol>
      <symbol id="sm-fb">
         <name>UART0_IRQHandler</name>
         <value>0x1f7d</value>
         <object_component_ref idref="oc-33"/>
      </symbol>
      <symbol id="sm-fc">
         <name>TIMG0_IRQHandler</name>
         <value>0x1f7d</value>
         <object_component_ref idref="oc-33"/>
      </symbol>
      <symbol id="sm-fd">
         <name>TIMG6_IRQHandler</name>
         <value>0x1f7d</value>
         <object_component_ref idref="oc-33"/>
      </symbol>
      <symbol id="sm-fe">
         <name>TIMA0_IRQHandler</name>
         <value>0x1f7d</value>
         <object_component_ref idref="oc-33"/>
      </symbol>
      <symbol id="sm-ff">
         <name>TIMA1_IRQHandler</name>
         <value>0x1f7d</value>
         <object_component_ref idref="oc-33"/>
      </symbol>
      <symbol id="sm-100">
         <name>TIMG7_IRQHandler</name>
         <value>0x1f7d</value>
         <object_component_ref idref="oc-33"/>
      </symbol>
      <symbol id="sm-101">
         <name>TIMG12_IRQHandler</name>
         <value>0x1f7d</value>
         <object_component_ref idref="oc-33"/>
      </symbol>
      <symbol id="sm-102">
         <name>I2C0_IRQHandler</name>
         <value>0x1f7d</value>
         <object_component_ref idref="oc-33"/>
      </symbol>
      <symbol id="sm-103">
         <name>I2C1_IRQHandler</name>
         <value>0x1f7d</value>
         <object_component_ref idref="oc-33"/>
      </symbol>
      <symbol id="sm-104">
         <name>AES_IRQHandler</name>
         <value>0x1f7d</value>
         <object_component_ref idref="oc-33"/>
      </symbol>
      <symbol id="sm-105">
         <name>RTC_IRQHandler</name>
         <value>0x1f7d</value>
         <object_component_ref idref="oc-33"/>
      </symbol>
      <symbol id="sm-106">
         <name>DMA_IRQHandler</name>
         <value>0x1f7d</value>
         <object_component_ref idref="oc-33"/>
      </symbol>
      <symbol id="sm-11c">
         <name>key_read</name>
         <value>0xc1</value>
         <object_component_ref idref="oc-8d"/>
      </symbol>
      <symbol id="sm-11d">
         <name>change_flag</name>
         <value>0x202000f0</value>
         <object_component_ref idref="oc-d1"/>
      </symbol>
      <symbol id="sm-11e">
         <name>key_flag1</name>
         <value>0x202000f1</value>
         <object_component_ref idref="oc-d2"/>
      </symbol>
      <symbol id="sm-11f">
         <name>key_flag2</name>
         <value>0x202000f2</value>
         <object_component_ref idref="oc-d3"/>
      </symbol>
      <symbol id="sm-120">
         <name>key_flag3</name>
         <value>0x202000f3</value>
         <object_component_ref idref="oc-d4"/>
      </symbol>
      <symbol id="sm-121">
         <name>key_flag4</name>
         <value>0x202000f4</value>
         <object_component_ref idref="oc-d5"/>
      </symbol>
      <symbol id="sm-122">
         <name>count</name>
         <value>0x202000e0</value>
         <object_component_ref idref="oc-d6"/>
      </symbol>
      <symbol id="sm-123">
         <name>ui_flag</name>
         <value>0x202000e8</value>
         <object_component_ref idref="oc-d7"/>
      </symbol>
      <symbol id="sm-124">
         <name>oled_show</name>
         <value>0xc7d</value>
         <object_component_ref idref="oc-8e"/>
      </symbol>
      <symbol id="sm-125">
         <name>ui_flag_pre</name>
         <value>0x202000d4</value>
      </symbol>
      <symbol id="sm-126">
         <name>i</name>
         <value>0x202000d0</value>
      </symbol>
      <symbol id="sm-127">
         <name>ui_temp</name>
         <value>0x202000d8</value>
      </symbol>
      <symbol id="sm-128">
         <name>para_init</name>
         <value>0x1ef9</value>
         <object_component_ref idref="oc-86"/>
      </symbol>
      <symbol id="sm-129">
         <name>para1</name>
         <value>0x202000ec</value>
         <object_component_ref idref="oc-c4"/>
      </symbol>
      <symbol id="sm-12a">
         <name>para2</name>
         <value>0x202000ee</value>
         <object_component_ref idref="oc-c5"/>
      </symbol>
      <symbol id="sm-15a">
         <name>delay_ms</name>
         <value>0x1c29</value>
         <object_component_ref idref="oc-bf"/>
      </symbol>
      <symbol id="sm-15b">
         <name>OLED_WR_Byte</name>
         <value>0x13f9</value>
         <object_component_ref idref="oc-c0"/>
      </symbol>
      <symbol id="sm-15c">
         <name>I2C_Start</name>
         <value>0x19ad</value>
         <object_component_ref idref="oc-147"/>
      </symbol>
      <symbol id="sm-15d">
         <name>Send_Byte</name>
         <value>0x1191</value>
         <object_component_ref idref="oc-148"/>
      </symbol>
      <symbol id="sm-15e">
         <name>I2C_WaitAck</name>
         <value>0x1b3d</value>
         <object_component_ref idref="oc-149"/>
      </symbol>
      <symbol id="sm-15f">
         <name>I2C_Stop</name>
         <value>0x1b15</value>
         <object_component_ref idref="oc-14a"/>
      </symbol>
      <symbol id="sm-160">
         <name>OLED_Set_Pos</name>
         <value>0x1735</value>
         <object_component_ref idref="oc-190"/>
      </symbol>
      <symbol id="sm-161">
         <name>OLED_Clear</name>
         <value>0x1275</value>
         <object_component_ref idref="oc-c1"/>
      </symbol>
      <symbol id="sm-162">
         <name>OLED_ShowChar</name>
         <value>0x771</value>
         <object_component_ref idref="oc-153"/>
      </symbol>
      <symbol id="sm-163">
         <name>asc2_1608</name>
         <value>0x1f90</value>
         <object_component_ref idref="oc-191"/>
      </symbol>
      <symbol id="sm-164">
         <name>asc2_0806</name>
         <value>0x2580</value>
         <object_component_ref idref="oc-192"/>
      </symbol>
      <symbol id="sm-165">
         <name>oled_pow</name>
         <value>0x1a45</value>
         <object_component_ref idref="oc-154"/>
      </symbol>
      <symbol id="sm-166">
         <name>OLED_ShowNum</name>
         <value>0xb87</value>
         <object_component_ref idref="oc-db"/>
      </symbol>
      <symbol id="sm-167">
         <name>OLED_ShowString</name>
         <value>0x1205</value>
         <object_component_ref idref="oc-da"/>
      </symbol>
      <symbol id="sm-168">
         <name>OLED_decimal</name>
         <value>0xa8f</value>
         <object_component_ref idref="oc-dc"/>
      </symbol>
      <symbol id="sm-169">
         <name>OLED_Init</name>
         <value>0x995</value>
         <object_component_ref idref="oc-81"/>
      </symbol>
      <symbol id="sm-195">
         <name>dma_sine_init</name>
         <value>0x16b5</value>
         <object_component_ref idref="oc-e4"/>
      </symbol>
      <symbol id="sm-196">
         <name>gOutputSignalSine64</name>
         <value>0x28a8</value>
         <object_component_ref idref="oc-16d"/>
      </symbol>
      <symbol id="sm-197">
         <name>dma_san_init</name>
         <value>0x1635</value>
         <object_component_ref idref="oc-f6"/>
      </symbol>
      <symbol id="sm-198">
         <name>gOutputSignalSan64</name>
         <value>0x27a8</value>
         <object_component_ref idref="oc-172"/>
      </symbol>
      <symbol id="sm-199">
         <name>dma_square_init</name>
         <value>0x16f5</value>
         <object_component_ref idref="oc-f7"/>
      </symbol>
      <symbol id="sm-19a">
         <name>gOutputSignalSquare64</name>
         <value>0x2928</value>
         <object_component_ref idref="oc-173"/>
      </symbol>
      <symbol id="sm-19b">
         <name>dma_saw_init</name>
         <value>0x1675</value>
         <object_component_ref idref="oc-f8"/>
      </symbol>
      <symbol id="sm-19c">
         <name>gOutputSignalSaw64</name>
         <value>0x2828</value>
         <object_component_ref idref="oc-174"/>
      </symbol>
      <symbol id="sm-19d">
         <name>dma_wave</name>
         <value>0x3d5</value>
         <object_component_ref idref="oc-8f"/>
      </symbol>
      <symbol id="sm-19e">
         <name>wave_mode</name>
         <value>0x202000f5</value>
         <object_component_ref idref="oc-d9"/>
      </symbol>
      <symbol id="sm-19f">
         <name>wave_mode_old</name>
         <value>0x202000f6</value>
         <object_component_ref idref="oc-f9"/>
      </symbol>
      <symbol id="sm-1a0">
         <name>freq_change</name>
         <value>0x202000de</value>
      </symbol>
      <symbol id="sm-1a1">
         <name>freq_wave</name>
         <value>0x202000e4</value>
         <object_component_ref idref="oc-d8"/>
      </symbol>
      <symbol id="sm-1a2">
         <name>freq_wave_old</name>
         <value>0x202000cc</value>
      </symbol>
      <symbol id="sm-1a3">
         <name>freq_saw</name>
         <value>0x202000c0</value>
      </symbol>
      <symbol id="sm-1a4">
         <name>load_value</name>
         <value>0x202000dc</value>
      </symbol>
      <symbol id="sm-1a5">
         <name>freq_square</name>
         <value>0x202000c8</value>
      </symbol>
      <symbol id="sm-1a6">
         <name>freq_san</name>
         <value>0x202000bc</value>
      </symbol>
      <symbol id="sm-1a7">
         <name>freq_sin</name>
         <value>0x202000c4</value>
      </symbol>
      <symbol id="sm-1a8">
         <name>__TI_ATRegion0_src_addr</name>
         <value>0x0</value>
      </symbol>
      <symbol id="sm-1a9">
         <name>__TI_ATRegion0_trg_addr</name>
         <value>0x0</value>
      </symbol>
      <symbol id="sm-1aa">
         <name>__TI_ATRegion0_region_sz</name>
         <value>0x0</value>
      </symbol>
      <symbol id="sm-1ab">
         <name>__TI_ATRegion1_src_addr</name>
         <value>0x0</value>
      </symbol>
      <symbol id="sm-1ac">
         <name>__TI_ATRegion1_trg_addr</name>
         <value>0x0</value>
      </symbol>
      <symbol id="sm-1ad">
         <name>__TI_ATRegion1_region_sz</name>
         <value>0x0</value>
      </symbol>
      <symbol id="sm-1ae">
         <name>__TI_ATRegion2_src_addr</name>
         <value>0x0</value>
      </symbol>
      <symbol id="sm-1af">
         <name>__TI_ATRegion2_trg_addr</name>
         <value>0x0</value>
      </symbol>
      <symbol id="sm-1b0">
         <name>__TI_ATRegion2_region_sz</name>
         <value>0x0</value>
      </symbol>
      <symbol id="sm-1b9">
         <name>DL_Common_delayCycles</name>
         <value>0x1f61</value>
         <object_component_ref idref="oc-116"/>
      </symbol>
      <symbol id="sm-1c4">
         <name>DL_DAC12_init</name>
         <value>0x1091</value>
         <object_component_ref idref="oc-13d"/>
      </symbol>
      <symbol id="sm-1ce">
         <name>DL_DMA_initChannel</name>
         <value>0x1449</value>
         <object_component_ref idref="oc-186"/>
      </symbol>
      <symbol id="sm-1de">
         <name>DL_Timer_setClockConfig</name>
         <value>0x1cfd</value>
         <object_component_ref idref="oc-130"/>
      </symbol>
      <symbol id="sm-1df">
         <name>DL_Timer_initTimerMode</name>
         <value>0xd69</value>
         <object_component_ref idref="oc-136"/>
      </symbol>
      <symbol id="sm-1ed">
         <name>DL_SYSCTL_configSYSPLL</name>
         <value>0xe51</value>
         <object_component_ref idref="oc-124"/>
      </symbol>
      <symbol id="sm-1ee">
         <name>DL_SYSCTL_switchMCLKfromSYSOSCtoHSCLK</name>
         <value>0x152d</value>
         <object_component_ref idref="oc-12e"/>
      </symbol>
      <symbol id="sm-1f9">
         <name>_c_int00_noargs</name>
         <value>0x1bb5</value>
         <object_component_ref idref="oc-4f"/>
      </symbol>
      <symbol id="sm-1fa">
         <name>__stack</name>
         <value>0x20207e00</value>
         <object_component_ref idref="oc-1a"/>
      </symbol>
      <symbol id="sm-206">
         <name>__TI_auto_init_nobinit_nopinit</name>
         <value>0x17e9</value>
         <object_component_ref idref="oc-9d"/>
      </symbol>
      <symbol id="sm-20e">
         <name>_system_pre_init</name>
         <value>0x1f85</value>
         <object_component_ref idref="oc-5f"/>
      </symbol>
      <symbol id="sm-219">
         <name>__TI_zero_init_nomemset</name>
         <value>0x1e7d</value>
         <object_component_ref idref="oc-46"/>
      </symbol>
      <symbol id="sm-222">
         <name>__TI_decompress_none</name>
         <value>0x1f1f</value>
         <object_component_ref idref="oc-20"/>
      </symbol>
      <symbol id="sm-22d">
         <name>__TI_decompress_lzss</name>
         <value>0x1119</value>
         <object_component_ref idref="oc-1c"/>
      </symbol>
      <symbol id="sm-237">
         <name>abort</name>
         <value>0x1f89</value>
         <object_component_ref idref="oc-96"/>
      </symbol>
      <symbol id="sm-238">
         <name>C$$EXIT</name>
         <value>0x1f88</value>
         <object_component_ref idref="oc-96"/>
      </symbol>
      <symbol id="sm-240">
         <name>__aeabi_fadd</name>
         <value>0xf37</value>
         <object_component_ref idref="oc-c9"/>
      </symbol>
      <symbol id="sm-241">
         <name>__addsf3</name>
         <value>0xf37</value>
         <object_component_ref idref="oc-c9"/>
      </symbol>
      <symbol id="sm-242">
         <name>__aeabi_fsub</name>
         <value>0xf2d</value>
         <object_component_ref idref="oc-c9"/>
      </symbol>
      <symbol id="sm-243">
         <name>__subsf3</name>
         <value>0xf2d</value>
         <object_component_ref idref="oc-c9"/>
      </symbol>
      <symbol id="sm-249">
         <name>__aeabi_dadd</name>
         <value>0x5e7</value>
         <object_component_ref idref="oc-ed"/>
      </symbol>
      <symbol id="sm-24a">
         <name>__adddf3</name>
         <value>0x5e7</value>
         <object_component_ref idref="oc-ed"/>
      </symbol>
      <symbol id="sm-24b">
         <name>__aeabi_dsub</name>
         <value>0x5dd</value>
         <object_component_ref idref="oc-ed"/>
      </symbol>
      <symbol id="sm-24c">
         <name>__subdf3</name>
         <value>0x5dd</value>
         <object_component_ref idref="oc-ed"/>
      </symbol>
      <symbol id="sm-252">
         <name>__aeabi_fmul</name>
         <value>0x1005</value>
         <object_component_ref idref="oc-165"/>
      </symbol>
      <symbol id="sm-253">
         <name>__mulsf3</name>
         <value>0x1005</value>
         <object_component_ref idref="oc-165"/>
      </symbol>
      <symbol id="sm-259">
         <name>__aeabi_ddiv</name>
         <value>0x889</value>
         <object_component_ref idref="oc-e9"/>
      </symbol>
      <symbol id="sm-25a">
         <name>__divdf3</name>
         <value>0x889</value>
         <object_component_ref idref="oc-e9"/>
      </symbol>
      <symbol id="sm-260">
         <name>__aeabi_f2d</name>
         <value>0x15f5</value>
         <object_component_ref idref="oc-e5"/>
      </symbol>
      <symbol id="sm-261">
         <name>__extendsfdf2</name>
         <value>0x15f5</value>
         <object_component_ref idref="oc-e5"/>
      </symbol>
      <symbol id="sm-267">
         <name>__aeabi_d2iz</name>
         <value>0x14e1</value>
         <object_component_ref idref="oc-f1"/>
      </symbol>
      <symbol id="sm-268">
         <name>__fixdfsi</name>
         <value>0x14e1</value>
         <object_component_ref idref="oc-f1"/>
      </symbol>
      <symbol id="sm-26e">
         <name>__aeabi_f2iz</name>
         <value>0x190d</value>
         <object_component_ref idref="oc-159"/>
      </symbol>
      <symbol id="sm-26f">
         <name>__fixsfsi</name>
         <value>0x190d</value>
         <object_component_ref idref="oc-159"/>
      </symbol>
      <symbol id="sm-275">
         <name>__aeabi_i2f</name>
         <value>0x1771</value>
         <object_component_ref idref="oc-15d"/>
      </symbol>
      <symbol id="sm-276">
         <name>__floatsisf</name>
         <value>0x1771</value>
         <object_component_ref idref="oc-15d"/>
      </symbol>
      <symbol id="sm-27c">
         <name>__aeabi_ui2f</name>
         <value>0x1b8d</value>
         <object_component_ref idref="oc-161"/>
      </symbol>
      <symbol id="sm-27d">
         <name>__floatunsisf</name>
         <value>0x1b8d</value>
         <object_component_ref idref="oc-161"/>
      </symbol>
      <symbol id="sm-283">
         <name>__aeabi_fcmpeq</name>
         <value>0x12e1</value>
         <object_component_ref idref="oc-cd"/>
      </symbol>
      <symbol id="sm-284">
         <name>__aeabi_fcmplt</name>
         <value>0x12f5</value>
         <object_component_ref idref="oc-cd"/>
      </symbol>
      <symbol id="sm-285">
         <name>__aeabi_fcmple</name>
         <value>0x1309</value>
         <object_component_ref idref="oc-cd"/>
      </symbol>
      <symbol id="sm-286">
         <name>__aeabi_fcmpge</name>
         <value>0x131d</value>
         <object_component_ref idref="oc-cd"/>
      </symbol>
      <symbol id="sm-287">
         <name>__aeabi_fcmpgt</name>
         <value>0x1331</value>
         <object_component_ref idref="oc-cd"/>
      </symbol>
      <symbol id="sm-28d">
         <name>__aeabi_memcpy</name>
         <value>0x1f75</value>
         <object_component_ref idref="oc-3f"/>
      </symbol>
      <symbol id="sm-28e">
         <name>__aeabi_memcpy4</name>
         <value>0x1f75</value>
         <object_component_ref idref="oc-3f"/>
      </symbol>
      <symbol id="sm-28f">
         <name>__aeabi_memcpy8</name>
         <value>0x1f75</value>
         <object_component_ref idref="oc-3f"/>
      </symbol>
      <symbol id="sm-295">
         <name>__aeabi_uidiv</name>
         <value>0x15b5</value>
         <object_component_ref idref="oc-155"/>
      </symbol>
      <symbol id="sm-296">
         <name>__aeabi_uidivmod</name>
         <value>0x15b5</value>
         <object_component_ref idref="oc-155"/>
      </symbol>
      <symbol id="sm-29f">
         <name>__eqsf2</name>
         <value>0x1825</value>
         <object_component_ref idref="oc-14c"/>
      </symbol>
      <symbol id="sm-2a0">
         <name>__lesf2</name>
         <value>0x1825</value>
         <object_component_ref idref="oc-14c"/>
      </symbol>
      <symbol id="sm-2a1">
         <name>__ltsf2</name>
         <value>0x1825</value>
         <object_component_ref idref="oc-14c"/>
      </symbol>
      <symbol id="sm-2a2">
         <name>__nesf2</name>
         <value>0x1825</value>
         <object_component_ref idref="oc-14c"/>
      </symbol>
      <symbol id="sm-2a3">
         <name>__cmpsf2</name>
         <value>0x1825</value>
         <object_component_ref idref="oc-14c"/>
      </symbol>
      <symbol id="sm-2a4">
         <name>__gtsf2</name>
         <value>0x17ad</value>
         <object_component_ref idref="oc-151"/>
      </symbol>
      <symbol id="sm-2a5">
         <name>__gesf2</name>
         <value>0x17ad</value>
         <object_component_ref idref="oc-151"/>
      </symbol>
      <symbol id="sm-2ab">
         <name>__muldsi3</name>
         <value>0x1861</value>
         <object_component_ref idref="oc-19c"/>
      </symbol>
      <symbol id="sm-2b5">
         <name>__aeabi_idiv0</name>
         <value>0x76f</value>
         <object_component_ref idref="oc-193"/>
      </symbol>
      <symbol id="sm-2be">
         <name>TI_memcpy_small</name>
         <value>0x1f0d</value>
         <object_component_ref idref="oc-72"/>
      </symbol>
      <symbol id="sm-2bf">
         <name>__TI_static_base__</name>
         <value>0x0</value>
      </symbol>
      <symbol id="sm-2c2">
         <name>__mpu_init</name>
         <value>0x0</value>
      </symbol>
      <symbol id="sm-2c3">
         <name>_system_post_cinit</name>
         <value>0x0</value>
      </symbol>
   </symbol_table>
   <title>Link successful</title>
</link_info>
