******************************************************************************
            TI ARM Clang Linker PC v3.2.2                      
******************************************************************************
>> Linked Fri Aug 23 20:08:38 2024

OUTPUT FILE NAME:   <5_ui.out>
ENTRY POINT SYMBOL: "_c_int00_noargs"  address: 00000c41


MEMORY CONFIGURATION

         name            origin    length      used     unused   attr    fill
----------------------  --------  ---------  --------  --------  ----  --------
  FLASH                 00000000   00020000  00001708  0001e8f8  R  X
  SRAM                  20200000   00008000  0000021d  00007de3  RW X
  BCR_CONFIG            41c00000   00000080  00000000  00000080  R   
  BSL_CONFIG            41c00100   00000080  00000000  00000080  R   


SEGMENT ALLOCATION MAP

run origin  load origin   length   init length attrs members
----------  ----------- ---------- ----------- ----- -------
00000000    00000000    00001708   00001708    r-x
  00000000    00000000    000000c0   000000c0    r-- .intvecs
  000000c0    000000c0    00000de8   00000de8    r-x .text
  00000ea8    00000ea8    00000830   00000830    r-- .rodata
  000016d8    000016d8    00000030   00000030    r-- .cinit
20200000    20200000    00000020   00000000    rw-
  20200000    20200000    00000011   00000000    rw- .data
  20200014    20200014    0000000c   00000000    rw- .bss
20207e00    20207e00    00000200   00000000    rw-
  20207e00    20207e00    00000200   00000000    rw- .stack


SECTION ALLOCATION MAP

 output                                  attributes/
section   page    origin      length       input sections
--------  ----  ----------  ----------   ----------------
.intvecs   0    00000000    000000c0     
                  00000000    000000c0     startup_mspm0g350x_ticlang.o (.intvecs)

.text      0    000000c0    00000de8     
                  000000c0    000002ec     Key.o (.text.key_read)
                  000003ac    00000118     oled.o (.text.OLED_ShowChar)
                  000004c4    000000fa     oled.o (.text.OLED_Init)
                  000005be    000000f6     oled.o (.text.OLED_ShowNum)
                  000006b4    000000e8     Key.o (.text.oled_show)
                  0000079c    00000078     libc.a : copy_decompress_lzss.c.obj (.text:decompress:lzss)
                  00000814    00000074     oled.o (.text.Send_Byte)
                  00000888    00000070     oled.o (.text.OLED_ShowString)
                  000008f8    0000006a     oled.o (.text.OLED_Clear)
                  00000962    00000002     libclang_rt.builtins.a : aeabi_div0.c.obj (.text.__aeabi_idiv0)
                  00000964    00000064     ti_msp_dl_config.o (.text.SYSCFG_DL_GPIO_init)
                  000009c8    0000004e     oled.o (.text.OLED_WR_Byte)
                  00000a16    00000002     --HOLE-- [fill = 0]
                  00000a18    00000040     libclang_rt.builtins.a : aeabi_uidivmod.S.obj (.text.__aeabi_uidivmod)
                  00000a58    0000003c     oled.o (.text.OLED_Set_Pos)
                  00000a94    0000003c     libc.a : autoinit.c.obj (.text:__TI_auto_init_nobinit_nopinit)
                  00000ad0    00000034     ti_msp_dl_config.o (.text.DL_GPIO_initDigitalInputFeatures)
                  00000b04    00000034     oled.o (.text.I2C_Start)
                  00000b38    00000034     ti_msp_dl_config.o (.text.SYSCFG_DL_initPower)
                  00000b6c    00000030     oled.o (.text.oled_pow)
                  00000b9c    0000002a     ti_msp_dl_config.o (.text.SYSCFG_DL_SYSCTL_init)
                  00000bc6    00000028     ti_msp_dl_config.o (.text.DL_Common_updateReg)
                  00000bee    00000002     --HOLE-- [fill = 0]
                  00000bf0    00000028     oled.o (.text.I2C_Stop)
                  00000c18    00000028     oled.o (.text.I2C_WaitAck)
                  00000c40    00000028     libc.a : boot_cortex_m.c.obj (.text:_c_int00_noargs)
                  00000c68    00000024     main.o (.text.main)
                  00000c8c    00000022     oled.o (.text.delay_ms)
                  00000cae    00000002     --HOLE-- [fill = 0]
                  00000cb0    0000001c     ti_msp_dl_config.o (.text.DL_GPIO_initDigitalInput)
                  00000ccc    0000001c     ti_msp_dl_config.o (.text.DL_SYSCTL_setMCLKDivider)
                  00000ce8    0000001c     ti_msp_dl_config.o (.text.DL_SYSCTL_setSYSOSCFreq)
                  00000d04    0000001c     ti_msp_dl_config.o (.text.DL_SYSCTL_setULPCLKDivider)
                  00000d20    00000018     ti_msp_dl_config.o (.text.DL_GPIO_enableOutput)
                  00000d38    00000018     ti_msp_dl_config.o (.text.DL_GPIO_enablePower)
                  00000d50    00000018     ti_msp_dl_config.o (.text.DL_GPIO_initDigitalOutput)
                  00000d68    00000018     ti_msp_dl_config.o (.text.DL_GPIO_reset)
                  00000d80    00000018     oled.o (.text.DL_GPIO_setPins)
                  00000d98    00000018     ti_msp_dl_config.o (.text.DL_SYSCTL_setBORThreshold)
                  00000db0    00000016     Key.o (.text.DL_GPIO_readPins)
                  00000dc6    00000016     libc.a : copy_zero_init.c.obj (.text:decompress:ZI:__TI_zero_init_nomemset)
                  00000ddc    00000014     oled.o (.text.DL_GPIO_clearPins)
                  00000df0    00000014     ti_msp_dl_config.o (.text.DL_GPIO_clearPins)
                  00000e04    00000014     ti_msp_dl_config.o (.text.DL_SYSCTL_disableSYSPLL)
                  00000e18    00000014     Key.o (.text.para_init)
                  00000e2c    00000012     libc.a : memcpy16.S.obj (.text:TI_memcpy_small)
                  00000e3e    00000012            : copy_decompress_none.c.obj (.text:decompress:none)
                  00000e50    00000010     ti_msp_dl_config.o (.text.DL_SYSCTL_disableHFXT)
                  00000e60    00000010     main.o (.text.DL_SYSCTL_enableSleepOnExit)
                  00000e70    00000010     ti_msp_dl_config.o (.text.SYSCFG_DL_init)
                  00000e80    0000000a     driverlib.a : dl_common.o (.text.DL_Common_delayCycles)
                  00000e8a    00000002     --HOLE-- [fill = 0]
                  00000e8c    00000008     libclang_rt.builtins.a : aeabi_memcpy.S.obj (.text.__aeabi_memcpy)
                  00000e94    00000004     startup_mspm0g350x_ticlang.o (.text.Default_Handler)
                  00000e98    00000004     startup_mspm0g350x_ticlang.o (.text.Reset_Handler)
                  00000e9c    00000004     libc.a : pre_init.c.obj (.text._system_pre_init)
                  00000ea0    00000004            : exit.c.obj (.text:abort)
                  00000ea4    00000004     --HOLE-- [fill = 0]

.cinit     0    000016d8    00000030     
                  000016d8    0000000c     (.cinit..data.load) [load image, compression = lzss]
                  000016e4    0000000c     (__TI_handler_table)
                  000016f0    00000008     (.cinit..bss.load) [load image, compression = zero_init]
                  000016f8    00000010     (__TI_cinit_table)

.rodata    0    00000ea8    00000830     
                  00000ea8    000005f0     oled.o (.rodata.asc2_1608)
                  00001498    00000228     oled.o (.rodata.asc2_0806)
                  000016c0    00000007     Key.o (.rodata.str1.88197572960601424031)
                  000016c7    00000007     Key.o (.rodata.str1.9104675726601278381)
                  000016ce    00000003     Key.o (.rodata.str1.90109970983182571261)
                  000016d1    00000007     --HOLE-- [fill = 0]

.init_array 
*          0    00000000    00000000     UNINITIALIZED

.binit     0    00000000    00000000     

.data      0    20200000    00000011     UNINITIALIZED
                  20200000    00000004     Key.o (.data.count)
                  20200004    00000004     Key.o (.data.ui_flag)
                  20200008    00000002     Key.o (.data.para1)
                  2020000a    00000002     Key.o (.data.para2)
                  2020000c    00000001     Key.o (.data.change_flag)
                  2020000d    00000001     Key.o (.data.key_flag1)
                  2020000e    00000001     Key.o (.data.key_flag2)
                  2020000f    00000001     Key.o (.data.key_flag3)
                  20200010    00000001     Key.o (.data.key_flag4)

.bss       0    20200014    0000000c     UNINITIALIZED
                  20200014    00000004     (.common:i)
                  20200018    00000004     (.common:ui_flag_pre)
                  2020001c    00000004     (.common:ui_temp)

.stack     0    20207e00    00000200     UNINITIALIZED
                  20207e00    00000004     libc.a : boot_cortex_m.c.obj (.stack)
                  20207e04    000001fc     --HOLE--

__llvm_prf_cnts 
*          0    20200000    00000000     UNINITIALIZED

__llvm_prf_bits 
*          0    20200000    00000000     UNINITIALIZED

MODULE SUMMARY

       Module                         code   ro data   rw data
       ------                         ----   -------   -------
    .\
       ti_msp_dl_config.o             590    0         0      
       startup_mspm0g350x_ticlang.o   8      192       0      
       main.o                         52     0         0      
    +--+------------------------------+------+---------+---------+
       Total:                         650    192       0      
                                                              
    .\Key\
       Key.o                          1022   17        29     
    +--+------------------------------+------+---------+---------+
       Total:                         1022   17        29     
                                                              
    .\OLED\
       oled.o                         1506   2072      0      
    +--+------------------------------+------+---------+---------+
       Total:                         1506   2072      0      
                                                              
    C:/ti/mspm0_sdk_2_01_00_03/source/ti/driverlib/lib/ticlang/m0p/mspm0g1x0x_g3x0x/driverlib.a
       dl_common.o                    10     0         0      
    +--+------------------------------+------+---------+---------+
       Total:                         10     0         0      
                                                              
    C:\ti\ccs1260\ccs\tools\compiler\ti-cgt-armllvm_3.2.2.LTS\lib\armv6m-ti-none-eabi/c/libc.a
       copy_decompress_lzss.c.obj     120    0         0      
       autoinit.c.obj                 60     0         0      
       boot_cortex_m.c.obj            40     0         0      
       copy_zero_init.c.obj           22     0         0      
       copy_decompress_none.c.obj     18     0         0      
       memcpy16.S.obj                 18     0         0      
       exit.c.obj                     4      0         0      
       pre_init.c.obj                 4      0         0      
    +--+------------------------------+------+---------+---------+
       Total:                         286    0         0      
                                                              
    C:\ti\ccs1260\ccs\tools\compiler\ti-cgt-armllvm_3.2.2.LTS\lib\clang/15.0.7/lib/armv6m-ti-none-eabi/libclang_rt.builtins.a
       aeabi_uidivmod.S.obj           64     0         0      
       aeabi_memcpy.S.obj             8      0         0      
       aeabi_div0.c.obj               2      0         0      
    +--+------------------------------+------+---------+---------+
       Total:                         74     0         0      
                                                              
       Stack:                         0      0         512    
       Linker Generated:              0      48        0      
    +--+------------------------------+------+---------+---------+
       Grand Total:                   3548   2329      541    


LINKER GENERATED COPY TABLES

__TI_cinit_table @ 000016f8 records: 2, size/record: 8, table size: 16
	.data: load addr=000016d8, load size=0000000c bytes, run addr=20200000, run size=00000011 bytes, compression=lzss
	.bss: load addr=000016f0, load size=00000008 bytes, run addr=20200014, run size=0000000c bytes, compression=zero_init


LINKER GENERATED HANDLER TABLE

__TI_handler_table @ 000016e4 records: 3, size/record: 4, table size: 12
	index: 0, handler: __TI_decompress_lzss
	index: 1, handler: __TI_decompress_none
	index: 2, handler: __TI_zero_init


GLOBAL SYMBOLS: SORTED ALPHABETICALLY BY Name 

address   name                          
-------   ----                          
00000e95  ADC0_IRQHandler               
00000e95  ADC1_IRQHandler               
00000e95  AES_IRQHandler                
00000ea0  C$$EXIT                       
00000e95  CANFD0_IRQHandler             
00000e95  DAC0_IRQHandler               
00000e81  DL_Common_delayCycles         
00000e95  DMA_IRQHandler                
00000e95  Default_Handler               
00000e95  GROUP0_IRQHandler             
00000e95  GROUP1_IRQHandler             
00000e95  HardFault_Handler             
00000e95  I2C0_IRQHandler               
00000e95  I2C1_IRQHandler               
00000b05  I2C_Start                     
00000bf1  I2C_Stop                      
00000c19  I2C_WaitAck                   
00000e95  NMI_Handler                   
000008f9  OLED_Clear                    
000004c5  OLED_Init                     
00000a59  OLED_Set_Pos                  
000003ad  OLED_ShowChar                 
000005bf  OLED_ShowNum                  
00000889  OLED_ShowString               
000009c9  OLED_WR_Byte                  
00000e95  PendSV_Handler                
00000e95  RTC_IRQHandler                
00000e99  Reset_Handler                 
00000e95  SPI0_IRQHandler               
00000e95  SPI1_IRQHandler               
00000e95  SVC_Handler                   
00000965  SYSCFG_DL_GPIO_init           
00000b9d  SYSCFG_DL_SYSCTL_init         
00000e71  SYSCFG_DL_init                
00000b39  SYSCFG_DL_initPower           
00000815  Send_Byte                     
00000e95  SysTick_Handler               
00000e95  TIMA0_IRQHandler              
00000e95  TIMA1_IRQHandler              
00000e95  TIMG0_IRQHandler              
00000e95  TIMG12_IRQHandler             
00000e95  TIMG6_IRQHandler              
00000e95  TIMG7_IRQHandler              
00000e95  TIMG8_IRQHandler              
00000e2d  TI_memcpy_small               
00000e95  UART0_IRQHandler              
00000e95  UART1_IRQHandler              
00000e95  UART2_IRQHandler              
00000e95  UART3_IRQHandler              
20208000  __STACK_END                   
00000200  __STACK_SIZE                  
00000000  __TI_ATRegion0_region_sz      
00000000  __TI_ATRegion0_src_addr       
00000000  __TI_ATRegion0_trg_addr       
00000000  __TI_ATRegion1_region_sz      
00000000  __TI_ATRegion1_src_addr       
00000000  __TI_ATRegion1_trg_addr       
00000000  __TI_ATRegion2_region_sz      
00000000  __TI_ATRegion2_src_addr       
00000000  __TI_ATRegion2_trg_addr       
000016f8  __TI_CINIT_Base               
00001708  __TI_CINIT_Limit              
00001708  __TI_CINIT_Warm               
000016e4  __TI_Handler_Table_Base       
000016f0  __TI_Handler_Table_Limit      
00000a95  __TI_auto_init_nobinit_nopinit
0000079d  __TI_decompress_lzss          
00000e3f  __TI_decompress_none          
ffffffff  __TI_pprof_out_hndl           
ffffffff  __TI_prof_data_size           
ffffffff  __TI_prof_data_start          
00000000  __TI_static_base__            
00000dc7  __TI_zero_init_nomemset       
00000963  __aeabi_idiv0                 
00000e8d  __aeabi_memcpy                
00000e8d  __aeabi_memcpy4               
00000e8d  __aeabi_memcpy8               
00000a19  __aeabi_uidiv                 
00000a19  __aeabi_uidivmod              
ffffffff  __binit__                     
UNDEFED   __mpu_init                    
20207e00  __stack                       
20200000  __start___llvm_prf_bits       
20200000  __start___llvm_prf_cnts       
20200000  __stop___llvm_prf_bits        
20200000  __stop___llvm_prf_cnts        
00000c41  _c_int00_noargs               
UNDEFED   _system_post_cinit            
00000e9d  _system_pre_init              
00000ea1  abort                         
00001498  asc2_0806                     
00000ea8  asc2_1608                     
ffffffff  binit                         
2020000c  change_flag                   
20200000  count                         
00000c8d  delay_ms                      
20200014  i                             
00000000  interruptVectors              
2020000d  key_flag1                     
2020000e  key_flag2                     
2020000f  key_flag3                     
20200010  key_flag4                     
000000c1  key_read                      
00000c69  main                          
00000b6d  oled_pow                      
000006b5  oled_show                     
20200008  para1                         
2020000a  para2                         
00000e19  para_init                     
20200004  ui_flag                       
20200018  ui_flag_pre                   
2020001c  ui_temp                       


GLOBAL SYMBOLS: SORTED BY Symbol Address 

address   name                          
-------   ----                          
00000000  __TI_ATRegion0_region_sz      
00000000  __TI_ATRegion0_src_addr       
00000000  __TI_ATRegion0_trg_addr       
00000000  __TI_ATRegion1_region_sz      
00000000  __TI_ATRegion1_src_addr       
00000000  __TI_ATRegion1_trg_addr       
00000000  __TI_ATRegion2_region_sz      
00000000  __TI_ATRegion2_src_addr       
00000000  __TI_ATRegion2_trg_addr       
00000000  __TI_static_base__            
00000000  interruptVectors              
000000c1  key_read                      
00000200  __STACK_SIZE                  
000003ad  OLED_ShowChar                 
000004c5  OLED_Init                     
000005bf  OLED_ShowNum                  
000006b5  oled_show                     
0000079d  __TI_decompress_lzss          
00000815  Send_Byte                     
00000889  OLED_ShowString               
000008f9  OLED_Clear                    
00000963  __aeabi_idiv0                 
00000965  SYSCFG_DL_GPIO_init           
000009c9  OLED_WR_Byte                  
00000a19  __aeabi_uidiv                 
00000a19  __aeabi_uidivmod              
00000a59  OLED_Set_Pos                  
00000a95  __TI_auto_init_nobinit_nopinit
00000b05  I2C_Start                     
00000b39  SYSCFG_DL_initPower           
00000b6d  oled_pow                      
00000b9d  SYSCFG_DL_SYSCTL_init         
00000bf1  I2C_Stop                      
00000c19  I2C_WaitAck                   
00000c41  _c_int00_noargs               
00000c69  main                          
00000c8d  delay_ms                      
00000dc7  __TI_zero_init_nomemset       
00000e19  para_init                     
00000e2d  TI_memcpy_small               
00000e3f  __TI_decompress_none          
00000e71  SYSCFG_DL_init                
00000e81  DL_Common_delayCycles         
00000e8d  __aeabi_memcpy                
00000e8d  __aeabi_memcpy4               
00000e8d  __aeabi_memcpy8               
00000e95  ADC0_IRQHandler               
00000e95  ADC1_IRQHandler               
00000e95  AES_IRQHandler                
00000e95  CANFD0_IRQHandler             
00000e95  DAC0_IRQHandler               
00000e95  DMA_IRQHandler                
00000e95  Default_Handler               
00000e95  GROUP0_IRQHandler             
00000e95  GROUP1_IRQHandler             
00000e95  HardFault_Handler             
00000e95  I2C0_IRQHandler               
00000e95  I2C1_IRQHandler               
00000e95  NMI_Handler                   
00000e95  PendSV_Handler                
00000e95  RTC_IRQHandler                
00000e95  SPI0_IRQHandler               
00000e95  SPI1_IRQHandler               
00000e95  SVC_Handler                   
00000e95  SysTick_Handler               
00000e95  TIMA0_IRQHandler              
00000e95  TIMA1_IRQHandler              
00000e95  TIMG0_IRQHandler              
00000e95  TIMG12_IRQHandler             
00000e95  TIMG6_IRQHandler              
00000e95  TIMG7_IRQHandler              
00000e95  TIMG8_IRQHandler              
00000e95  UART0_IRQHandler              
00000e95  UART1_IRQHandler              
00000e95  UART2_IRQHandler              
00000e95  UART3_IRQHandler              
00000e99  Reset_Handler                 
00000e9d  _system_pre_init              
00000ea0  C$$EXIT                       
00000ea1  abort                         
00000ea8  asc2_1608                     
00001498  asc2_0806                     
000016e4  __TI_Handler_Table_Base       
000016f0  __TI_Handler_Table_Limit      
000016f8  __TI_CINIT_Base               
00001708  __TI_CINIT_Limit              
00001708  __TI_CINIT_Warm               
20200000  __start___llvm_prf_bits       
20200000  __start___llvm_prf_cnts       
20200000  __stop___llvm_prf_bits        
20200000  __stop___llvm_prf_cnts        
20200000  count                         
20200004  ui_flag                       
20200008  para1                         
2020000a  para2                         
2020000c  change_flag                   
2020000d  key_flag1                     
2020000e  key_flag2                     
2020000f  key_flag3                     
20200010  key_flag4                     
20200014  i                             
20200018  ui_flag_pre                   
2020001c  ui_temp                       
20207e00  __stack                       
20208000  __STACK_END                   
ffffffff  __TI_pprof_out_hndl           
ffffffff  __TI_prof_data_size           
ffffffff  __TI_prof_data_start          
ffffffff  __binit__                     
ffffffff  binit                         
UNDEFED   __mpu_init                    
UNDEFED   _system_post_cinit            

[112 symbols]
