<?xml version="1.0" encoding="ISO-8859-1" ?>
<link_info>
   <banner>TI ARM Clang Linker PC v3.2.2.LTS</banner>
   <copyright>Copyright (c) 1996-2018 Texas Instruments Incorporated</copyright>
   <link_time>0x66c8a7cd</link_time>
   <link_errors>0x0</link_errors>
   <output_file>C:\Users\observer\Desktop\mspm0g3507\01-workspace\7_ui_uart\Debug\7_ui_uart.out</output_file>
   <entry_point>
      <name>_c_int00_noargs</name>
      <address>0x100d</address>
   </entry_point>
   <input_file_list>
      <input_file id="fl-1">
         <path>C:\Users\observer\Desktop\mspm0g3507\01-workspace\7_ui_uart\Debug\.\</path>
         <kind>object</kind>
         <file>main.o</file>
         <name>main.o</name>
      </input_file>
      <input_file id="fl-2">
         <path>C:\Users\observer\Desktop\mspm0g3507\01-workspace\7_ui_uart\Debug\.\</path>
         <kind>object</kind>
         <file>ti_msp_dl_config.o</file>
         <name>ti_msp_dl_config.o</name>
      </input_file>
      <input_file id="fl-3">
         <path>C:\Users\observer\Desktop\mspm0g3507\01-workspace\7_ui_uart\Debug\.\</path>
         <kind>object</kind>
         <file>startup_mspm0g350x_ticlang.o</file>
         <name>startup_mspm0g350x_ticlang.o</name>
      </input_file>
      <input_file id="fl-4">
         <path>C:\Users\observer\Desktop\mspm0g3507\01-workspace\7_ui_uart\Debug\.\Key\</path>
         <kind>object</kind>
         <file>Key.o</file>
         <name>Key.o</name>
      </input_file>
      <input_file id="fl-5">
         <path>C:\Users\observer\Desktop\mspm0g3507\01-workspace\7_ui_uart\Debug\.\OLED\</path>
         <kind>object</kind>
         <file>oled.o</file>
         <name>oled.o</name>
      </input_file>
      <input_file id="fl-6">
         <path>C:\Users\observer\Desktop\mspm0g3507\01-workspace\7_ui_uart\Debug\.\UART\</path>
         <kind>object</kind>
         <file>uart.o</file>
         <name>uart.o</name>
      </input_file>
      <input_file id="fl-13">
         <path>C:\Users\observer\Desktop\mspm0g3507\01-workspace\7_ui_uart\Debug\</path>
         <kind>object</kind>
         <file>&lt;internal&gt;</file>
         <name>&lt;internal&gt;</name>
      </input_file>
      <input_file id="fl-14">
         <path>C:\ti\mspm0_sdk_2_01_00_03\source\ti\driverlib\lib\ticlang\m0p\mspm0g1x0x_g3x0x\</path>
         <kind>archive</kind>
         <file>driverlib.a</file>
         <name>dl_common.o</name>
      </input_file>
      <input_file id="fl-15">
         <path>C:\ti\mspm0_sdk_2_01_00_03\source\ti\driverlib\lib\ticlang\m0p\mspm0g1x0x_g3x0x\</path>
         <kind>archive</kind>
         <file>driverlib.a</file>
         <name>dl_uart.o</name>
      </input_file>
      <input_file id="fl-16">
         <path>C:\ti\mspm0_sdk_2_01_00_03\source\ti\driverlib\lib\ticlang\m0p\mspm0g1x0x_g3x0x\</path>
         <kind>archive</kind>
         <file>driverlib.a</file>
         <name>dl_sysctl_mspm0g1x0x_g3x0x.o</name>
      </input_file>
      <input_file id="fl-25">
         <path>C:\ti\ccs1260\ccs\tools\compiler\ti-cgt-armllvm_3.2.2.LTS\lib\armv6m-ti-none-eabi\c\</path>
         <kind>archive</kind>
         <file>libc.a</file>
         <name>boot_cortex_m.c.obj</name>
      </input_file>
      <input_file id="fl-26">
         <path>C:\ti\ccs1260\ccs\tools\compiler\ti-cgt-armllvm_3.2.2.LTS\lib\armv6m-ti-none-eabi\c\</path>
         <kind>archive</kind>
         <file>libc.a</file>
         <name>mathacl_init.c.obj</name>
      </input_file>
      <input_file id="fl-27">
         <path>C:\ti\ccs1260\ccs\tools\compiler\ti-cgt-armllvm_3.2.2.LTS\lib\armv6m-ti-none-eabi\c\</path>
         <kind>archive</kind>
         <file>libc.a</file>
         <name>autoinit.c.obj</name>
      </input_file>
      <input_file id="fl-28">
         <path>C:\ti\ccs1260\ccs\tools\compiler\ti-cgt-armllvm_3.2.2.LTS\lib\armv6m-ti-none-eabi\c\</path>
         <kind>archive</kind>
         <file>libc.a</file>
         <name>pre_init.c.obj</name>
      </input_file>
      <input_file id="fl-29">
         <path>C:\ti\ccs1260\ccs\tools\compiler\ti-cgt-armllvm_3.2.2.LTS\lib\armv6m-ti-none-eabi\c\</path>
         <kind>archive</kind>
         <file>libc.a</file>
         <name>cpy_tbl.c.obj</name>
      </input_file>
      <input_file id="fl-2a">
         <path>C:\ti\ccs1260\ccs\tools\compiler\ti-cgt-armllvm_3.2.2.LTS\lib\armv6m-ti-none-eabi\c\</path>
         <kind>archive</kind>
         <file>libc.a</file>
         <name>copy_zero_init.c.obj</name>
      </input_file>
      <input_file id="fl-2b">
         <path>C:\ti\ccs1260\ccs\tools\compiler\ti-cgt-armllvm_3.2.2.LTS\lib\armv6m-ti-none-eabi\c\</path>
         <kind>archive</kind>
         <file>libc.a</file>
         <name>copy_decompress_none.c.obj</name>
      </input_file>
      <input_file id="fl-2c">
         <path>C:\ti\ccs1260\ccs\tools\compiler\ti-cgt-armllvm_3.2.2.LTS\lib\armv6m-ti-none-eabi\c\</path>
         <kind>archive</kind>
         <file>libc.a</file>
         <name>copy_decompress_lzss.c.obj</name>
      </input_file>
      <input_file id="fl-2d">
         <path>C:\ti\ccs1260\ccs\tools\compiler\ti-cgt-armllvm_3.2.2.LTS\lib\armv6m-ti-none-eabi\c\</path>
         <kind>archive</kind>
         <file>libc.a</file>
         <name>exit.c.obj</name>
      </input_file>
      <input_file id="fl-2e">
         <path>C:\ti\ccs1260\ccs\tools\compiler\ti-cgt-armllvm_3.2.2.LTS\lib\armv6m-ti-none-eabi\c\</path>
         <kind>archive</kind>
         <file>libc.a</file>
         <name>_lock.c.obj</name>
      </input_file>
      <input_file id="fl-2f">
         <path>C:\ti\ccs1260\ccs\tools\compiler\ti-cgt-armllvm_3.2.2.LTS\lib\armv6m-ti-none-eabi\c\</path>
         <kind>archive</kind>
         <file>libc.a</file>
         <name>args_main.c.obj</name>
      </input_file>
      <input_file id="fl-95">
         <path>C:\ti\ccs1260\ccs\tools\compiler\ti-cgt-armllvm_3.2.2.LTS\lib\clang\15.0.7\lib\armv6m-ti-none-eabi\</path>
         <kind>archive</kind>
         <file>libclang_rt.builtins.a</file>
         <name>addsf3.S.obj</name>
      </input_file>
      <input_file id="fl-96">
         <path>C:\ti\ccs1260\ccs\tools\compiler\ti-cgt-armllvm_3.2.2.LTS\lib\clang\15.0.7\lib\armv6m-ti-none-eabi\</path>
         <kind>archive</kind>
         <file>libclang_rt.builtins.a</file>
         <name>mulsf3.S.obj</name>
      </input_file>
      <input_file id="fl-97">
         <path>C:\ti\ccs1260\ccs\tools\compiler\ti-cgt-armllvm_3.2.2.LTS\lib\clang\15.0.7\lib\armv6m-ti-none-eabi\</path>
         <kind>archive</kind>
         <file>libclang_rt.builtins.a</file>
         <name>fixsfsi.S.obj</name>
      </input_file>
      <input_file id="fl-98">
         <path>C:\ti\ccs1260\ccs\tools\compiler\ti-cgt-armllvm_3.2.2.LTS\lib\clang\15.0.7\lib\armv6m-ti-none-eabi\</path>
         <kind>archive</kind>
         <file>libclang_rt.builtins.a</file>
         <name>floatsisf.S.obj</name>
      </input_file>
      <input_file id="fl-99">
         <path>C:\ti\ccs1260\ccs\tools\compiler\ti-cgt-armllvm_3.2.2.LTS\lib\clang\15.0.7\lib\armv6m-ti-none-eabi\</path>
         <kind>archive</kind>
         <file>libclang_rt.builtins.a</file>
         <name>floatunsisf.S.obj</name>
      </input_file>
      <input_file id="fl-9a">
         <path>C:\ti\ccs1260\ccs\tools\compiler\ti-cgt-armllvm_3.2.2.LTS\lib\clang\15.0.7\lib\armv6m-ti-none-eabi\</path>
         <kind>archive</kind>
         <file>libclang_rt.builtins.a</file>
         <name>aeabi_fcmp.S.obj</name>
      </input_file>
      <input_file id="fl-9b">
         <path>C:\ti\ccs1260\ccs\tools\compiler\ti-cgt-armllvm_3.2.2.LTS\lib\clang\15.0.7\lib\armv6m-ti-none-eabi\</path>
         <kind>archive</kind>
         <file>libclang_rt.builtins.a</file>
         <name>aeabi_memcpy.S.obj</name>
      </input_file>
      <input_file id="fl-9c">
         <path>C:\ti\ccs1260\ccs\tools\compiler\ti-cgt-armllvm_3.2.2.LTS\lib\clang\15.0.7\lib\armv6m-ti-none-eabi\</path>
         <kind>archive</kind>
         <file>libclang_rt.builtins.a</file>
         <name>aeabi_memset.S.obj</name>
      </input_file>
      <input_file id="fl-9d">
         <path>C:\ti\ccs1260\ccs\tools\compiler\ti-cgt-armllvm_3.2.2.LTS\lib\clang\15.0.7\lib\armv6m-ti-none-eabi\</path>
         <kind>archive</kind>
         <file>libclang_rt.builtins.a</file>
         <name>aeabi_uidivmod.S.obj</name>
      </input_file>
      <input_file id="fl-9e">
         <path>C:\ti\ccs1260\ccs\tools\compiler\ti-cgt-armllvm_3.2.2.LTS\lib\clang\15.0.7\lib\armv6m-ti-none-eabi\</path>
         <kind>archive</kind>
         <file>libclang_rt.builtins.a</file>
         <name>comparesf2.S.obj</name>
      </input_file>
      <input_file id="fl-9f">
         <path>C:\ti\ccs1260\ccs\tools\compiler\ti-cgt-armllvm_3.2.2.LTS\lib\clang\15.0.7\lib\armv6m-ti-none-eabi\</path>
         <kind>archive</kind>
         <file>libclang_rt.builtins.a</file>
         <name>muldsi3.S.obj</name>
      </input_file>
      <input_file id="fl-a0">
         <path>C:\ti\ccs1260\ccs\tools\compiler\ti-cgt-armllvm_3.2.2.LTS\lib\clang\15.0.7\lib\armv6m-ti-none-eabi\</path>
         <kind>archive</kind>
         <file>libclang_rt.builtins.a</file>
         <name>aeabi_div0.c.obj</name>
      </input_file>
      <input_file id="fl-a1">
         <path>C:\ti\ccs1260\ccs\tools\compiler\ti-cgt-armllvm_3.2.2.LTS\lib\armv6m-ti-none-eabi\c\</path>
         <kind>archive</kind>
         <file>libc.a</file>
         <name>memcpy16.S.obj</name>
      </input_file>
      <input_file id="fl-a2">
         <path>C:\ti\ccs1260\ccs\tools\compiler\ti-cgt-armllvm_3.2.2.LTS\lib\armv6m-ti-none-eabi\c\</path>
         <kind>archive</kind>
         <file>libc.a</file>
         <name>memset16.S.obj</name>
      </input_file>
   </input_file_list>
   <object_component_list>
      <object_component id="oc-18">
         <name>.intvecs</name>
         <load_address>0x0</load_address>
         <readonly>true</readonly>
         <run_address>0x0</run_address>
         <size>0xc0</size>
         <alignment>0x4</alignment>
         <input_file_ref idref="fl-3"/>
      </object_component>
      <object_component id="oc-99">
         <name>.text.key_read</name>
         <load_address>0xc0</load_address>
         <readonly>true</readonly>
         <executable>true</executable>
         <run_address>0xc0</run_address>
         <size>0x2ec</size>
         <alignment>0x4</alignment>
         <input_file_ref idref="fl-4"/>
      </object_component>
      <object_component id="oc-11c">
         <name>.text.OLED_ShowChar</name>
         <load_address>0x3ac</load_address>
         <readonly>true</readonly>
         <executable>true</executable>
         <run_address>0x3ac</run_address>
         <size>0x118</size>
         <alignment>0x4</alignment>
         <input_file_ref idref="fl-5"/>
      </object_component>
      <object_component id="oc-8d">
         <name>.text.OLED_Init</name>
         <load_address>0x4c4</load_address>
         <readonly>true</readonly>
         <executable>true</executable>
         <run_address>0x4c4</run_address>
         <size>0xfa</size>
         <alignment>0x2</alignment>
         <input_file_ref idref="fl-5"/>
      </object_component>
      <object_component id="oc-d6">
         <name>.text.OLED_ShowNum</name>
         <load_address>0x5be</load_address>
         <readonly>true</readonly>
         <executable>true</executable>
         <run_address>0x5be</run_address>
         <size>0xf6</size>
         <alignment>0x2</alignment>
         <input_file_ref idref="fl-5"/>
      </object_component>
      <object_component id="oc-9a">
         <name>.text.oled_show</name>
         <load_address>0x6b4</load_address>
         <readonly>true</readonly>
         <executable>true</executable>
         <run_address>0x6b4</run_address>
         <size>0xe8</size>
         <alignment>0x4</alignment>
         <input_file_ref idref="fl-4"/>
      </object_component>
      <object_component id="oc-ff">
         <name>.text.DL_SYSCTL_configSYSPLL</name>
         <load_address>0x79c</load_address>
         <readonly>true</readonly>
         <executable>true</executable>
         <run_address>0x79c</run_address>
         <size>0xdc</size>
         <alignment>0x4</alignment>
         <input_file_ref idref="fl-16"/>
      </object_component>
      <object_component id="oc-1c">
         <name>.text:decompress:lzss</name>
         <load_address>0x878</load_address>
         <readonly>true</readonly>
         <executable>true</executable>
         <run_address>0x878</run_address>
         <size>0x78</size>
         <alignment>0x4</alignment>
         <input_file_ref idref="fl-2c"/>
      </object_component>
      <object_component id="oc-bf">
         <name>.text.SYSCFG_DL_GPIO_init</name>
         <load_address>0x8f0</load_address>
         <readonly>true</readonly>
         <executable>true</executable>
         <run_address>0x8f0</run_address>
         <size>0x74</size>
         <alignment>0x4</alignment>
         <input_file_ref idref="fl-2"/>
      </object_component>
      <object_component id="oc-119">
         <name>.text.Send_Byte</name>
         <load_address>0x964</load_address>
         <readonly>true</readonly>
         <executable>true</executable>
         <run_address>0x964</run_address>
         <size>0x74</size>
         <alignment>0x4</alignment>
         <input_file_ref idref="fl-5"/>
      </object_component>
      <object_component id="oc-d5">
         <name>.text.OLED_ShowString</name>
         <load_address>0x9d8</load_address>
         <readonly>true</readonly>
         <executable>true</executable>
         <run_address>0x9d8</run_address>
         <size>0x70</size>
         <alignment>0x2</alignment>
         <input_file_ref idref="fl-5"/>
      </object_component>
      <object_component id="oc-c6">
         <name>.text.OLED_Clear</name>
         <load_address>0xa48</load_address>
         <readonly>true</readonly>
         <executable>true</executable>
         <run_address>0xa48</run_address>
         <size>0x6a</size>
         <alignment>0x2</alignment>
         <input_file_ref idref="fl-5"/>
      </object_component>
      <object_component id="oc-138">
         <name>.text.__aeabi_idiv0</name>
         <load_address>0xab2</load_address>
         <readonly>true</readonly>
         <executable>true</executable>
         <run_address>0xab2</run_address>
         <size>0x2</size>
         <alignment>0x2</alignment>
         <input_file_ref idref="fl-a0"/>
      </object_component>
      <object_component id="oc-c1">
         <name>.text.SYSCFG_DL_UART_0_init</name>
         <load_address>0xab4</load_address>
         <readonly>true</readonly>
         <executable>true</executable>
         <run_address>0xab4</run_address>
         <size>0x60</size>
         <alignment>0x4</alignment>
         <input_file_ref idref="fl-2"/>
      </object_component>
      <object_component id="oc-9b">
         <name>.text.uart_deal</name>
         <load_address>0xb14</load_address>
         <readonly>true</readonly>
         <executable>true</executable>
         <run_address>0xb14</run_address>
         <size>0x5c</size>
         <alignment>0x4</alignment>
         <input_file_ref idref="fl-6"/>
      </object_component>
      <object_component id="oc-34">
         <name>.text.UART0_IRQHandler</name>
         <load_address>0xb70</load_address>
         <readonly>true</readonly>
         <executable>true</executable>
         <run_address>0xb70</run_address>
         <size>0x50</size>
         <alignment>0x4</alignment>
         <input_file_ref idref="fl-6"/>
      </object_component>
      <object_component id="oc-c5">
         <name>.text.OLED_WR_Byte</name>
         <load_address>0xbc0</load_address>
         <readonly>true</readonly>
         <executable>true</executable>
         <run_address>0xbc0</run_address>
         <size>0x4e</size>
         <alignment>0x2</alignment>
         <input_file_ref idref="fl-5"/>
      </object_component>
      <object_component id="oc-110">
         <name>.text.DL_UART_setBaudRateDivisor</name>
         <load_address>0xc10</load_address>
         <readonly>true</readonly>
         <executable>true</executable>
         <run_address>0xc10</run_address>
         <size>0x4c</size>
         <alignment>0x4</alignment>
         <input_file_ref idref="fl-2"/>
      </object_component>
      <object_component id="oc-10e">
         <name>.text.DL_UART_init</name>
         <load_address>0xc5c</load_address>
         <readonly>true</readonly>
         <executable>true</executable>
         <run_address>0xc5c</run_address>
         <size>0x48</size>
         <alignment>0x4</alignment>
         <input_file_ref idref="fl-15"/>
      </object_component>
      <object_component id="oc-106">
         <name>.text.DL_SYSCTL_switchMCLKfromSYSOSCtoHSCLK</name>
         <load_address>0xca4</load_address>
         <readonly>true</readonly>
         <executable>true</executable>
         <run_address>0xca4</run_address>
         <size>0x44</size>
         <alignment>0x4</alignment>
         <input_file_ref idref="fl-16"/>
      </object_component>
      <object_component id="oc-be">
         <name>.text.SYSCFG_DL_initPower</name>
         <load_address>0xce8</load_address>
         <readonly>true</readonly>
         <executable>true</executable>
         <run_address>0xce8</run_address>
         <size>0x44</size>
         <alignment>0x4</alignment>
         <input_file_ref idref="fl-2"/>
      </object_component>
      <object_component id="oc-11e">
         <name>.text.__aeabi_uidivmod</name>
         <load_address>0xd2c</load_address>
         <readonly>true</readonly>
         <executable>true</executable>
         <run_address>0xd2c</run_address>
         <size>0x40</size>
         <alignment>0x4</alignment>
         <input_file_ref idref="fl-9d"/>
      </object_component>
      <object_component id="oc-135">
         <name>.text.OLED_Set_Pos</name>
         <load_address>0xd6c</load_address>
         <readonly>true</readonly>
         <executable>true</executable>
         <run_address>0xd6c</run_address>
         <size>0x3c</size>
         <alignment>0x2</alignment>
         <input_file_ref idref="fl-5"/>
      </object_component>
      <object_component id="oc-c0">
         <name>.text.SYSCFG_DL_SYSCTL_init</name>
         <load_address>0xda8</load_address>
         <readonly>true</readonly>
         <executable>true</executable>
         <run_address>0xda8</run_address>
         <size>0x3c</size>
         <alignment>0x4</alignment>
         <input_file_ref idref="fl-2"/>
      </object_component>
      <object_component id="oc-a5">
         <name>.text:__TI_auto_init_nobinit_nopinit</name>
         <load_address>0xde4</load_address>
         <readonly>true</readonly>
         <executable>true</executable>
         <run_address>0xde4</run_address>
         <size>0x3c</size>
         <alignment>0x4</alignment>
         <input_file_ref idref="fl-27"/>
      </object_component>
      <object_component id="oc-f7">
         <name>.text.DL_GPIO_initDigitalInputFeatures</name>
         <load_address>0xe20</load_address>
         <readonly>true</readonly>
         <executable>true</executable>
         <run_address>0xe20</run_address>
         <size>0x34</size>
         <alignment>0x4</alignment>
         <input_file_ref idref="fl-2"/>
      </object_component>
      <object_component id="oc-118">
         <name>.text.I2C_Start</name>
         <load_address>0xe54</load_address>
         <readonly>true</readonly>
         <executable>true</executable>
         <run_address>0xe54</run_address>
         <size>0x34</size>
         <alignment>0x4</alignment>
         <input_file_ref idref="fl-5"/>
      </object_component>
      <object_component id="oc-6f">
         <name>.text.main</name>
         <load_address>0xe88</load_address>
         <readonly>true</readonly>
         <executable>true</executable>
         <run_address>0xe88</run_address>
         <size>0x32</size>
         <alignment>0x2</alignment>
         <input_file_ref idref="fl-1"/>
      </object_component>
      <object_component id="oc-11d">
         <name>.text.oled_pow</name>
         <load_address>0xeba</load_address>
         <readonly>true</readonly>
         <executable>true</executable>
         <run_address>0xeba</run_address>
         <size>0x30</size>
         <alignment>0x2</alignment>
         <input_file_ref idref="fl-5"/>
      </object_component>
      <object_component id="oc-97">
         <name>.text.__NVIC_ClearPendingIRQ</name>
         <load_address>0xeec</load_address>
         <readonly>true</readonly>
         <executable>true</executable>
         <run_address>0xeec</run_address>
         <size>0x2c</size>
         <alignment>0x4</alignment>
         <input_file_ref idref="fl-1"/>
      </object_component>
      <object_component id="oc-98">
         <name>.text.__NVIC_EnableIRQ</name>
         <load_address>0xf18</load_address>
         <readonly>true</readonly>
         <executable>true</executable>
         <run_address>0xf18</run_address>
         <size>0x2c</size>
         <alignment>0x4</alignment>
         <input_file_ref idref="fl-1"/>
      </object_component>
      <object_component id="oc-12e">
         <name>.text.DL_Common_updateReg</name>
         <load_address>0xf44</load_address>
         <readonly>true</readonly>
         <executable>true</executable>
         <run_address>0xf44</run_address>
         <size>0x28</size>
         <alignment>0x2</alignment>
         <input_file_ref idref="fl-2"/>
      </object_component>
      <object_component id="oc-113">
         <name>.text.DL_UART_setRXFIFOThreshold</name>
         <load_address>0xf6c</load_address>
         <readonly>true</readonly>
         <executable>true</executable>
         <run_address>0xf6c</run_address>
         <size>0x28</size>
         <alignment>0x4</alignment>
         <input_file_ref idref="fl-2"/>
      </object_component>
      <object_component id="oc-114">
         <name>.text.DL_UART_setTXFIFOThreshold</name>
         <load_address>0xf94</load_address>
         <readonly>true</readonly>
         <executable>true</executable>
         <run_address>0xf94</run_address>
         <size>0x28</size>
         <alignment>0x4</alignment>
         <input_file_ref idref="fl-2"/>
      </object_component>
      <object_component id="oc-11b">
         <name>.text.I2C_Stop</name>
         <load_address>0xfbc</load_address>
         <readonly>true</readonly>
         <executable>true</executable>
         <run_address>0xfbc</run_address>
         <size>0x28</size>
         <alignment>0x4</alignment>
         <input_file_ref idref="fl-5"/>
      </object_component>
      <object_component id="oc-11a">
         <name>.text.I2C_WaitAck</name>
         <load_address>0xfe4</load_address>
         <readonly>true</readonly>
         <executable>true</executable>
         <run_address>0xfe4</run_address>
         <size>0x28</size>
         <alignment>0x4</alignment>
         <input_file_ref idref="fl-5"/>
      </object_component>
      <object_component id="oc-54">
         <name>.text:_c_int00_noargs</name>
         <load_address>0x100c</load_address>
         <readonly>true</readonly>
         <executable>true</executable>
         <run_address>0x100c</run_address>
         <size>0x28</size>
         <alignment>0x4</alignment>
         <input_file_ref idref="fl-25"/>
      </object_component>
      <object_component id="oc-c4">
         <name>.text.delay_ms</name>
         <load_address>0x1034</load_address>
         <readonly>true</readonly>
         <executable>true</executable>
         <run_address>0x1034</run_address>
         <size>0x24</size>
         <alignment>0x4</alignment>
         <input_file_ref idref="fl-5"/>
      </object_component>
      <object_component id="oc-f4">
         <name>.text.DL_GPIO_initPeripheralInputFunction</name>
         <load_address>0x1058</load_address>
         <readonly>true</readonly>
         <executable>true</executable>
         <run_address>0x1058</run_address>
         <size>0x20</size>
         <alignment>0x4</alignment>
         <input_file_ref idref="fl-2"/>
      </object_component>
      <object_component id="oc-fb">
         <name>.text.DL_SYSCTL_setFlashWaitState</name>
         <load_address>0x1078</load_address>
         <readonly>true</readonly>
         <executable>true</executable>
         <run_address>0x1078</run_address>
         <size>0x20</size>
         <alignment>0x4</alignment>
         <input_file_ref idref="fl-2"/>
      </object_component>
      <object_component id="oc-10f">
         <name>.text.DL_UART_setOversampling</name>
         <load_address>0x1098</load_address>
         <readonly>true</readonly>
         <executable>true</executable>
         <run_address>0x1098</run_address>
         <size>0x1e</size>
         <alignment>0x2</alignment>
         <input_file_ref idref="fl-2"/>
      </object_component>
      <object_component id="oc-f6">
         <name>.text.DL_GPIO_initDigitalInput</name>
         <load_address>0x10b8</load_address>
         <readonly>true</readonly>
         <executable>true</executable>
         <run_address>0x10b8</run_address>
         <size>0x1c</size>
         <alignment>0x4</alignment>
         <input_file_ref idref="fl-2"/>
      </object_component>
      <object_component id="oc-f3">
         <name>.text.DL_GPIO_initPeripheralOutputFunction</name>
         <load_address>0x10d4</load_address>
         <readonly>true</readonly>
         <executable>true</executable>
         <run_address>0x10d4</run_address>
         <size>0x1c</size>
         <alignment>0x4</alignment>
         <input_file_ref idref="fl-2"/>
      </object_component>
      <object_component id="oc-fc">
         <name>.text.DL_SYSCTL_setSYSOSCFreq</name>
         <load_address>0x10f0</load_address>
         <readonly>true</readonly>
         <executable>true</executable>
         <run_address>0x10f0</run_address>
         <size>0x1c</size>
         <alignment>0x4</alignment>
         <input_file_ref idref="fl-2"/>
      </object_component>
      <object_component id="oc-105">
         <name>.text.DL_SYSCTL_setULPCLKDivider</name>
         <load_address>0x110c</load_address>
         <readonly>true</readonly>
         <executable>true</executable>
         <run_address>0x110c</run_address>
         <size>0x1c</size>
         <alignment>0x4</alignment>
         <input_file_ref idref="fl-2"/>
      </object_component>
      <object_component id="oc-111">
         <name>.text.DL_UART_enableInterrupt</name>
         <load_address>0x1128</load_address>
         <readonly>true</readonly>
         <executable>true</executable>
         <run_address>0x1128</run_address>
         <size>0x1c</size>
         <alignment>0x4</alignment>
         <input_file_ref idref="fl-2"/>
      </object_component>
      <object_component id="oc-f9">
         <name>.text.DL_GPIO_enableOutput</name>
         <load_address>0x1144</load_address>
         <readonly>true</readonly>
         <executable>true</executable>
         <run_address>0x1144</run_address>
         <size>0x18</size>
         <alignment>0x4</alignment>
         <input_file_ref idref="fl-2"/>
      </object_component>
      <object_component id="oc-ed">
         <name>.text.DL_GPIO_enablePower</name>
         <load_address>0x115c</load_address>
         <readonly>true</readonly>
         <executable>true</executable>
         <run_address>0x115c</run_address>
         <size>0x18</size>
         <alignment>0x4</alignment>
         <input_file_ref idref="fl-2"/>
      </object_component>
      <object_component id="oc-f5">
         <name>.text.DL_GPIO_initDigitalOutput</name>
         <load_address>0x1174</load_address>
         <readonly>true</readonly>
         <executable>true</executable>
         <run_address>0x1174</run_address>
         <size>0x18</size>
         <alignment>0x4</alignment>
         <input_file_ref idref="fl-2"/>
      </object_component>
      <object_component id="oc-eb">
         <name>.text.DL_GPIO_reset</name>
         <load_address>0x118c</load_address>
         <readonly>true</readonly>
         <executable>true</executable>
         <run_address>0x118c</run_address>
         <size>0x18</size>
         <alignment>0x4</alignment>
         <input_file_ref idref="fl-2"/>
      </object_component>
      <object_component id="oc-133">
         <name>.text.DL_GPIO_setPins</name>
         <load_address>0x11a4</load_address>
         <readonly>true</readonly>
         <executable>true</executable>
         <run_address>0x11a4</run_address>
         <size>0x18</size>
         <alignment>0x4</alignment>
         <input_file_ref idref="fl-5"/>
      </object_component>
      <object_component id="oc-fa">
         <name>.text.DL_SYSCTL_setBORThreshold</name>
         <load_address>0x11bc</load_address>
         <readonly>true</readonly>
         <executable>true</executable>
         <run_address>0x11bc</run_address>
         <size>0x18</size>
         <alignment>0x4</alignment>
         <input_file_ref idref="fl-2"/>
      </object_component>
      <object_component id="oc-112">
         <name>.text.DL_UART_enableFIFOs</name>
         <load_address>0x11d4</load_address>
         <readonly>true</readonly>
         <executable>true</executable>
         <run_address>0x11d4</run_address>
         <size>0x18</size>
         <alignment>0x2</alignment>
         <input_file_ref idref="fl-2"/>
      </object_component>
      <object_component id="oc-ee">
         <name>.text.DL_UART_enablePower</name>
         <load_address>0x11ec</load_address>
         <readonly>true</readonly>
         <executable>true</executable>
         <run_address>0x11ec</run_address>
         <size>0x18</size>
         <alignment>0x4</alignment>
         <input_file_ref idref="fl-2"/>
      </object_component>
      <object_component id="oc-ec">
         <name>.text.DL_UART_reset</name>
         <load_address>0x1204</load_address>
         <readonly>true</readonly>
         <executable>true</executable>
         <run_address>0x1204</run_address>
         <size>0x18</size>
         <alignment>0x4</alignment>
         <input_file_ref idref="fl-2"/>
      </object_component>
      <object_component id="oc-cd">
         <name>.text.DL_GPIO_readPins</name>
         <load_address>0x121c</load_address>
         <readonly>true</readonly>
         <executable>true</executable>
         <run_address>0x121c</run_address>
         <size>0x16</size>
         <alignment>0x2</alignment>
         <input_file_ref idref="fl-4"/>
      </object_component>
      <object_component id="oc-115">
         <name>.text.DL_UART_enable</name>
         <load_address>0x1232</load_address>
         <readonly>true</readonly>
         <executable>true</executable>
         <run_address>0x1232</run_address>
         <size>0x16</size>
         <alignment>0x2</alignment>
         <input_file_ref idref="fl-2"/>
      </object_component>
      <object_component id="oc-dd">
         <name>.text.DL_UART_transmitData</name>
         <load_address>0x1248</load_address>
         <readonly>true</readonly>
         <executable>true</executable>
         <run_address>0x1248</run_address>
         <size>0x16</size>
         <alignment>0x2</alignment>
         <input_file_ref idref="fl-6"/>
      </object_component>
      <object_component id="oc-4b">
         <name>.text:decompress:ZI:__TI_zero_init_nomemset</name>
         <load_address>0x125e</load_address>
         <readonly>true</readonly>
         <executable>true</executable>
         <run_address>0x125e</run_address>
         <size>0x16</size>
         <alignment>0x2</alignment>
         <input_file_ref idref="fl-2a"/>
      </object_component>
      <object_component id="oc-134">
         <name>.text.DL_GPIO_clearPins</name>
         <load_address>0x1274</load_address>
         <readonly>true</readonly>
         <executable>true</executable>
         <run_address>0x1274</run_address>
         <size>0x14</size>
         <alignment>0x2</alignment>
         <input_file_ref idref="fl-5"/>
      </object_component>
      <object_component id="oc-f8">
         <name>.text.DL_GPIO_clearPins</name>
         <load_address>0x1288</load_address>
         <readonly>true</readonly>
         <executable>true</executable>
         <run_address>0x1288</run_address>
         <size>0x14</size>
         <alignment>0x2</alignment>
         <input_file_ref idref="fl-2"/>
      </object_component>
      <object_component id="oc-fe">
         <name>.text.DL_SYSCTL_disableSYSPLL</name>
         <load_address>0x129c</load_address>
         <readonly>true</readonly>
         <executable>true</executable>
         <run_address>0x129c</run_address>
         <size>0x14</size>
         <alignment>0x4</alignment>
         <input_file_ref idref="fl-2"/>
      </object_component>
      <object_component id="oc-5c">
         <name>.text.DL_UART_receiveData</name>
         <load_address>0x12b0</load_address>
         <readonly>true</readonly>
         <executable>true</executable>
         <run_address>0x12b0</run_address>
         <size>0x14</size>
         <alignment>0x4</alignment>
         <input_file_ref idref="fl-6"/>
      </object_component>
      <object_component id="oc-88">
         <name>.text.SYSCFG_DL_init</name>
         <load_address>0x12c4</load_address>
         <readonly>true</readonly>
         <executable>true</executable>
         <run_address>0x12c4</run_address>
         <size>0x14</size>
         <alignment>0x2</alignment>
         <input_file_ref idref="fl-2"/>
      </object_component>
      <object_component id="oc-92">
         <name>.text.para_init</name>
         <load_address>0x12d8</load_address>
         <readonly>true</readonly>
         <executable>true</executable>
         <run_address>0x12d8</run_address>
         <size>0x14</size>
         <alignment>0x4</alignment>
         <input_file_ref idref="fl-4"/>
      </object_component>
      <object_component id="oc-5b">
         <name>.text.DL_UART_getPendingInterrupt</name>
         <load_address>0x12ec</load_address>
         <readonly>true</readonly>
         <executable>true</executable>
         <run_address>0x12ec</run_address>
         <size>0x12</size>
         <alignment>0x2</alignment>
         <input_file_ref idref="fl-6"/>
      </object_component>
      <object_component id="oc-108">
         <name>.text.DL_UART_setClockConfig</name>
         <load_address>0x12fe</load_address>
         <readonly>true</readonly>
         <executable>true</executable>
         <run_address>0x12fe</run_address>
         <size>0x12</size>
         <alignment>0x2</alignment>
         <input_file_ref idref="fl-15"/>
      </object_component>
      <object_component id="oc-7e">
         <name>.text:TI_memcpy_small</name>
         <load_address>0x1310</load_address>
         <readonly>true</readonly>
         <executable>true</executable>
         <run_address>0x1310</run_address>
         <size>0x12</size>
         <alignment>0x1</alignment>
         <input_file_ref idref="fl-a1"/>
      </object_component>
      <object_component id="oc-20">
         <name>.text:decompress:none</name>
         <load_address>0x1322</load_address>
         <readonly>true</readonly>
         <executable>true</executable>
         <run_address>0x1322</run_address>
         <size>0x12</size>
         <alignment>0x2</alignment>
         <input_file_ref idref="fl-2b"/>
      </object_component>
      <object_component id="oc-fd">
         <name>.text.DL_SYSCTL_disableHFXT</name>
         <load_address>0x1334</load_address>
         <readonly>true</readonly>
         <executable>true</executable>
         <run_address>0x1334</run_address>
         <size>0x10</size>
         <alignment>0x4</alignment>
         <input_file_ref idref="fl-2"/>
      </object_component>
      <object_component id="oc-ef">
         <name>.text.DL_Common_delayCycles</name>
         <load_address>0x1344</load_address>
         <readonly>true</readonly>
         <executable>true</executable>
         <run_address>0x1344</run_address>
         <size>0xa</size>
         <alignment>0x2</alignment>
         <input_file_ref idref="fl-14"/>
      </object_component>
      <object_component id="oc-44">
         <name>.text.__aeabi_memcpy</name>
         <load_address>0x1350</load_address>
         <readonly>true</readonly>
         <executable>true</executable>
         <run_address>0x1350</run_address>
         <size>0x8</size>
         <alignment>0x4</alignment>
         <input_file_ref idref="fl-9b"/>
      </object_component>
      <object_component id="oc-33">
         <name>.text.Default_Handler</name>
         <load_address>0x1358</load_address>
         <readonly>true</readonly>
         <executable>true</executable>
         <run_address>0x1358</run_address>
         <size>0x4</size>
         <alignment>0x2</alignment>
         <input_file_ref idref="fl-3"/>
      </object_component>
      <object_component id="oc-2f">
         <name>.text.Reset_Handler</name>
         <load_address>0x135c</load_address>
         <readonly>true</readonly>
         <executable>true</executable>
         <run_address>0x135c</run_address>
         <size>0x4</size>
         <alignment>0x2</alignment>
         <input_file_ref idref="fl-3"/>
      </object_component>
      <object_component id="oc-6b">
         <name>.text._system_pre_init</name>
         <load_address>0x1360</load_address>
         <readonly>true</readonly>
         <executable>true</executable>
         <run_address>0x1360</run_address>
         <size>0x4</size>
         <alignment>0x2</alignment>
         <input_file_ref idref="fl-28"/>
      </object_component>
      <object_component id="oc-9e">
         <name>.text:abort</name>
         <load_address>0x1364</load_address>
         <readonly>true</readonly>
         <executable>true</executable>
         <run_address>0x1364</run_address>
         <size>0x4</size>
         <alignment>0x2</alignment>
         <input_file_ref idref="fl-2d"/>
      </object_component>
      <object_component id="oc-182">
         <name>.cinit..data.load</name>
         <load_address>0x1bc8</load_address>
         <readonly>true</readonly>
         <run_address>0x1bc8</run_address>
         <size>0xc</size>
         <alignment>0x1</alignment>
      </object_component>
      <object_component id="oc-180">
         <name>__TI_handler_table</name>
         <load_address>0x1bd4</load_address>
         <readonly>true</readonly>
         <run_address>0x1bd4</run_address>
         <size>0xc</size>
         <alignment>0x4</alignment>
      </object_component>
      <object_component id="oc-183">
         <name>.cinit..bss.load</name>
         <load_address>0x1be0</load_address>
         <readonly>true</readonly>
         <run_address>0x1be0</run_address>
         <size>0x8</size>
         <alignment>0x4</alignment>
      </object_component>
      <object_component id="oc-181">
         <name>__TI_cinit_table</name>
         <load_address>0x1be8</load_address>
         <readonly>true</readonly>
         <run_address>0x1be8</run_address>
         <size>0x10</size>
         <alignment>0x4</alignment>
      </object_component>
      <object_component id="oc-136">
         <name>.rodata.asc2_1608</name>
         <load_address>0x1368</load_address>
         <readonly>true</readonly>
         <run_address>0x1368</run_address>
         <size>0x5f0</size>
         <alignment>0x1</alignment>
         <input_file_ref idref="fl-5"/>
      </object_component>
      <object_component id="oc-137">
         <name>.rodata.asc2_0806</name>
         <load_address>0x1958</load_address>
         <readonly>true</readonly>
         <run_address>0x1958</run_address>
         <size>0x228</size>
         <alignment>0x1</alignment>
         <input_file_ref idref="fl-5"/>
      </object_component>
      <object_component id="oc-107">
         <name>.rodata.gSYSPLLConfig</name>
         <load_address>0x1b80</load_address>
         <readonly>true</readonly>
         <run_address>0x1b80</run_address>
         <size>0x28</size>
         <alignment>0x4</alignment>
         <input_file_ref idref="fl-2"/>
      </object_component>
      <object_component id="oc-117">
         <name>.rodata.gUART_0Config</name>
         <load_address>0x1ba8</load_address>
         <readonly>true</readonly>
         <run_address>0x1ba8</run_address>
         <size>0xa</size>
         <alignment>0x2</alignment>
         <input_file_ref idref="fl-2"/>
      </object_component>
      <object_component id="oc-db">
         <name>.rodata.str1.88197572960601424031</name>
         <load_address>0x1bb2</load_address>
         <readonly>true</readonly>
         <run_address>0x1bb2</run_address>
         <size>0x7</size>
         <alignment>0x1</alignment>
         <input_file_ref idref="fl-4"/>
      </object_component>
      <object_component id="oc-dc">
         <name>.rodata.str1.9104675726601278381</name>
         <load_address>0x1bb9</load_address>
         <readonly>true</readonly>
         <run_address>0x1bb9</run_address>
         <size>0x7</size>
         <alignment>0x1</alignment>
         <input_file_ref idref="fl-4"/>
      </object_component>
      <object_component id="oc-d9">
         <name>.rodata.str1.90109970983182571261</name>
         <load_address>0x1bc0</load_address>
         <readonly>true</readonly>
         <run_address>0x1bc0</run_address>
         <size>0x3</size>
         <alignment>0x1</alignment>
         <input_file_ref idref="fl-4"/>
      </object_component>
      <object_component id="oc-116">
         <name>.rodata.gUART_0ClockConfig</name>
         <load_address>0x1bc3</load_address>
         <readonly>true</readonly>
         <run_address>0x1bc3</run_address>
         <size>0x2</size>
         <alignment>0x1</alignment>
         <input_file_ref idref="fl-2"/>
      </object_component>
      <object_component id="oc-14a">
         <name>.binit</name>
         <load_address>0x0</load_address>
         <readonly>true</readonly>
         <run_address>0x0</run_address>
         <size>0x0</size>
         <alignment>0x4</alignment>
      </object_component>
      <object_component id="oc-c9">
         <name>.data.para1</name>
         <load_address>0x20200078</load_address>
         <readwrite>true</readwrite>
         <run_address>0x20200078</run_address>
         <size>0x2</size>
         <alignment>0x2</alignment>
         <input_file_ref idref="fl-4"/>
      </object_component>
      <object_component id="oc-ca">
         <name>.data.para2</name>
         <load_address>0x2020007a</load_address>
         <readwrite>true</readwrite>
         <run_address>0x2020007a</run_address>
         <size>0x2</size>
         <alignment>0x2</alignment>
         <input_file_ref idref="fl-4"/>
      </object_component>
      <object_component id="oc-d3">
         <name>.data.count</name>
         <load_address>0x20200070</load_address>
         <readwrite>true</readwrite>
         <run_address>0x20200070</run_address>
         <size>0x4</size>
         <alignment>0x4</alignment>
         <input_file_ref idref="fl-4"/>
      </object_component>
      <object_component id="oc-cf">
         <name>.data.key_flag1</name>
         <load_address>0x2020007d</load_address>
         <readwrite>true</readwrite>
         <run_address>0x2020007d</run_address>
         <size>0x1</size>
         <alignment>0x1</alignment>
         <input_file_ref idref="fl-4"/>
      </object_component>
      <object_component id="oc-d0">
         <name>.data.key_flag2</name>
         <load_address>0x2020007e</load_address>
         <readwrite>true</readwrite>
         <run_address>0x2020007e</run_address>
         <size>0x1</size>
         <alignment>0x1</alignment>
         <input_file_ref idref="fl-4"/>
      </object_component>
      <object_component id="oc-d1">
         <name>.data.key_flag3</name>
         <load_address>0x2020007f</load_address>
         <readwrite>true</readwrite>
         <run_address>0x2020007f</run_address>
         <size>0x1</size>
         <alignment>0x1</alignment>
         <input_file_ref idref="fl-4"/>
      </object_component>
      <object_component id="oc-d2">
         <name>.data.key_flag4</name>
         <load_address>0x20200080</load_address>
         <readwrite>true</readwrite>
         <run_address>0x20200080</run_address>
         <size>0x1</size>
         <alignment>0x1</alignment>
         <input_file_ref idref="fl-4"/>
      </object_component>
      <object_component id="oc-d4">
         <name>.data.ui_flag</name>
         <load_address>0x20200074</load_address>
         <readwrite>true</readwrite>
         <run_address>0x20200074</run_address>
         <size>0x4</size>
         <alignment>0x4</alignment>
         <input_file_ref idref="fl-4"/>
      </object_component>
      <object_component id="oc-ce">
         <name>.data.change_flag</name>
         <load_address>0x2020007c</load_address>
         <readwrite>true</readwrite>
         <run_address>0x2020007c</run_address>
         <size>0x1</size>
         <alignment>0x1</alignment>
         <input_file_ref idref="fl-4"/>
      </object_component>
      <object_component id="oc-5d">
         <name>.data.uart_num</name>
         <load_address>0x20200081</load_address>
         <readwrite>true</readwrite>
         <run_address>0x20200081</run_address>
         <size>0x1</size>
         <alignment>0x1</alignment>
         <input_file_ref idref="fl-6"/>
      </object_component>
      <object_component id="oc-5f">
         <name>.data.uart_received</name>
         <load_address>0x20200082</load_address>
         <readwrite>true</readwrite>
         <run_address>0x20200082</run_address>
         <size>0x1</size>
         <alignment>0x1</alignment>
         <input_file_ref idref="fl-6"/>
      </object_component>
      <object_component id="oc-d7">
         <name>.common:ui_flag_pre</name>
         <uninitialized>true</uninitialized>
         <readwrite>true</readwrite>
         <run_address>0x20200068</run_address>
         <size>0x4</size>
         <alignment>0x4</alignment>
      </object_component>
      <object_component id="oc-d8">
         <name>.common:i</name>
         <uninitialized>true</uninitialized>
         <readwrite>true</readwrite>
         <run_address>0x20200064</run_address>
         <size>0x4</size>
         <alignment>0x4</alignment>
      </object_component>
      <object_component id="oc-da">
         <name>.common:ui_temp</name>
         <uninitialized>true</uninitialized>
         <readwrite>true</readwrite>
         <run_address>0x2020006c</run_address>
         <size>0x4</size>
         <alignment>0x4</alignment>
      </object_component>
      <object_component id="oc-5e">
         <name>.common:uart_data</name>
         <uninitialized>true</uninitialized>
         <readwrite>true</readwrite>
         <run_address>0x20200000</run_address>
         <size>0x64</size>
         <alignment>0x1</alignment>
      </object_component>
      <object_component id="oc-1a">
         <name>.stack</name>
         <uninitialized>true</uninitialized>
         <readwrite>true</readwrite>
         <run_address>0x20207e00</run_address>
         <size>0x4</size>
         <alignment>0x4</alignment>
         <input_file_ref idref="fl-25"/>
      </object_component>
      <object_component id="oc-185">
         <name>.stack</name>
         <uninitialized>true</uninitialized>
         <readwrite>true</readwrite>
         <run_address>0x20207e00</run_address>
         <size>0x0</size>
         <alignment>0x8</alignment>
      </object_component>
      <object_component id="oc-9c">
         <name>.debug_abbrev</name>
         <load_address>0x0</load_address>
         <run_address>0x0</run_address>
         <size>0xfb</size>
         <alignment>0x1</alignment>
         <input_file_ref idref="fl-1"/>
      </object_component>
      <object_component id="oc-c2">
         <name>.debug_abbrev</name>
         <load_address>0xfb</load_address>
         <run_address>0xfb</run_address>
         <size>0x1a6</size>
         <alignment>0x1</alignment>
         <input_file_ref idref="fl-2"/>
      </object_component>
      <object_component id="oc-39">
         <name>.debug_abbrev</name>
         <load_address>0x2a1</load_address>
         <run_address>0x2a1</run_address>
         <size>0x6d</size>
         <alignment>0x1</alignment>
         <input_file_ref idref="fl-3"/>
      </object_component>
      <object_component id="oc-cb">
         <name>.debug_abbrev</name>
         <load_address>0x30e</load_address>
         <run_address>0x30e</run_address>
         <size>0x11a</size>
         <alignment>0x1</alignment>
         <input_file_ref idref="fl-4"/>
      </object_component>
      <object_component id="oc-c7">
         <name>.debug_abbrev</name>
         <load_address>0x428</load_address>
         <run_address>0x428</run_address>
         <size>0x143</size>
         <alignment>0x1</alignment>
         <input_file_ref idref="fl-5"/>
      </object_component>
      <object_component id="oc-60">
         <name>.debug_abbrev</name>
         <load_address>0x56b</load_address>
         <run_address>0x56b</run_address>
         <size>0x139</size>
         <alignment>0x1</alignment>
         <input_file_ref idref="fl-6"/>
      </object_component>
      <object_component id="oc-12b">
         <name>.debug_abbrev</name>
         <load_address>0x6a4</load_address>
         <run_address>0x6a4</run_address>
         <size>0x62</size>
         <alignment>0x1</alignment>
         <input_file_ref idref="fl-14"/>
      </object_component>
      <object_component id="oc-131">
         <name>.debug_abbrev</name>
         <load_address>0x706</load_address>
         <run_address>0x706</run_address>
         <size>0x27f</size>
         <alignment>0x1</alignment>
         <input_file_ref idref="fl-15"/>
      </object_component>
      <object_component id="oc-12f">
         <name>.debug_abbrev</name>
         <load_address>0x985</load_address>
         <run_address>0x985</run_address>
         <size>0x259</size>
         <alignment>0x1</alignment>
         <input_file_ref idref="fl-16"/>
      </object_component>
      <object_component id="oc-3b">
         <name>.debug_abbrev</name>
         <load_address>0xbde</load_address>
         <run_address>0xbde</run_address>
         <size>0xaf</size>
         <alignment>0x1</alignment>
         <input_file_ref idref="fl-25"/>
      </object_component>
      <object_component id="oc-e4">
         <name>.debug_abbrev</name>
         <load_address>0xc8d</load_address>
         <run_address>0xc8d</run_address>
         <size>0x186</size>
         <alignment>0x1</alignment>
         <input_file_ref idref="fl-27"/>
      </object_component>
      <object_component id="oc-86">
         <name>.debug_abbrev</name>
         <load_address>0xe13</load_address>
         <run_address>0xe13</run_address>
         <size>0x39</size>
         <alignment>0x1</alignment>
         <input_file_ref idref="fl-28"/>
      </object_component>
      <object_component id="oc-64">
         <name>.debug_abbrev</name>
         <load_address>0xe4c</load_address>
         <run_address>0xe4c</run_address>
         <size>0xc2</size>
         <alignment>0x1</alignment>
         <input_file_ref idref="fl-2a"/>
      </object_component>
      <object_component id="oc-48">
         <name>.debug_abbrev</name>
         <load_address>0xf0e</load_address>
         <run_address>0xf0e</run_address>
         <size>0x70</size>
         <alignment>0x1</alignment>
         <input_file_ref idref="fl-2b"/>
      </object_component>
      <object_component id="oc-40">
         <name>.debug_abbrev</name>
         <load_address>0xf7e</load_address>
         <run_address>0xf7e</run_address>
         <size>0x8d</size>
         <alignment>0x1</alignment>
         <input_file_ref idref="fl-2c"/>
      </object_component>
      <object_component id="oc-de">
         <name>.debug_abbrev</name>
         <load_address>0x100b</load_address>
         <run_address>0x100b</run_address>
         <size>0xb3</size>
         <alignment>0x1</alignment>
         <input_file_ref idref="fl-2d"/>
      </object_component>
      <object_component id="oc-63">
         <name>.debug_abbrev</name>
         <load_address>0x10be</load_address>
         <run_address>0x10be</run_address>
         <size>0x27</size>
         <alignment>0x1</alignment>
         <input_file_ref idref="fl-9b"/>
      </object_component>
      <object_component id="oc-13d">
         <name>.debug_abbrev</name>
         <load_address>0x10e5</load_address>
         <run_address>0x10e5</run_address>
         <size>0x27</size>
         <alignment>0x1</alignment>
         <input_file_ref idref="fl-9d"/>
      </object_component>
      <object_component id="oc-13e">
         <name>.debug_abbrev</name>
         <load_address>0x110c</load_address>
         <run_address>0x110c</run_address>
         <size>0x59</size>
         <alignment>0x1</alignment>
         <input_file_ref idref="fl-a0"/>
      </object_component>
      <object_component id="oc-b7">
         <name>.debug_abbrev</name>
         <load_address>0x1165</load_address>
         <run_address>0x1165</run_address>
         <size>0x25</size>
         <alignment>0x1</alignment>
         <input_file_ref idref="fl-a1"/>
      </object_component>
      <object_component id="oc-187">
         <name>.debug_abbrev</name>
         <load_address>0x118a</load_address>
         <run_address>0x118a</run_address>
         <size>0xf</size>
         <alignment>0x0</alignment>
      </object_component>
      <object_component id="oc-70">
         <name>.debug_info</name>
         <load_address>0x0</load_address>
         <run_address>0x0</run_address>
         <size>0x319</size>
         <alignment>0x1</alignment>
         <input_file_ref idref="fl-1"/>
      </object_component>
      <object_component id="oc-8c">
         <name>.debug_info</name>
         <load_address>0x319</load_address>
         <run_address>0x319</run_address>
         <size>0x2cd8</size>
         <alignment>0x1</alignment>
         <input_file_ref idref="fl-2"/>
      </object_component>
      <object_component id="oc-19">
         <name>.debug_info</name>
         <load_address>0x2ff1</load_address>
         <run_address>0x2ff1</run_address>
         <size>0x80</size>
         <alignment>0x1</alignment>
         <input_file_ref idref="fl-3"/>
      </object_component>
      <object_component id="oc-93">
         <name>.debug_info</name>
         <load_address>0x3071</load_address>
         <run_address>0x3071</run_address>
         <size>0x8f3</size>
         <alignment>0x1</alignment>
         <input_file_ref idref="fl-4"/>
      </object_component>
      <object_component id="oc-91">
         <name>.debug_info</name>
         <load_address>0x3964</load_address>
         <run_address>0x3964</run_address>
         <size>0x1048</size>
         <alignment>0x1</alignment>
         <input_file_ref idref="fl-5"/>
      </object_component>
      <object_component id="oc-35">
         <name>.debug_info</name>
         <load_address>0x49ac</load_address>
         <run_address>0x49ac</run_address>
         <size>0x6a3</size>
         <alignment>0x1</alignment>
         <input_file_ref idref="fl-6"/>
      </object_component>
      <object_component id="oc-f1">
         <name>.debug_info</name>
         <load_address>0x504f</load_address>
         <run_address>0x504f</run_address>
         <size>0x75</size>
         <alignment>0x1</alignment>
         <input_file_ref idref="fl-14"/>
      </object_component>
      <object_component id="oc-10a">
         <name>.debug_info</name>
         <load_address>0x50c4</load_address>
         <run_address>0x50c4</run_address>
         <size>0x1259</size>
         <alignment>0x1</alignment>
         <input_file_ref idref="fl-15"/>
      </object_component>
      <object_component id="oc-102">
         <name>.debug_info</name>
         <load_address>0x631d</load_address>
         <run_address>0x631d</run_address>
         <size>0x1f76</size>
         <alignment>0x1</alignment>
         <input_file_ref idref="fl-16"/>
      </object_component>
      <object_component id="oc-1b">
         <name>.debug_info</name>
         <load_address>0x8293</load_address>
         <run_address>0x8293</run_address>
         <size>0x423</size>
         <alignment>0x1</alignment>
         <input_file_ref idref="fl-25"/>
      </object_component>
      <object_component id="oc-a8">
         <name>.debug_info</name>
         <load_address>0x86b6</load_address>
         <run_address>0x86b6</run_address>
         <size>0x74a</size>
         <alignment>0x1</alignment>
         <input_file_ref idref="fl-27"/>
      </object_component>
      <object_component id="oc-6c">
         <name>.debug_info</name>
         <load_address>0x8e00</load_address>
         <run_address>0x8e00</run_address>
         <size>0x46</size>
         <alignment>0x1</alignment>
         <input_file_ref idref="fl-28"/>
      </object_component>
      <object_component id="oc-4d">
         <name>.debug_info</name>
         <load_address>0x8e46</load_address>
         <run_address>0x8e46</run_address>
         <size>0x192</size>
         <alignment>0x1</alignment>
         <input_file_ref idref="fl-2a"/>
      </object_component>
      <object_component id="oc-23">
         <name>.debug_info</name>
         <load_address>0x8fd8</load_address>
         <run_address>0x8fd8</run_address>
         <size>0xc6</size>
         <alignment>0x1</alignment>
         <input_file_ref idref="fl-2b"/>
      </object_component>
      <object_component id="oc-1d">
         <name>.debug_info</name>
         <load_address>0x909e</load_address>
         <run_address>0x909e</run_address>
         <size>0x180</size>
         <alignment>0x1</alignment>
         <input_file_ref idref="fl-2c"/>
      </object_component>
      <object_component id="oc-a1">
         <name>.debug_info</name>
         <load_address>0x921e</load_address>
         <run_address>0x921e</run_address>
         <size>0xed</size>
         <alignment>0x1</alignment>
         <input_file_ref idref="fl-2d"/>
      </object_component>
      <object_component id="oc-45">
         <name>.debug_info</name>
         <load_address>0x930b</load_address>
         <run_address>0x930b</run_address>
         <size>0x19e</size>
         <alignment>0x1</alignment>
         <input_file_ref idref="fl-9b"/>
      </object_component>
      <object_component id="oc-120">
         <name>.debug_info</name>
         <load_address>0x94a9</load_address>
         <run_address>0x94a9</run_address>
         <size>0x1c1</size>
         <alignment>0x1</alignment>
         <input_file_ref idref="fl-9d"/>
      </object_component>
      <object_component id="oc-13b">
         <name>.debug_info</name>
         <load_address>0x966a</load_address>
         <run_address>0x966a</run_address>
         <size>0x85</size>
         <alignment>0x1</alignment>
         <input_file_ref idref="fl-a0"/>
      </object_component>
      <object_component id="oc-7f">
         <name>.debug_info</name>
         <load_address>0x96ef</load_address>
         <run_address>0x96ef</run_address>
         <size>0x2fa</size>
         <alignment>0x1</alignment>
         <input_file_ref idref="fl-a1"/>
      </object_component>
      <object_component id="oc-186">
         <name>.debug_info</name>
         <load_address>0x99e9</load_address>
         <run_address>0x99e9</run_address>
         <size>0xb5</size>
         <alignment>0x0</alignment>
      </object_component>
      <object_component id="oc-71">
         <name>.debug_ranges</name>
         <load_address>0x0</load_address>
         <run_address>0x0</run_address>
         <size>0x20</size>
         <alignment>0x1</alignment>
         <input_file_ref idref="fl-1"/>
      </object_component>
      <object_component id="oc-8b">
         <name>.debug_ranges</name>
         <load_address>0x20</load_address>
         <run_address>0x20</run_address>
         <size>0xf8</size>
         <alignment>0x1</alignment>
         <input_file_ref idref="fl-2"/>
      </object_component>
      <object_component id="oc-31">
         <name>.debug_ranges</name>
         <load_address>0x118</load_address>
         <run_address>0x118</run_address>
         <size>0x18</size>
         <alignment>0x1</alignment>
         <input_file_ref idref="fl-3"/>
      </object_component>
      <object_component id="oc-95">
         <name>.debug_ranges</name>
         <load_address>0x130</load_address>
         <run_address>0x130</run_address>
         <size>0x28</size>
         <alignment>0x1</alignment>
         <input_file_ref idref="fl-4"/>
      </object_component>
      <object_component id="oc-8e">
         <name>.debug_ranges</name>
         <load_address>0x158</load_address>
         <run_address>0x158</run_address>
         <size>0xb8</size>
         <alignment>0x1</alignment>
         <input_file_ref idref="fl-5"/>
      </object_component>
      <object_component id="oc-36">
         <name>.debug_ranges</name>
         <load_address>0x210</load_address>
         <run_address>0x210</run_address>
         <size>0x30</size>
         <alignment>0x1</alignment>
         <input_file_ref idref="fl-6"/>
      </object_component>
      <object_component id="oc-10d">
         <name>.debug_ranges</name>
         <load_address>0x240</load_address>
         <run_address>0x240</run_address>
         <size>0x190</size>
         <alignment>0x1</alignment>
         <input_file_ref idref="fl-15"/>
      </object_component>
      <object_component id="oc-103">
         <name>.debug_ranges</name>
         <load_address>0x3d0</load_address>
         <run_address>0x3d0</run_address>
         <size>0x1a8</size>
         <alignment>0x1</alignment>
         <input_file_ref idref="fl-16"/>
      </object_component>
      <object_component id="oc-3e">
         <name>.debug_ranges</name>
         <load_address>0x578</load_address>
         <run_address>0x578</run_address>
         <size>0x48</size>
         <alignment>0x1</alignment>
         <input_file_ref idref="fl-25"/>
      </object_component>
      <object_component id="oc-a9">
         <name>.debug_ranges</name>
         <load_address>0x5c0</load_address>
         <run_address>0x5c0</run_address>
         <size>0xa8</size>
         <alignment>0x1</alignment>
         <input_file_ref idref="fl-27"/>
      </object_component>
      <object_component id="oc-4c">
         <name>.debug_ranges</name>
         <load_address>0x668</load_address>
         <run_address>0x668</run_address>
         <size>0x18</size>
         <alignment>0x1</alignment>
         <input_file_ref idref="fl-2a"/>
      </object_component>
      <object_component id="oc-43">
         <name>.debug_ranges</name>
         <load_address>0x680</load_address>
         <run_address>0x680</run_address>
         <size>0x30</size>
         <alignment>0x1</alignment>
         <input_file_ref idref="fl-2c"/>
      </object_component>
      <object_component id="oc-9f">
         <name>.debug_ranges</name>
         <load_address>0x6b0</load_address>
         <run_address>0x6b0</run_address>
         <size>0x18</size>
         <alignment>0x1</alignment>
         <input_file_ref idref="fl-2d"/>
      </object_component>
      <object_component id="oc-13c">
         <name>.debug_ranges</name>
         <load_address>0x6c8</load_address>
         <run_address>0x6c8</run_address>
         <size>0x18</size>
         <alignment>0x1</alignment>
         <input_file_ref idref="fl-a0"/>
      </object_component>
      <object_component id="oc-82">
         <name>.debug_ranges</name>
         <load_address>0x6e0</load_address>
         <run_address>0x6e0</run_address>
         <size>0x28</size>
         <alignment>0x1</alignment>
         <input_file_ref idref="fl-a1"/>
      </object_component>
      <object_component id="oc-9d">
         <name>.debug_str</name>
         <load_address>0x0</load_address>
         <run_address>0x0</run_address>
         <size>0x42e</size>
         <alignment>0x1</alignment>
         <input_file_ref idref="fl-1"/>
      </object_component>
      <object_component id="oc-c3">
         <name>.debug_str</name>
         <load_address>0x42e</load_address>
         <run_address>0x42e</run_address>
         <size>0x20cc</size>
         <alignment>0x1</alignment>
         <input_file_ref idref="fl-2"/>
      </object_component>
      <object_component id="oc-3a">
         <name>.debug_str</name>
         <load_address>0x24fa</load_address>
         <run_address>0x24fa</run_address>
         <size>0x16c</size>
         <alignment>0x1</alignment>
         <input_file_ref idref="fl-3"/>
      </object_component>
      <object_component id="oc-cc">
         <name>.debug_str</name>
         <load_address>0x2666</load_address>
         <run_address>0x2666</run_address>
         <size>0x534</size>
         <alignment>0x1</alignment>
         <input_file_ref idref="fl-4"/>
      </object_component>
      <object_component id="oc-c8">
         <name>.debug_str</name>
         <load_address>0x2b9a</load_address>
         <run_address>0x2b9a</run_address>
         <size>0x672</size>
         <alignment>0x1</alignment>
         <input_file_ref idref="fl-5"/>
      </object_component>
      <object_component id="oc-61">
         <name>.debug_str</name>
         <load_address>0x320c</load_address>
         <run_address>0x320c</run_address>
         <size>0x565</size>
         <alignment>0x1</alignment>
         <input_file_ref idref="fl-6"/>
      </object_component>
      <object_component id="oc-12c">
         <name>.debug_str</name>
         <load_address>0x3771</load_address>
         <run_address>0x3771</run_address>
         <size>0x177</size>
         <alignment>0x1</alignment>
         <input_file_ref idref="fl-14"/>
      </object_component>
      <object_component id="oc-132">
         <name>.debug_str</name>
         <load_address>0x38e8</load_address>
         <run_address>0x38e8</run_address>
         <size>0xced</size>
         <alignment>0x1</alignment>
         <input_file_ref idref="fl-15"/>
      </object_component>
      <object_component id="oc-130">
         <name>.debug_str</name>
         <load_address>0x45d5</load_address>
         <run_address>0x45d5</run_address>
         <size>0x16bc</size>
         <alignment>0x1</alignment>
         <input_file_ref idref="fl-16"/>
      </object_component>
      <object_component id="oc-3c">
         <name>.debug_str</name>
         <load_address>0x5c91</load_address>
         <run_address>0x5c91</run_address>
         <size>0x225</size>
         <alignment>0x1</alignment>
         <input_file_ref idref="fl-25"/>
      </object_component>
      <object_component id="oc-e5">
         <name>.debug_str</name>
         <load_address>0x5eb6</load_address>
         <run_address>0x5eb6</run_address>
         <size>0x32f</size>
         <alignment>0x1</alignment>
         <input_file_ref idref="fl-27"/>
      </object_component>
      <object_component id="oc-87">
         <name>.debug_str</name>
         <load_address>0x61e5</load_address>
         <run_address>0x61e5</run_address>
         <size>0xf5</size>
         <alignment>0x1</alignment>
         <input_file_ref idref="fl-28"/>
      </object_component>
      <object_component id="oc-65">
         <name>.debug_str</name>
         <load_address>0x62da</load_address>
         <run_address>0x62da</run_address>
         <size>0x19b</size>
         <alignment>0x1</alignment>
         <input_file_ref idref="fl-2a"/>
      </object_component>
      <object_component id="oc-49">
         <name>.debug_str</name>
         <load_address>0x6475</load_address>
         <run_address>0x6475</run_address>
         <size>0x168</size>
         <alignment>0x1</alignment>
         <input_file_ref idref="fl-2b"/>
      </object_component>
      <object_component id="oc-41">
         <name>.debug_str</name>
         <load_address>0x65dd</load_address>
         <run_address>0x65dd</run_address>
         <size>0x1d5</size>
         <alignment>0x1</alignment>
         <input_file_ref idref="fl-2c"/>
      </object_component>
      <object_component id="oc-df">
         <name>.debug_str</name>
         <load_address>0x67b2</load_address>
         <run_address>0x67b2</run_address>
         <size>0x13f</size>
         <alignment>0x1</alignment>
         <input_file_ref idref="fl-2d"/>
      </object_component>
      <object_component id="oc-13f">
         <name>.debug_str</name>
         <load_address>0x68f1</load_address>
         <run_address>0x68f1</run_address>
         <size>0x198</size>
         <alignment>0x1</alignment>
         <input_file_ref idref="fl-a0"/>
      </object_component>
      <object_component id="oc-72">
         <name>.debug_frame</name>
         <load_address>0x0</load_address>
         <run_address>0x0</run_address>
         <size>0x54</size>
         <alignment>0x4</alignment>
         <input_file_ref idref="fl-1"/>
      </object_component>
      <object_component id="oc-8a">
         <name>.debug_frame</name>
         <load_address>0x54</load_address>
         <run_address>0x54</run_address>
         <size>0x2c4</size>
         <alignment>0x4</alignment>
         <input_file_ref idref="fl-2"/>
      </object_component>
      <object_component id="oc-30">
         <name>.debug_frame</name>
         <load_address>0x318</load_address>
         <run_address>0x318</run_address>
         <size>0x30</size>
         <alignment>0x4</alignment>
         <input_file_ref idref="fl-3"/>
      </object_component>
      <object_component id="oc-96">
         <name>.debug_frame</name>
         <load_address>0x348</load_address>
         <run_address>0x348</run_address>
         <size>0x6c</size>
         <alignment>0x4</alignment>
         <input_file_ref idref="fl-4"/>
      </object_component>
      <object_component id="oc-90">
         <name>.debug_frame</name>
         <load_address>0x3b4</load_address>
         <run_address>0x3b4</run_address>
         <size>0x26c</size>
         <alignment>0x4</alignment>
         <input_file_ref idref="fl-5"/>
      </object_component>
      <object_component id="oc-37">
         <name>.debug_frame</name>
         <load_address>0x620</load_address>
         <run_address>0x620</run_address>
         <size>0x80</size>
         <alignment>0x4</alignment>
         <input_file_ref idref="fl-6"/>
      </object_component>
      <object_component id="oc-f2">
         <name>.debug_frame</name>
         <load_address>0x6a0</load_address>
         <run_address>0x6a0</run_address>
         <size>0x20</size>
         <alignment>0x4</alignment>
         <input_file_ref idref="fl-14"/>
      </object_component>
      <object_component id="oc-10b">
         <name>.debug_frame</name>
         <load_address>0x6c0</load_address>
         <run_address>0x6c0</run_address>
         <size>0x1b8</size>
         <alignment>0x4</alignment>
         <input_file_ref idref="fl-15"/>
      </object_component>
      <object_component id="oc-104">
         <name>.debug_frame</name>
         <load_address>0x878</load_address>
         <run_address>0x878</run_address>
         <size>0x12c</size>
         <alignment>0x4</alignment>
         <input_file_ref idref="fl-16"/>
      </object_component>
      <object_component id="oc-53">
         <name>.debug_frame</name>
         <load_address>0x9a4</load_address>
         <run_address>0x9a4</run_address>
         <size>0x90</size>
         <alignment>0x4</alignment>
         <input_file_ref idref="fl-25"/>
      </object_component>
      <object_component id="oc-aa">
         <name>.debug_frame</name>
         <load_address>0xa34</load_address>
         <run_address>0xa34</run_address>
         <size>0x100</size>
         <alignment>0x4</alignment>
         <input_file_ref idref="fl-27"/>
      </object_component>
      <object_component id="oc-6e">
         <name>.debug_frame</name>
         <load_address>0xb34</load_address>
         <run_address>0xb34</run_address>
         <size>0x20</size>
         <alignment>0x4</alignment>
         <input_file_ref idref="fl-28"/>
      </object_component>
      <object_component id="oc-4f">
         <name>.debug_frame</name>
         <load_address>0xb54</load_address>
         <run_address>0xb54</run_address>
         <size>0x38</size>
         <alignment>0x4</alignment>
         <input_file_ref idref="fl-2a"/>
      </object_component>
      <object_component id="oc-21">
         <name>.debug_frame</name>
         <load_address>0xb8c</load_address>
         <run_address>0xb8c</run_address>
         <size>0x28</size>
         <alignment>0x4</alignment>
         <input_file_ref idref="fl-2b"/>
      </object_component>
      <object_component id="oc-1e">
         <name>.debug_frame</name>
         <load_address>0xbb4</load_address>
         <run_address>0xbb4</run_address>
         <size>0x30</size>
         <alignment>0x4</alignment>
         <input_file_ref idref="fl-2c"/>
      </object_component>
      <object_component id="oc-a2">
         <name>.debug_frame</name>
         <load_address>0xbe4</load_address>
         <run_address>0xbe4</run_address>
         <size>0x30</size>
         <alignment>0x4</alignment>
         <input_file_ref idref="fl-2d"/>
      </object_component>
      <object_component id="oc-139">
         <name>.debug_frame</name>
         <load_address>0xc14</load_address>
         <run_address>0xc14</run_address>
         <size>0x30</size>
         <alignment>0x4</alignment>
         <input_file_ref idref="fl-a0"/>
      </object_component>
      <object_component id="oc-73">
         <name>.debug_line</name>
         <load_address>0x0</load_address>
         <run_address>0x0</run_address>
         <size>0x255</size>
         <alignment>0x1</alignment>
         <input_file_ref idref="fl-1"/>
      </object_component>
      <object_component id="oc-89">
         <name>.debug_line</name>
         <load_address>0x255</load_address>
         <run_address>0x255</run_address>
         <size>0x7a8</size>
         <alignment>0x1</alignment>
         <input_file_ref idref="fl-2"/>
      </object_component>
      <object_component id="oc-32">
         <name>.debug_line</name>
         <load_address>0x9fd</load_address>
         <run_address>0x9fd</run_address>
         <size>0xba</size>
         <alignment>0x1</alignment>
         <input_file_ref idref="fl-3"/>
      </object_component>
      <object_component id="oc-94">
         <name>.debug_line</name>
         <load_address>0xab7</load_address>
         <run_address>0xab7</run_address>
         <size>0x474</size>
         <alignment>0x1</alignment>
         <input_file_ref idref="fl-4"/>
      </object_component>
      <object_component id="oc-8f">
         <name>.debug_line</name>
         <load_address>0xf2b</load_address>
         <run_address>0xf2b</run_address>
         <size>0xa37</size>
         <alignment>0x1</alignment>
         <input_file_ref idref="fl-5"/>
      </object_component>
      <object_component id="oc-38">
         <name>.debug_line</name>
         <load_address>0x1962</load_address>
         <run_address>0x1962</run_address>
         <size>0x2a1</size>
         <alignment>0x1</alignment>
         <input_file_ref idref="fl-6"/>
      </object_component>
      <object_component id="oc-f0">
         <name>.debug_line</name>
         <load_address>0x1c03</load_address>
         <run_address>0x1c03</run_address>
         <size>0xe4</size>
         <alignment>0x1</alignment>
         <input_file_ref idref="fl-14"/>
      </object_component>
      <object_component id="oc-10c">
         <name>.debug_line</name>
         <load_address>0x1ce7</load_address>
         <run_address>0x1ce7</run_address>
         <size>0x989</size>
         <alignment>0x1</alignment>
         <input_file_ref idref="fl-15"/>
      </object_component>
      <object_component id="oc-100">
         <name>.debug_line</name>
         <load_address>0x2670</load_address>
         <run_address>0x2670</run_address>
         <size>0x8e4</size>
         <alignment>0x1</alignment>
         <input_file_ref idref="fl-16"/>
      </object_component>
      <object_component id="oc-3d">
         <name>.debug_line</name>
         <load_address>0x2f54</load_address>
         <run_address>0x2f54</run_address>
         <size>0x1fe</size>
         <alignment>0x1</alignment>
         <input_file_ref idref="fl-25"/>
      </object_component>
      <object_component id="oc-a6">
         <name>.debug_line</name>
         <load_address>0x3152</load_address>
         <run_address>0x3152</run_address>
         <size>0x4fb</size>
         <alignment>0x1</alignment>
         <input_file_ref idref="fl-27"/>
      </object_component>
      <object_component id="oc-6d">
         <name>.debug_line</name>
         <load_address>0x364d</load_address>
         <run_address>0x364d</run_address>
         <size>0x3e</size>
         <alignment>0x1</alignment>
         <input_file_ref idref="fl-28"/>
      </object_component>
      <object_component id="oc-50">
         <name>.debug_line</name>
         <load_address>0x368b</load_address>
         <run_address>0x368b</run_address>
         <size>0xf8</size>
         <alignment>0x1</alignment>
         <input_file_ref idref="fl-2a"/>
      </object_component>
      <object_component id="oc-22">
         <name>.debug_line</name>
         <load_address>0x3783</load_address>
         <run_address>0x3783</run_address>
         <size>0xbf</size>
         <alignment>0x1</alignment>
         <input_file_ref idref="fl-2b"/>
      </object_component>
      <object_component id="oc-1f">
         <name>.debug_line</name>
         <load_address>0x3842</load_address>
         <run_address>0x3842</run_address>
         <size>0x1c7</size>
         <alignment>0x1</alignment>
         <input_file_ref idref="fl-2c"/>
      </object_component>
      <object_component id="oc-a0">
         <name>.debug_line</name>
         <load_address>0x3a09</load_address>
         <run_address>0x3a09</run_address>
         <size>0x6b</size>
         <alignment>0x1</alignment>
         <input_file_ref idref="fl-2d"/>
      </object_component>
      <object_component id="oc-47">
         <name>.debug_line</name>
         <load_address>0x3a74</load_address>
         <run_address>0x3a74</run_address>
         <size>0xa4</size>
         <alignment>0x1</alignment>
         <input_file_ref idref="fl-9b"/>
      </object_component>
      <object_component id="oc-121">
         <name>.debug_line</name>
         <load_address>0x3b18</load_address>
         <run_address>0x3b18</run_address>
         <size>0xc2</size>
         <alignment>0x1</alignment>
         <input_file_ref idref="fl-9d"/>
      </object_component>
      <object_component id="oc-13a">
         <name>.debug_line</name>
         <load_address>0x3bda</load_address>
         <run_address>0x3bda</run_address>
         <size>0xb7</size>
         <alignment>0x1</alignment>
         <input_file_ref idref="fl-a0"/>
      </object_component>
      <object_component id="oc-81">
         <name>.debug_line</name>
         <load_address>0x3c91</load_address>
         <run_address>0x3c91</run_address>
         <size>0xa0</size>
         <alignment>0x1</alignment>
         <input_file_ref idref="fl-a1"/>
      </object_component>
      <object_component id="oc-12d">
         <name>.debug_loc</name>
         <load_address>0x0</load_address>
         <run_address>0x0</run_address>
         <size>0x13</size>
         <alignment>0x1</alignment>
         <input_file_ref idref="fl-14"/>
      </object_component>
      <object_component id="oc-109">
         <name>.debug_loc</name>
         <load_address>0x13</load_address>
         <run_address>0x13</run_address>
         <size>0x7bc</size>
         <alignment>0x1</alignment>
[...]
               <start_address>0x20200083</start_address>
               <size>0x7d7d</size>
            </available_space>
            <allocated_space>
               <start_address>0x20207e00</start_address>
               <size>0x200</size>
               <logical_group_ref idref="lg-11"/>
            </allocated_space>
         </usage_details>
      </memory_area>
      <memory_area display="yes" color="green">
         <name>BCR_CONFIG</name>
         <page_id>0x0</page_id>
         <origin>0x41c00000</origin>
         <length>0x80</length>
         <used_space>0x0</used_space>
         <unused_space>0x80</unused_space>
         <attributes>R</attributes>
         <usage_details>
         </usage_details>
      </memory_area>
      <memory_area display="yes" color="green">
         <name>BSL_CONFIG</name>
         <page_id>0x0</page_id>
         <origin>0x41c00100</origin>
         <length>0x80</length>
         <used_space>0x0</used_space>
         <unused_space>0x80</unused_space>
         <attributes>R</attributes>
         <usage_details>
         </usage_details>
      </memory_area>
   </placement_map>
   <cptbl_list>
      <cptbl>
         <name>__TI_cinit_table</name>
         <cprec>
            <name>.data</name>
            <load_address>0x1bc8</load_address>
            <load_size>0xc</load_size>
            <run_address>0x20200070</run_address>
            <run_size>0x13</run_size>
            <compression>lzss</compression>
         </cprec>
         <cprec>
            <name>.bss</name>
            <load_address>0x1be0</load_address>
            <load_size>0x8</load_size>
            <run_address>0x20200000</run_address>
            <run_size>0x70</run_size>
            <compression>zero_init</compression>
         </cprec>
      </cptbl>
   </cptbl_list>
   <handler_table>
      <handler_table_name>__TI_handler_table</handler_table_name>
      <handler>
         <index>0x0</index>
         <name>__TI_decompress_lzss</name>
      </handler>
      <handler>
         <index>0x1</index>
         <name>__TI_decompress_none</name>
      </handler>
      <handler>
         <index>0x2</index>
         <name>__TI_zero_init</name>
      </handler>
   </handler_table>
   <symbol_table>
      <symbol id="sm-1">
         <name>__start___llvm_prf_cnts</name>
         <value>0x20200000</value>
      </symbol>
      <symbol id="sm-2">
         <name>__stop___llvm_prf_cnts</name>
         <value>0x20200000</value>
      </symbol>
      <symbol id="sm-3">
         <name>__start___llvm_prf_bits</name>
         <value>0x20200000</value>
      </symbol>
      <symbol id="sm-4">
         <name>__stop___llvm_prf_bits</name>
         <value>0x20200000</value>
      </symbol>
      <symbol id="sm-5">
         <name>__TI_CINIT_Base</name>
         <value>0x1be8</value>
      </symbol>
      <symbol id="sm-6">
         <name>__TI_CINIT_Limit</name>
         <value>0x1bf8</value>
      </symbol>
      <symbol id="sm-7">
         <name>__TI_CINIT_Warm</name>
         <value>0x1bf8</value>
      </symbol>
      <symbol id="sm-8">
         <name>__TI_Handler_Table_Base</name>
         <value>0x1bd4</value>
      </symbol>
      <symbol id="sm-9">
         <name>__TI_Handler_Table_Limit</name>
         <value>0x1be0</value>
      </symbol>
      <symbol id="sm-a">
         <name>binit</name>
         <value>0xffffffff</value>
      </symbol>
      <symbol id="sm-b">
         <name>__binit__</name>
         <value>0xffffffff</value>
      </symbol>
      <symbol id="sm-c">
         <name>__STACK_SIZE</name>
         <value>0x200</value>
      </symbol>
      <symbol id="sm-d">
         <name>__STACK_END</name>
         <value>0x20208000</value>
      </symbol>
      <symbol id="sm-e">
         <name>__TI_pprof_out_hndl</name>
         <value>0xffffffff</value>
      </symbol>
      <symbol id="sm-f">
         <name>__TI_prof_data_start</name>
         <value>0xffffffff</value>
      </symbol>
      <symbol id="sm-10">
         <name>__TI_prof_data_size</name>
         <value>0xffffffff</value>
      </symbol>
      <symbol id="sm-43">
         <name>main</name>
         <value>0xe89</value>
         <object_component_ref idref="oc-6f"/>
      </symbol>
      <symbol id="sm-bd">
         <name>SYSCFG_DL_init</name>
         <value>0x12c5</value>
         <object_component_ref idref="oc-88"/>
      </symbol>
      <symbol id="sm-be">
         <name>SYSCFG_DL_initPower</name>
         <value>0xce9</value>
         <object_component_ref idref="oc-be"/>
      </symbol>
      <symbol id="sm-bf">
         <name>SYSCFG_DL_GPIO_init</name>
         <value>0x8f1</value>
         <object_component_ref idref="oc-bf"/>
      </symbol>
      <symbol id="sm-c0">
         <name>SYSCFG_DL_SYSCTL_init</name>
         <value>0xda9</value>
         <object_component_ref idref="oc-c0"/>
      </symbol>
      <symbol id="sm-c1">
         <name>SYSCFG_DL_UART_0_init</name>
         <value>0xab5</value>
         <object_component_ref idref="oc-c1"/>
      </symbol>
      <symbol id="sm-cc">
         <name>Default_Handler</name>
         <value>0x1359</value>
         <object_component_ref idref="oc-33"/>
      </symbol>
      <symbol id="sm-cd">
         <name>Reset_Handler</name>
         <value>0x135d</value>
         <object_component_ref idref="oc-2f"/>
      </symbol>
      <symbol id="sm-ce">
         <name>interruptVectors</name>
         <value>0x0</value>
         <object_component_ref idref="oc-18"/>
      </symbol>
      <symbol id="sm-cf">
         <name>NMI_Handler</name>
         <value>0x1359</value>
         <object_component_ref idref="oc-33"/>
      </symbol>
      <symbol id="sm-d0">
         <name>HardFault_Handler</name>
         <value>0x1359</value>
         <object_component_ref idref="oc-33"/>
      </symbol>
      <symbol id="sm-d1">
         <name>SVC_Handler</name>
         <value>0x1359</value>
         <object_component_ref idref="oc-33"/>
      </symbol>
      <symbol id="sm-d2">
         <name>PendSV_Handler</name>
         <value>0x1359</value>
         <object_component_ref idref="oc-33"/>
      </symbol>
      <symbol id="sm-d3">
         <name>SysTick_Handler</name>
         <value>0x1359</value>
         <object_component_ref idref="oc-33"/>
      </symbol>
      <symbol id="sm-d4">
         <name>GROUP0_IRQHandler</name>
         <value>0x1359</value>
         <object_component_ref idref="oc-33"/>
      </symbol>
      <symbol id="sm-d5">
         <name>GROUP1_IRQHandler</name>
         <value>0x1359</value>
         <object_component_ref idref="oc-33"/>
      </symbol>
      <symbol id="sm-d6">
         <name>TIMG8_IRQHandler</name>
         <value>0x1359</value>
         <object_component_ref idref="oc-33"/>
      </symbol>
      <symbol id="sm-d7">
         <name>UART3_IRQHandler</name>
         <value>0x1359</value>
         <object_component_ref idref="oc-33"/>
      </symbol>
      <symbol id="sm-d8">
         <name>ADC0_IRQHandler</name>
         <value>0x1359</value>
         <object_component_ref idref="oc-33"/>
      </symbol>
      <symbol id="sm-d9">
         <name>ADC1_IRQHandler</name>
         <value>0x1359</value>
         <object_component_ref idref="oc-33"/>
      </symbol>
      <symbol id="sm-da">
         <name>CANFD0_IRQHandler</name>
         <value>0x1359</value>
         <object_component_ref idref="oc-33"/>
      </symbol>
      <symbol id="sm-db">
         <name>DAC0_IRQHandler</name>
         <value>0x1359</value>
         <object_component_ref idref="oc-33"/>
      </symbol>
      <symbol id="sm-dc">
         <name>SPI0_IRQHandler</name>
         <value>0x1359</value>
         <object_component_ref idref="oc-33"/>
      </symbol>
      <symbol id="sm-dd">
         <name>SPI1_IRQHandler</name>
         <value>0x1359</value>
         <object_component_ref idref="oc-33"/>
      </symbol>
      <symbol id="sm-de">
         <name>UART1_IRQHandler</name>
         <value>0x1359</value>
         <object_component_ref idref="oc-33"/>
      </symbol>
      <symbol id="sm-df">
         <name>UART2_IRQHandler</name>
         <value>0x1359</value>
         <object_component_ref idref="oc-33"/>
      </symbol>
      <symbol id="sm-e0">
         <name>TIMG0_IRQHandler</name>
         <value>0x1359</value>
         <object_component_ref idref="oc-33"/>
      </symbol>
      <symbol id="sm-e1">
         <name>TIMG6_IRQHandler</name>
         <value>0x1359</value>
         <object_component_ref idref="oc-33"/>
      </symbol>
      <symbol id="sm-e2">
         <name>TIMA0_IRQHandler</name>
         <value>0x1359</value>
         <object_component_ref idref="oc-33"/>
      </symbol>
      <symbol id="sm-e3">
         <name>TIMA1_IRQHandler</name>
         <value>0x1359</value>
         <object_component_ref idref="oc-33"/>
      </symbol>
      <symbol id="sm-e4">
         <name>TIMG7_IRQHandler</name>
         <value>0x1359</value>
         <object_component_ref idref="oc-33"/>
      </symbol>
      <symbol id="sm-e5">
         <name>TIMG12_IRQHandler</name>
         <value>0x1359</value>
         <object_component_ref idref="oc-33"/>
      </symbol>
      <symbol id="sm-e6">
         <name>I2C0_IRQHandler</name>
         <value>0x1359</value>
         <object_component_ref idref="oc-33"/>
      </symbol>
      <symbol id="sm-e7">
         <name>I2C1_IRQHandler</name>
         <value>0x1359</value>
         <object_component_ref idref="oc-33"/>
      </symbol>
      <symbol id="sm-e8">
         <name>AES_IRQHandler</name>
         <value>0x1359</value>
         <object_component_ref idref="oc-33"/>
      </symbol>
      <symbol id="sm-e9">
         <name>RTC_IRQHandler</name>
         <value>0x1359</value>
         <object_component_ref idref="oc-33"/>
      </symbol>
      <symbol id="sm-ea">
         <name>DMA_IRQHandler</name>
         <value>0x1359</value>
         <object_component_ref idref="oc-33"/>
      </symbol>
      <symbol id="sm-100">
         <name>key_read</name>
         <value>0xc1</value>
         <object_component_ref idref="oc-99"/>
      </symbol>
      <symbol id="sm-101">
         <name>change_flag</name>
         <value>0x2020007c</value>
         <object_component_ref idref="oc-ce"/>
      </symbol>
      <symbol id="sm-102">
         <name>key_flag1</name>
         <value>0x2020007d</value>
         <object_component_ref idref="oc-cf"/>
      </symbol>
      <symbol id="sm-103">
         <name>key_flag2</name>
         <value>0x2020007e</value>
         <object_component_ref idref="oc-d0"/>
      </symbol>
      <symbol id="sm-104">
         <name>key_flag3</name>
         <value>0x2020007f</value>
         <object_component_ref idref="oc-d1"/>
      </symbol>
      <symbol id="sm-105">
         <name>key_flag4</name>
         <value>0x20200080</value>
         <object_component_ref idref="oc-d2"/>
      </symbol>
      <symbol id="sm-106">
         <name>count</name>
         <value>0x20200070</value>
         <object_component_ref idref="oc-d3"/>
      </symbol>
      <symbol id="sm-107">
         <name>ui_flag</name>
         <value>0x20200074</value>
         <object_component_ref idref="oc-d4"/>
      </symbol>
      <symbol id="sm-108">
         <name>para2</name>
         <value>0x2020007a</value>
         <object_component_ref idref="oc-ca"/>
      </symbol>
      <symbol id="sm-109">
         <name>para1</name>
         <value>0x20200078</value>
         <object_component_ref idref="oc-c9"/>
      </symbol>
      <symbol id="sm-10a">
         <name>oled_show</name>
         <value>0x6b5</value>
         <object_component_ref idref="oc-9a"/>
      </symbol>
      <symbol id="sm-10b">
         <name>ui_flag_pre</name>
         <value>0x20200068</value>
      </symbol>
      <symbol id="sm-10c">
         <name>i</name>
         <value>0x20200064</value>
      </symbol>
      <symbol id="sm-10d">
         <name>ui_temp</name>
         <value>0x2020006c</value>
      </symbol>
      <symbol id="sm-10e">
         <name>para_init</name>
         <value>0x12d9</value>
         <object_component_ref idref="oc-92"/>
      </symbol>
      <symbol id="sm-13c">
         <name>delay_ms</name>
         <value>0x1035</value>
         <object_component_ref idref="oc-c4"/>
      </symbol>
      <symbol id="sm-13d">
         <name>OLED_WR_Byte</name>
         <value>0xbc1</value>
         <object_component_ref idref="oc-c5"/>
      </symbol>
      <symbol id="sm-13e">
         <name>I2C_Start</name>
         <value>0xe55</value>
         <object_component_ref idref="oc-118"/>
      </symbol>
      <symbol id="sm-13f">
         <name>Send_Byte</name>
         <value>0x965</value>
         <object_component_ref idref="oc-119"/>
      </symbol>
      <symbol id="sm-140">
         <name>I2C_WaitAck</name>
         <value>0xfe5</value>
         <object_component_ref idref="oc-11a"/>
      </symbol>
      <symbol id="sm-141">
         <name>I2C_Stop</name>
         <value>0xfbd</value>
         <object_component_ref idref="oc-11b"/>
      </symbol>
      <symbol id="sm-142">
         <name>OLED_Set_Pos</name>
         <value>0xd6d</value>
         <object_component_ref idref="oc-135"/>
      </symbol>
      <symbol id="sm-143">
         <name>OLED_Clear</name>
         <value>0xa49</value>
         <object_component_ref idref="oc-c6"/>
      </symbol>
      <symbol id="sm-144">
         <name>OLED_ShowChar</name>
         <value>0x3ad</value>
         <object_component_ref idref="oc-11c"/>
      </symbol>
      <symbol id="sm-145">
         <name>asc2_1608</name>
         <value>0x1368</value>
         <object_component_ref idref="oc-136"/>
      </symbol>
      <symbol id="sm-146">
         <name>asc2_0806</name>
         <value>0x1958</value>
         <object_component_ref idref="oc-137"/>
      </symbol>
      <symbol id="sm-147">
         <name>oled_pow</name>
         <value>0xebb</value>
         <object_component_ref idref="oc-11d"/>
      </symbol>
      <symbol id="sm-148">
         <name>OLED_ShowNum</name>
         <value>0x5bf</value>
         <object_component_ref idref="oc-d6"/>
      </symbol>
      <symbol id="sm-149">
         <name>OLED_ShowString</name>
         <value>0x9d9</value>
         <object_component_ref idref="oc-d5"/>
      </symbol>
      <symbol id="sm-14a">
         <name>OLED_Init</name>
         <value>0x4c5</value>
         <object_component_ref idref="oc-8d"/>
      </symbol>
      <symbol id="sm-161">
         <name>uart_deal</name>
         <value>0xb15</value>
         <object_component_ref idref="oc-9b"/>
      </symbol>
      <symbol id="sm-162">
         <name>uart_received</name>
         <value>0x20200082</value>
         <object_component_ref idref="oc-5f"/>
      </symbol>
      <symbol id="sm-163">
         <name>uart_num</name>
         <value>0x20200081</value>
         <object_component_ref idref="oc-5d"/>
      </symbol>
      <symbol id="sm-164">
         <name>uart_data</name>
         <value>0x20200000</value>
      </symbol>
      <symbol id="sm-165">
         <name>UART0_IRQHandler</name>
         <value>0xb71</value>
         <object_component_ref idref="oc-34"/>
      </symbol>
      <symbol id="sm-166">
         <name>__TI_ATRegion0_src_addr</name>
         <value>0x0</value>
      </symbol>
      <symbol id="sm-167">
         <name>__TI_ATRegion0_trg_addr</name>
         <value>0x0</value>
      </symbol>
      <symbol id="sm-168">
         <name>__TI_ATRegion0_region_sz</name>
         <value>0x0</value>
      </symbol>
      <symbol id="sm-169">
         <name>__TI_ATRegion1_src_addr</name>
         <value>0x0</value>
      </symbol>
      <symbol id="sm-16a">
         <name>__TI_ATRegion1_trg_addr</name>
         <value>0x0</value>
      </symbol>
      <symbol id="sm-16b">
         <name>__TI_ATRegion1_region_sz</name>
         <value>0x0</value>
      </symbol>
      <symbol id="sm-16c">
         <name>__TI_ATRegion2_src_addr</name>
         <value>0x0</value>
      </symbol>
      <symbol id="sm-16d">
         <name>__TI_ATRegion2_trg_addr</name>
         <value>0x0</value>
      </symbol>
      <symbol id="sm-16e">
         <name>__TI_ATRegion2_region_sz</name>
         <value>0x0</value>
      </symbol>
      <symbol id="sm-177">
         <name>DL_Common_delayCycles</name>
         <value>0x1345</value>
         <object_component_ref idref="oc-ef"/>
      </symbol>
      <symbol id="sm-184">
         <name>DL_UART_init</name>
         <value>0xc5d</value>
         <object_component_ref idref="oc-10e"/>
      </symbol>
      <symbol id="sm-185">
         <name>DL_UART_setClockConfig</name>
         <value>0x12ff</value>
         <object_component_ref idref="oc-108"/>
      </symbol>
      <symbol id="sm-193">
         <name>DL_SYSCTL_configSYSPLL</name>
         <value>0x79d</value>
         <object_component_ref idref="oc-ff"/>
      </symbol>
      <symbol id="sm-194">
         <name>DL_SYSCTL_switchMCLKfromSYSOSCtoHSCLK</name>
         <value>0xca5</value>
         <object_component_ref idref="oc-106"/>
      </symbol>
      <symbol id="sm-19f">
         <name>_c_int00_noargs</name>
         <value>0x100d</value>
         <object_component_ref idref="oc-54"/>
      </symbol>
      <symbol id="sm-1a0">
         <name>__stack</name>
         <value>0x20207e00</value>
         <object_component_ref idref="oc-1a"/>
      </symbol>
      <symbol id="sm-1ac">
         <name>__TI_auto_init_nobinit_nopinit</name>
         <value>0xde5</value>
         <object_component_ref idref="oc-a5"/>
      </symbol>
      <symbol id="sm-1b4">
         <name>_system_pre_init</name>
         <value>0x1361</value>
         <object_component_ref idref="oc-6b"/>
      </symbol>
      <symbol id="sm-1bf">
         <name>__TI_zero_init_nomemset</name>
         <value>0x125f</value>
         <object_component_ref idref="oc-4b"/>
      </symbol>
      <symbol id="sm-1c8">
         <name>__TI_decompress_none</name>
         <value>0x1323</value>
         <object_component_ref idref="oc-20"/>
      </symbol>
      <symbol id="sm-1d3">
         <name>__TI_decompress_lzss</name>
         <value>0x879</value>
         <object_component_ref idref="oc-1c"/>
      </symbol>
      <symbol id="sm-1dd">
         <name>abort</name>
         <value>0x1365</value>
         <object_component_ref idref="oc-9e"/>
      </symbol>
      <symbol id="sm-1de">
         <name>C$$EXIT</name>
         <value>0x1364</value>
         <object_component_ref idref="oc-9e"/>
      </symbol>
      <symbol id="sm-1e6">
         <name>__aeabi_memcpy</name>
         <value>0x1351</value>
         <object_component_ref idref="oc-44"/>
      </symbol>
      <symbol id="sm-1e7">
         <name>__aeabi_memcpy4</name>
         <value>0x1351</value>
         <object_component_ref idref="oc-44"/>
      </symbol>
      <symbol id="sm-1e8">
         <name>__aeabi_memcpy8</name>
         <value>0x1351</value>
         <object_component_ref idref="oc-44"/>
      </symbol>
      <symbol id="sm-1ee">
         <name>__aeabi_uidiv</name>
         <value>0xd2d</value>
         <object_component_ref idref="oc-11e"/>
      </symbol>
      <symbol id="sm-1ef">
         <name>__aeabi_uidivmod</name>
         <value>0xd2d</value>
         <object_component_ref idref="oc-11e"/>
      </symbol>
      <symbol id="sm-1f9">
         <name>__aeabi_idiv0</name>
         <value>0xab3</value>
         <object_component_ref idref="oc-138"/>
      </symbol>
      <symbol id="sm-202">
         <name>TI_memcpy_small</name>
         <value>0x1311</value>
         <object_component_ref idref="oc-7e"/>
      </symbol>
      <symbol id="sm-203">
         <name>__TI_static_base__</name>
         <value>0x0</value>
      </symbol>
      <symbol id="sm-206">
         <name>__mpu_init</name>
         <value>0x0</value>
      </symbol>
      <symbol id="sm-207">
         <name>_system_post_cinit</name>
         <value>0x0</value>
      </symbol>
   </symbol_table>
   <title>Link successful</title>
</link_info>
