******************************************************************************
            TI ARM Clang Linker PC v3.2.2                      
******************************************************************************
>> Linked Thu Aug 22 21:55:00 2024

OUTPUT FILE NAME:   <OLED_Software_IIC.out>
ENTRY POINT SYMBOL: "_c_int00_noargs"  address: 00000c51


MEMORY CONFIGURATION

         name            origin    length      used     unused   attr    fill
----------------------  --------  ---------  --------  --------  ----  --------
  FLASH                 00000000   00020000  000016d0  0001e930  R  X
  SRAM                  20200000   00008000  0000021d  00007de3  RW X
  BCR_CONFIG            41c00000   00000080  00000000  00000080  R   
  BSL_CONFIG            41c00100   00000080  00000000  00000080  R   


SEGMENT ALLOCATION MAP

run origin  load origin   length   init length attrs members
----------  ----------- ---------- ----------- ----- -------
00000000    00000000    000016d0   000016d0    r-x
  00000000    00000000    000000c0   000000c0    r-- .intvecs
  000000c0    000000c0    00000db0   00000db0    r-x .text
  00000e70    00000e70    00000830   00000830    r-- .rodata
  000016a0    000016a0    00000030   00000030    r-- .cinit
20200000    20200000    00000020   00000000    rw-
  20200000    20200000    00000011   00000000    rw- .data
  20200014    20200014    0000000c   00000000    rw- .bss
20207e00    20207e00    00000200   00000000    rw-
  20207e00    20207e00    00000200   00000000    rw- .stack


SECTION ALLOCATION MAP

 output                                  attributes/
section   page    origin      length       input sections
--------  ----  ----------  ----------   ----------------
.intvecs   0    00000000    000000c0     
                  00000000    000000c0     startup_mspm0g350x_ticlang.o (.intvecs)

.text      0    000000c0    00000db0     
                  000000c0    000002dc     oled.o (.text.key_read)
                  0000039c    00000118     oled.o (.text.OLED_ShowChar)
                  000004b4    000000fa     oled.o (.text.OLED_Init)
                  000005ae    000000f6     oled.o (.text.OLED_ShowNum)
                  000006a4    000000e8     oled.o (.text.oled_show)
                  0000078c    0000007c     oled.o (.text.Send_Byte)
                  00000808    00000078     libc.a : copy_decompress_lzss.c.obj (.text:decompress:lzss)
                  00000880    00000070     oled.o (.text.OLED_ShowString)
                  000008f0    0000006c     ti_msp_dl_config.o (.text.SYSCFG_DL_GPIO_init)
                  0000095c    0000006a     oled.o (.text.OLED_Clear)
                  000009c6    0000004e     oled.o (.text.OLED_WR_Byte)
                  00000a14    00000040     libclang_rt.builtins.a : aeabi_uidivmod.S.obj (.text.__aeabi_uidivmod)
                  00000a54    0000003c     oled.o (.text.OLED_Set_Pos)
                  00000a90    0000003c     libc.a : autoinit.c.obj (.text:__TI_auto_init_nobinit_nopinit)
                  00000acc    00000038     oled.o (.text.I2C_Start)
                  00000b04    00000034     ti_msp_dl_config.o (.text.DL_GPIO_initDigitalInputFeatures)
                  00000b38    00000034     ti_msp_dl_config.o (.text.SYSCFG_DL_initPower)
                  00000b6c    00000030     oled.o (.text.I2C_Stop)
                  00000b9c    00000030     oled.o (.text.I2C_WaitAck)
                  00000bcc    00000030     oled.o (.text.oled_pow)
                  00000bfc    0000002a     ti_msp_dl_config.o (.text.SYSCFG_DL_SYSCTL_init)
                  00000c26    00000028     ti_msp_dl_config.o (.text.DL_Common_updateReg)
                  00000c4e    00000002     libclang_rt.builtins.a : aeabi_div0.c.obj (.text.__aeabi_idiv0)
                  00000c50    00000028     libc.a : boot_cortex_m.c.obj (.text:_c_int00_noargs)
                  00000c78    00000022     oled.o (.text.delay_ms)
                  00000c9a    00000022     oled.o (.text.main)
                  00000cbc    0000001c     ti_msp_dl_config.o (.text.DL_SYSCTL_setMCLKDivider)
                  00000cd8    0000001c     ti_msp_dl_config.o (.text.DL_SYSCTL_setSYSOSCFreq)
                  00000cf4    0000001c     ti_msp_dl_config.o (.text.DL_SYSCTL_setULPCLKDivider)
                  00000d10    00000018     ti_msp_dl_config.o (.text.DL_GPIO_enableOutput)
                  00000d28    00000018     ti_msp_dl_config.o (.text.DL_GPIO_enablePower)
                  00000d40    00000018     ti_msp_dl_config.o (.text.DL_GPIO_initDigitalOutput)
                  00000d58    00000018     ti_msp_dl_config.o (.text.DL_GPIO_reset)
                  00000d70    00000018     oled.o (.text.DL_GPIO_setPins)
                  00000d88    00000018     ti_msp_dl_config.o (.text.DL_SYSCTL_setBORThreshold)
                  00000da0    00000016     oled.o (.text.DL_GPIO_readPins)
                  00000db6    00000016     libc.a : copy_zero_init.c.obj (.text:decompress:ZI:__TI_zero_init_nomemset)
                  00000dcc    00000014     oled.o (.text.DL_GPIO_clearPins)
                  00000de0    00000014     ti_msp_dl_config.o (.text.DL_GPIO_clearPins)
                  00000df4    00000014     ti_msp_dl_config.o (.text.DL_SYSCTL_disableSYSPLL)
                  00000e08    00000012     libc.a : memcpy16.S.obj (.text:TI_memcpy_small)
                  00000e1a    00000012            : copy_decompress_none.c.obj (.text:decompress:none)
                  00000e2c    00000010     ti_msp_dl_config.o (.text.DL_SYSCTL_disableHFXT)
                  00000e3c    00000010     ti_msp_dl_config.o (.text.SYSCFG_DL_init)
                  00000e4c    0000000a     driverlib.a : dl_common.o (.text.DL_Common_delayCycles)
                  00000e56    00000002     --HOLE-- [fill = 0]
                  00000e58    00000008     libclang_rt.builtins.a : aeabi_memcpy.S.obj (.text.__aeabi_memcpy)
                  00000e60    00000004     startup_mspm0g350x_ticlang.o (.text.Default_Handler)
                  00000e64    00000004     startup_mspm0g350x_ticlang.o (.text.Reset_Handler)
                  00000e68    00000004     libc.a : pre_init.c.obj (.text._system_pre_init)
                  00000e6c    00000004            : exit.c.obj (.text:abort)

.cinit     0    000016a0    00000030     
                  000016a0    0000000c     (.cinit..data.load) [load image, compression = lzss]
                  000016ac    0000000c     (__TI_handler_table)
                  000016b8    00000008     (.cinit..bss.load) [load image, compression = zero_init]
                  000016c0    00000010     (__TI_cinit_table)

.rodata    0    00000e70    00000830     
                  00000e70    000005f0     oled.o (.rodata.asc2_1608)
                  00001460    00000228     oled.o (.rodata.asc2_0806)
                  00001688    00000007     oled.o (.rodata.str1.177745092117497802611)
                  0000168f    00000007     oled.o (.rodata.str1.180289754081839440271)
                  00001696    00000003     oled.o (.rodata.str1.29689625345291119761)
                  00001699    00000007     --HOLE-- [fill = 0]

.init_array 
*          0    00000000    00000000     UNINITIALIZED

.binit     0    00000000    00000000     

.data      0    20200000    00000011     UNINITIALIZED
                  20200000    00000004     oled.o (.data.count)
                  20200004    00000004     oled.o (.data.ui_flag)
                  20200008    00000002     oled.o (.data.para1)
                  2020000a    00000002     oled.o (.data.para2)
                  2020000c    00000001     oled.o (.data.change_flag)
                  2020000d    00000001     oled.o (.data.key_flag1)
                  2020000e    00000001     oled.o (.data.key_flag2)
                  2020000f    00000001     oled.o (.data.key_flag3)
                  20200010    00000001     oled.o (.data.key_flag4)

.bss       0    20200014    0000000c     UNINITIALIZED
                  20200014    00000004     (.common:i)
                  20200018    00000004     (.common:ui_flag_pre)
                  2020001c    00000004     (.common:ui_temp)

.stack     0    20207e00    00000200     UNINITIALIZED
                  20207e00    00000004     libc.a : boot_cortex_m.c.obj (.stack)
                  20207e04    000001fc     --HOLE--

__llvm_prf_cnts 
*          0    20200000    00000000     UNINITIALIZED

__llvm_prf_bits 
*          0    20200000    00000000     UNINITIALIZED

MODULE SUMMARY

       Module                         code   ro data   rw data
       ------                         ----   -------   -------
    .\
       oled.o                         1020   17        29     
       ti_msp_dl_config.o             570    0         0      
       startup_mspm0g350x_ticlang.o   8      192       0      
    +--+------------------------------+------+---------+---------+
       Total:                         1598   209       29     
                                                              
    .\OLED\
       oled.o                         1534   2072      0      
    +--+------------------------------+------+---------+---------+
       Total:                         1534   2072      0      
                                                              
    C:/ti/mspm0_sdk_2_01_00_03/source/ti/driverlib/lib/ticlang/m0p/mspm0g1x0x_g3x0x/driverlib.a
       dl_common.o                    10     0         0      
    +--+------------------------------+------+---------+---------+
       Total:                         10     0         0      
                                                              
    C:\ti\ccstheia141\ccs\tools\compiler\ti-cgt-armllvm_3.2.2.LTS\lib\armv6m-ti-none-eabi/c/libc.a
       copy_decompress_lzss.c.obj     120    0         0      
       autoinit.c.obj                 60     0         0      
       boot_cortex_m.c.obj            40     0         0      
       copy_zero_init.c.obj           22     0         0      
       copy_decompress_none.c.obj     18     0         0      
       memcpy16.S.obj                 18     0         0      
       exit.c.obj                     4      0         0      
       pre_init.c.obj                 4      0         0      
    +--+------------------------------+------+---------+---------+
       Total:                         286    0         0      
                                                              
    C:\ti\ccstheia141\ccs\tools\compiler\ti-cgt-armllvm_3.2.2.LTS\lib\clang/15.0.7/lib/armv6m-ti-none-eabi/libclang_rt.builtins.a
       aeabi_uidivmod.S.obj           64     0         0      
       aeabi_memcpy.S.obj             8      0         0      
       aeabi_div0.c.obj               2      0         0      
    +--+------------------------------+------+---------+---------+
       Total:                         74     0         0      
                                                              
       Stack:                         0      0         512    
       Linker Generated:              0      48        0      
    +--+------------------------------+------+---------+---------+
       Grand Total:                   3502   2329      541    


LINKER GENERATED COPY TABLES

__TI_cinit_table @ 000016c0 records: 2, size/record: 8, table size: 16
	.data: load addr=000016a0, load size=0000000c bytes, run addr=20200000, run size=00000011 bytes, compression=lzss
	.bss: load addr=000016b8, load size=00000008 bytes, run addr=20200014, run size=0000000c bytes, compression=zero_init


LINKER GENERATED HANDLER TABLE

__TI_handler_table @ 000016ac records: 3, size/record: 4, table size: 12
	index: 0, handler: __TI_decompress_lzss
	index: 1, handler: __TI_decompress_none
	index: 2, handler: __TI_zero_init


GLOBAL SYMBOLS: SORTED ALPHABETICALLY BY Name 

address   name                          
-------   ----                          
00000e61  ADC0_IRQHandler               
00000e61  ADC1_IRQHandler               
00000e61  AES_IRQHandler                
00000e6c  C$$EXIT                       
00000e61  CANFD0_IRQHandler             
00000e61  DAC0_IRQHandler               
00000e4d  DL_Common_delayCycles         
00000e61  DMA_IRQHandler                
00000e61  Default_Handler               
00000e61  GROUP0_IRQHandler             
00000e61  GROUP1_IRQHandler             
00000e61  HardFault_Handler             
00000e61  I2C0_IRQHandler               
00000e61  I2C1_IRQHandler               
00000acd  I2C_Start                     
00000b6d  I2C_Stop                      
00000b9d  I2C_WaitAck                   
00000e61  NMI_Handler                   
0000095d  OLED_Clear                    
000004b5  OLED_Init                     
00000a55  OLED_Set_Pos                  
0000039d  OLED_ShowChar                 
000005af  OLED_ShowNum                  
00000881  OLED_ShowString               
000009c7  OLED_WR_Byte                  
00000e61  PendSV_Handler                
00000e61  RTC_IRQHandler                
00000e65  Reset_Handler                 
00000e61  SPI0_IRQHandler               
00000e61  SPI1_IRQHandler               
00000e61  SVC_Handler                   
000008f1  SYSCFG_DL_GPIO_init           
00000bfd  SYSCFG_DL_SYSCTL_init         
00000e3d  SYSCFG_DL_init                
00000b39  SYSCFG_DL_initPower           
0000078d  Send_Byte                     
00000e61  SysTick_Handler               
00000e61  TIMA0_IRQHandler              
00000e61  TIMA1_IRQHandler              
00000e61  TIMG0_IRQHandler              
00000e61  TIMG12_IRQHandler             
00000e61  TIMG6_IRQHandler              
00000e61  TIMG7_IRQHandler              
00000e61  TIMG8_IRQHandler              
00000e09  TI_memcpy_small               
00000e61  UART0_IRQHandler              
00000e61  UART1_IRQHandler              
00000e61  UART2_IRQHandler              
00000e61  UART3_IRQHandler              
20208000  __STACK_END                   
00000200  __STACK_SIZE                  
00000000  __TI_ATRegion0_region_sz      
00000000  __TI_ATRegion0_src_addr       
00000000  __TI_ATRegion0_trg_addr       
00000000  __TI_ATRegion1_region_sz      
00000000  __TI_ATRegion1_src_addr       
00000000  __TI_ATRegion1_trg_addr       
00000000  __TI_ATRegion2_region_sz      
00000000  __TI_ATRegion2_src_addr       
00000000  __TI_ATRegion2_trg_addr       
000016c0  __TI_CINIT_Base               
000016d0  __TI_CINIT_Limit              
000016d0  __TI_CINIT_Warm               
000016ac  __TI_Handler_Table_Base       
000016b8  __TI_Handler_Table_Limit      
00000a91  __TI_auto_init_nobinit_nopinit
00000809  __TI_decompress_lzss          
00000e1b  __TI_decompress_none          
ffffffff  __TI_pprof_out_hndl           
ffffffff  __TI_prof_data_size           
ffffffff  __TI_prof_data_start          
00000000  __TI_static_base__            
00000db7  __TI_zero_init_nomemset       
00000c4f  __aeabi_idiv0                 
00000e59  __aeabi_memcpy                
00000e59  __aeabi_memcpy4               
00000e59  __aeabi_memcpy8               
00000a15  __aeabi_uidiv                 
00000a15  __aeabi_uidivmod              
ffffffff  __binit__                     
UNDEFED   __mpu_init                    
20207e00  __stack                       
20200000  __start___llvm_prf_bits       
20200000  __start___llvm_prf_cnts       
20200000  __stop___llvm_prf_bits        
20200000  __stop___llvm_prf_cnts        
00000c51  _c_int00_noargs               
UNDEFED   _system_post_cinit            
00000e69  _system_pre_init              
00000e6d  abort                         
00001460  asc2_0806                     
00000e70  asc2_1608                     
ffffffff  binit                         
2020000c  change_flag                   
20200000  count                         
00000c79  delay_ms                      
20200014  i                             
00000000  interruptVectors              
2020000d  key_flag1                     
2020000e  key_flag2                     
2020000f  key_flag3                     
20200010  key_flag4                     
000000c1  key_read                      
00000c9b  main                          
00000bcd  oled_pow                      
000006a5  oled_show                     
20200008  para1                         
2020000a  para2                         
20200004  ui_flag                       
20200018  ui_flag_pre                   
2020001c  ui_temp                       


GLOBAL SYMBOLS: SORTED BY Symbol Address 

address   name                          
-------   ----                          
00000000  __TI_ATRegion0_region_sz      
00000000  __TI_ATRegion0_src_addr       
00000000  __TI_ATRegion0_trg_addr       
00000000  __TI_ATRegion1_region_sz      
00000000  __TI_ATRegion1_src_addr       
00000000  __TI_ATRegion1_trg_addr       
00000000  __TI_ATRegion2_region_sz      
00000000  __TI_ATRegion2_src_addr       
00000000  __TI_ATRegion2_trg_addr       
00000000  __TI_static_base__            
00000000  interruptVectors              
000000c1  key_read                      
00000200  __STACK_SIZE                  
0000039d  OLED_ShowChar                 
000004b5  OLED_Init                     
000005af  OLED_ShowNum                  
000006a5  oled_show                     
0000078d  Send_Byte                     
00000809  __TI_decompress_lzss          
00000881  OLED_ShowString               
000008f1  SYSCFG_DL_GPIO_init           
0000095d  OLED_Clear                    
000009c7  OLED_WR_Byte                  
00000a15  __aeabi_uidiv                 
00000a15  __aeabi_uidivmod              
00000a55  OLED_Set_Pos                  
00000a91  __TI_auto_init_nobinit_nopinit
00000acd  I2C_Start                     
00000b39  SYSCFG_DL_initPower           
00000b6d  I2C_Stop                      
00000b9d  I2C_WaitAck                   
00000bcd  oled_pow                      
00000bfd  SYSCFG_DL_SYSCTL_init         
00000c4f  __aeabi_idiv0                 
00000c51  _c_int00_noargs               
00000c79  delay_ms                      
00000c9b  main                          
00000db7  __TI_zero_init_nomemset       
00000e09  TI_memcpy_small               
00000e1b  __TI_decompress_none          
00000e3d  SYSCFG_DL_init                
00000e4d  DL_Common_delayCycles         
00000e59  __aeabi_memcpy                
00000e59  __aeabi_memcpy4               
00000e59  __aeabi_memcpy8               
00000e61  ADC0_IRQHandler               
00000e61  ADC1_IRQHandler               
00000e61  AES_IRQHandler                
00000e61  CANFD0_IRQHandler             
00000e61  DAC0_IRQHandler               
00000e61  DMA_IRQHandler                
00000e61  Default_Handler               
00000e61  GROUP0_IRQHandler             
00000e61  GROUP1_IRQHandler             
00000e61  HardFault_Handler             
00000e61  I2C0_IRQHandler               
00000e61  I2C1_IRQHandler               
00000e61  NMI_Handler                   
00000e61  PendSV_Handler                
00000e61  RTC_IRQHandler                
00000e61  SPI0_IRQHandler               
00000e61  SPI1_IRQHandler               
00000e61  SVC_Handler                   
00000e61  SysTick_Handler               
00000e61  TIMA0_IRQHandler              
00000e61  TIMA1_IRQHandler              
00000e61  TIMG0_IRQHandler              
00000e61  TIMG12_IRQHandler             
00000e61  TIMG6_IRQHandler              
00000e61  TIMG7_IRQHandler              
00000e61  TIMG8_IRQHandler              
00000e61  UART0_IRQHandler              
00000e61  UART1_IRQHandler              
00000e61  UART2_IRQHandler              
00000e61  UART3_IRQHandler              
00000e65  Reset_Handler                 
00000e69  _system_pre_init              
00000e6c  C$$EXIT                       
00000e6d  abort                         
00000e70  asc2_1608                     
00001460  asc2_0806                     
000016ac  __TI_Handler_Table_Base       
000016b8  __TI_Handler_Table_Limit      
000016c0  __TI_CINIT_Base               
000016d0  __TI_CINIT_Limit              
000016d0  __TI_CINIT_Warm               
20200000  __start___llvm_prf_bits       
20200000  __start___llvm_prf_cnts       
20200000  __stop___llvm_prf_bits        
20200000  __stop___llvm_prf_cnts        
20200000  count                         
20200004  ui_flag                       
20200008  para1                         
2020000a  para2                         
2020000c  change_flag                   
2020000d  key_flag1                     
2020000e  key_flag2                     
2020000f  key_flag3                     
20200010  key_flag4                     
20200014  i                             
20200018  ui_flag_pre                   
2020001c  ui_temp                       
20207e00  __stack                       
20208000  __STACK_END                   
ffffffff  __TI_pprof_out_hndl           
ffffffff  __TI_prof_data_size           
ffffffff  __TI_prof_data_start          
ffffffff  __binit__                     
ffffffff  binit                         
UNDEFED   __mpu_init                    
UNDEFED   _system_post_cinit            

[111 symbols]
