******************************************************************************
            TI ARM Clang Linker PC v3.2.2                      
******************************************************************************
>> Linked Wed Aug 28 15:11:46 2024

OUTPUT FILE NAME:   <8_ui_dac8.out>
ENTRY POINT SYMBOL: "_c_int00_noargs"  address: 000011e9


MEMORY CONFIGURATION

         name            origin    length      used     unused   attr    fill
----------------------  --------  ---------  --------  --------  ----  --------
  FLASH                 00000000   00020000  00001e28  0001e1d8  R  X
  SRAM                  20200000   00008000  0000021f  00007de1  RW X
  BCR_CONFIG            41c00000   00000080  00000000  00000080  R   
  BSL_CONFIG            41c00100   00000080  00000000  00000080  R   


SEGMENT ALLOCATION MAP

run origin  load origin   length   init length attrs members
----------  ----------- ---------- ----------- ----- -------
00000000    00000000    00001e28   00001e28    r-x
  00000000    00000000    000000c0   000000c0    r-- .intvecs
  000000c0    000000c0    000014b8   000014b8    r-x .text
  00001578    00001578    00000880   00000880    r-- .rodata
  00001df8    00001df8    00000030   00000030    r-- .cinit
20200000    20200000    00000022   00000000    rw-
  20200000    20200000    00000011   00000000    rw- .data
  20200014    20200014    0000000e   00000000    rw- .bss
20207e00    20207e00    00000200   00000000    rw-
  20207e00    20207e00    00000200   00000000    rw- .stack


SECTION ALLOCATION MAP

 output                                  attributes/
section   page    origin      length       input sections
--------  ----  ----------  ----------   ----------------
.intvecs   0    00000000    000000c0     
                  00000000    000000c0     startup_mspm0g350x_ticlang.o (.intvecs)

.text      0    000000c0    000014b8     
                  000000c0    000002ec     Key.o (.text.key_read)
                  000003ac    00000118     oled.o (.text.OLED_ShowChar)
                  000004c4    0000010c     libclang_rt.builtins.a : divdf3.S.obj (.text.__divdf3)
                  000005d0    000000fa     oled.o (.text.OLED_Init)
                  000006ca    000000f6     oled.o (.text.OLED_ShowNum)
                  000007c0    000000e8     Key.o (.text.oled_show)
                  000008a8    000000e4     libclang_rt.builtins.a : muldf3.S.obj (.text.__muldf3)
                  0000098c    000000dc     driverlib.a : dl_sysctl_mspm0g1x0x_g3x0x.o (.text.DL_SYSCTL_configSYSPLL)
                  00000a68    00000078     libc.a : copy_decompress_lzss.c.obj (.text:decompress:lzss)
                  00000ae0    00000074     oled.o (.text.Send_Byte)
                  00000b54    00000070     oled.o (.text.OLED_ShowString)
                  00000bc4    00000070     main.o (.text.main)
                  00000c34    0000006c     ti_msp_dl_config.o (.text.SYSCFG_DL_GPIO_init)
                  00000ca0    0000006a     oled.o (.text.OLED_Clear)
                  00000d0a    00000002     libclang_rt.builtins.a : aeabi_div0.c.obj (.text.__aeabi_idiv0)
                  00000d0c    00000058     ti_msp_dl_config.o (.text.SYSCFG_DL_initPower)
                  00000d64    0000004e     oled.o (.text.OLED_WR_Byte)
                  00000db2    00000002     --HOLE-- [fill = 0]
                  00000db4    00000048     ti_msp_dl_config.o (.text.DL_COMP_init)
                  00000dfc    00000044     driverlib.a : dl_sysctl_mspm0g1x0x_g3x0x.o (.text.DL_SYSCTL_switchMCLKfromSYSOSCtoHSCLK)
                  00000e40    00000042     libclang_rt.builtins.a : fixunsdfsi.S.obj (.text.__fixunsdfsi)
                  00000e82    00000002     --HOLE-- [fill = 0]
                  00000e84    00000040                            : aeabi_uidivmod.S.obj (.text.__aeabi_uidivmod)
                  00000ec4    0000003c     oled.o (.text.OLED_Set_Pos)
                  00000f00    0000003c     ti_msp_dl_config.o (.text.SYSCFG_DL_COMP_0_init)
                  00000f3c    0000003c     ti_msp_dl_config.o (.text.SYSCFG_DL_SYSCTL_init)
                  00000f78    0000003c     libc.a : autoinit.c.obj (.text:__TI_auto_init_nobinit_nopinit)
                  00000fb4    0000003a     libclang_rt.builtins.a : muldsi3.S.obj (.text.__muldsi3)
                  00000fee    00000002     --HOLE-- [fill = 0]
                  00000ff0    00000038     ti_msp_dl_config.o (.text.DL_OPA_init)
                  00001028    00000034     ti_msp_dl_config.o (.text.DL_COMP_refVoltageInit)
                  0000105c    00000034     ti_msp_dl_config.o (.text.DL_GPIO_initDigitalInputFeatures)
                  00001090    00000034     oled.o (.text.I2C_Start)
                  000010c4    00000030     oled.o (.text.oled_pow)
                  000010f4    0000002c     libclang_rt.builtins.a : floatsidf.S.obj (.text.__floatsidf)
                  00001120    00000028     main.o (.text.DL_Common_updateReg)
                  00001148    00000028     ti_msp_dl_config.o (.text.DL_Common_updateReg)
                  00001170    00000028     oled.o (.text.I2C_Stop)
                  00001198    00000028     oled.o (.text.I2C_WaitAck)
                  000011c0    00000028     ti_msp_dl_config.o (.text.SYSCFG_DL_OPA_0_init)
                  000011e8    00000028     libc.a : boot_cortex_m.c.obj (.text:_c_int00_noargs)
                  00001210    00000024     oled.o (.text.delay_ms)
                  00001234    00000020     main.o (.text.DL_COMP_setDACCode0)
                  00001254    00000020     ti_msp_dl_config.o (.text.DL_COMP_setDACCode0)
                  00001274    00000020     ti_msp_dl_config.o (.text.DL_SYSCTL_setFlashWaitState)
                  00001294    0000001c     ti_msp_dl_config.o (.text.DL_COMP_enableInterrupt)
                  000012b0    0000001c     ti_msp_dl_config.o (.text.DL_GPIO_initDigitalInput)
                  000012cc    0000001c     ti_msp_dl_config.o (.text.DL_GPIO_initPeripheralOutputFunction)
                  000012e8    0000001c     ti_msp_dl_config.o (.text.DL_OPA_setGainBandwidth)
                  00001304    0000001c     ti_msp_dl_config.o (.text.DL_SYSCTL_setSYSOSCFreq)
                  00001320    0000001c     ti_msp_dl_config.o (.text.DL_SYSCTL_setULPCLKDivider)
                  0000133c    00000018     main.o (.text.DL_COMP_enable)
                  00001354    00000018     ti_msp_dl_config.o (.text.DL_COMP_enable)
                  0000136c    00000018     ti_msp_dl_config.o (.text.DL_COMP_enablePower)
                  00001384    00000018     ti_msp_dl_config.o (.text.DL_COMP_reset)
                  0000139c    00000018     ti_msp_dl_config.o (.text.DL_GPIO_enableOutput)
                  000013b4    00000018     ti_msp_dl_config.o (.text.DL_GPIO_enablePower)
                  000013cc    00000018     ti_msp_dl_config.o (.text.DL_GPIO_initDigitalOutput)
                  000013e4    00000018     ti_msp_dl_config.o (.text.DL_GPIO_reset)
                  000013fc    00000018     oled.o (.text.DL_GPIO_setPins)
                  00001414    00000018     ti_msp_dl_config.o (.text.DL_OPA_enablePower)
                  0000142c    00000018     ti_msp_dl_config.o (.text.DL_OPA_reset)
                  00001444    00000018     ti_msp_dl_config.o (.text.DL_SYSCTL_setBORThreshold)
                  0000145c    00000018     ti_msp_dl_config.o (.text.SYSCFG_DL_init)
                  00001474    00000016     Key.o (.text.DL_GPIO_readPins)
                  0000148a    00000016     main.o (.text.DL_OPA_enable)
                  000014a0    00000016     ti_msp_dl_config.o (.text.DL_OPA_enable)
                  000014b6    00000016     libc.a : copy_zero_init.c.obj (.text:decompress:ZI:__TI_zero_init_nomemset)
                  000014cc    00000014     oled.o (.text.DL_GPIO_clearPins)
                  000014e0    00000014     ti_msp_dl_config.o (.text.DL_GPIO_clearPins)
                  000014f4    00000014     ti_msp_dl_config.o (.text.DL_SYSCTL_disableSYSPLL)
                  00001508    00000014     Key.o (.text.para_init)
                  0000151c    00000012     libc.a : memcpy16.S.obj (.text:TI_memcpy_small)
                  0000152e    00000012            : copy_decompress_none.c.obj (.text:decompress:none)
                  00001540    00000010     ti_msp_dl_config.o (.text.DL_SYSCTL_disableHFXT)
                  00001550    0000000a     driverlib.a : dl_common.o (.text.DL_Common_delayCycles)
                  0000155a    00000002     --HOLE-- [fill = 0]
                  0000155c    00000008     libclang_rt.builtins.a : aeabi_memcpy.S.obj (.text.__aeabi_memcpy)
                  00001564    00000004     startup_mspm0g350x_ticlang.o (.text.Default_Handler)
                  00001568    00000004     startup_mspm0g350x_ticlang.o (.text.Reset_Handler)
                  0000156c    00000004     libc.a : pre_init.c.obj (.text._system_pre_init)
                  00001570    00000004            : exit.c.obj (.text:abort)
                  00001574    00000004     --HOLE-- [fill = 0]

.cinit     0    00001df8    00000030     
                  00001df8    0000000c     (.cinit..data.load) [load image, compression = lzss]
                  00001e04    0000000c     (__TI_handler_table)
                  00001e10    00000008     (.cinit..bss.load) [load image, compression = zero_init]
                  00001e18    00000010     (__TI_cinit_table)

.rodata    0    00001578    00000880     
                  00001578    000005f0     oled.o (.rodata.asc2_1608)
                  00001b68    00000228     oled.o (.rodata.asc2_0806)
                  00001d90    00000028     ti_msp_dl_config.o (.rodata.gSYSPLLConfig)
                  00001db8    00000014     ti_msp_dl_config.o (.rodata.gCOMP_0Config)
                  00001dcc    0000000c     ti_msp_dl_config.o (.rodata.gCOMP_0VRefConfig)
                  00001dd8    0000000a     ti_msp_dl_config.o (.rodata.gOPA_0Config0)
                  00001de2    00000007     Key.o (.rodata.str1.88197572960601424031)
                  00001de9    00000007     Key.o (.rodata.str1.9104675726601278381)
                  00001df0    00000003     Key.o (.rodata.str1.90109970983182571261)
                  00001df3    00000005     --HOLE-- [fill = 0]

.init_array 
*          0    00000000    00000000     UNINITIALIZED

.binit     0    00000000    00000000     

.data      0    20200000    00000011     UNINITIALIZED
                  20200000    00000004     Key.o (.data.count)
                  20200004    00000004     Key.o (.data.ui_flag)
                  20200008    00000002     Key.o (.data.para1)
                  2020000a    00000002     Key.o (.data.para2)
                  2020000c    00000001     Key.o (.data.change_flag)
                  2020000d    00000001     Key.o (.data.key_flag1)
                  2020000e    00000001     Key.o (.data.key_flag2)
                  2020000f    00000001     Key.o (.data.key_flag3)
                  20200010    00000001     Key.o (.data.key_flag4)

.bss       0    20200014    0000000e     UNINITIALIZED
                  20200014    00000004     (.common:i)
                  20200018    00000004     (.common:ui_flag_pre)
                  2020001c    00000004     (.common:ui_temp)
                  20200020    00000002     (.common:output_value)

.stack     0    20207e00    00000200     UNINITIALIZED
                  20207e00    00000004     libc.a : boot_cortex_m.c.obj (.stack)
                  20207e04    000001fc     --HOLE--

__llvm_prf_cnts 
*          0    20200000    00000000     UNINITIALIZED

__llvm_prf_bits 
*          0    20200000    00000000     UNINITIALIZED

MODULE SUMMARY

       Module                         code   ro data   rw data
       ------                         ----   -------   -------
    .\
       ti_msp_dl_config.o             1202   82        0      
       main.o                         230    0         2      
       startup_mspm0g350x_ticlang.o   8      192       0      
    +--+------------------------------+------+---------+---------+
       Total:                         1440   274       2      
                                                              
    .\Key\
       Key.o                          1022   17        29     
    +--+------------------------------+------+---------+---------+
       Total:                         1022   17        29     
                                                              
    .\OLED\
       oled.o                         1508   2072      0      
    +--+------------------------------+------+---------+---------+
       Total:                         1508   2072      0      
                                                              
    C:/ti/mspm0_sdk_2_01_00_03/source/ti/driverlib/lib/ticlang/m0p/mspm0g1x0x_g3x0x/driverlib.a
       dl_sysctl_mspm0g1x0x_g3x0x.o   288    0         0      
       dl_common.o                    10     0         0      
    +--+------------------------------+------+---------+---------+
       Total:                         298    0         0      
                                                              
    C:\ti\ccs1260\ccs\tools\compiler\ti-cgt-armllvm_3.2.2.LTS\lib\armv6m-ti-none-eabi/c/libc.a
       copy_decompress_lzss.c.obj     120    0         0      
       autoinit.c.obj                 60     0         0      
       boot_cortex_m.c.obj            40     0         0      
       copy_zero_init.c.obj           22     0         0      
       copy_decompress_none.c.obj     18     0         0      
       memcpy16.S.obj                 18     0         0      
       exit.c.obj                     4      0         0      
       pre_init.c.obj                 4      0         0      
    +--+------------------------------+------+---------+---------+
       Total:                         286    0         0      
                                                              
    C:\ti\ccs1260\ccs\tools\compiler\ti-cgt-armllvm_3.2.2.LTS\lib\clang/15.0.7/lib/armv6m-ti-none-eabi/libclang_rt.builtins.a
       divdf3.S.obj                   268    0         0      
       muldf3.S.obj                   228    0         0      
       fixunsdfsi.S.obj               66     0         0      
       aeabi_uidivmod.S.obj           64     0         0      
       muldsi3.S.obj                  58     0         0      
       floatsidf.S.obj                44     0         0      
       aeabi_memcpy.S.obj             8      0         0      
       aeabi_div0.c.obj               2      0         0      
    +--+------------------------------+------+---------+---------+
       Total:                         738    0         0      
                                                              
       Stack:                         0      0         512    
       Linker Generated:              0      48        0      
    +--+------------------------------+------+---------+---------+
       Grand Total:                   5292   2411      543    


LINKER GENERATED COPY TABLES

__TI_cinit_table @ 00001e18 records: 2, size/record: 8, table size: 16
	.data: load addr=00001df8, load size=0000000c bytes, run addr=20200000, run size=00000011 bytes, compression=lzss
	.bss: load addr=00001e10, load size=00000008 bytes, run addr=20200014, run size=0000000e bytes, compression=zero_init


LINKER GENERATED HANDLER TABLE

__TI_handler_table @ 00001e04 records: 3, size/record: 4, table size: 12
	index: 0, handler: __TI_decompress_lzss
	index: 1, handler: __TI_decompress_none
	index: 2, handler: __TI_zero_init


GLOBAL SYMBOLS: SORTED ALPHABETICALLY BY Name 

address   name                                 
-------   ----                                 
00001565  ADC0_IRQHandler                      
00001565  ADC1_IRQHandler                      
00001565  AES_IRQHandler                       
00001570  C$$EXIT                              
00001565  CANFD0_IRQHandler                    
00001565  DAC0_IRQHandler                      
00001551  DL_Common_delayCycles                
0000098d  DL_SYSCTL_configSYSPLL               
00000dfd  DL_SYSCTL_switchMCLKfromSYSOSCtoHSCLK
00001565  DMA_IRQHandler                       
00001565  Default_Handler                      
00001565  GROUP0_IRQHandler                    
00001565  GROUP1_IRQHandler                    
00001565  HardFault_Handler                    
00001565  I2C0_IRQHandler                      
00001565  I2C1_IRQHandler                      
00001091  I2C_Start                            
00001171  I2C_Stop                             
00001199  I2C_WaitAck                          
00001565  NMI_Handler                          
00000ca1  OLED_Clear                           
000005d1  OLED_Init                            
00000ec5  OLED_Set_Pos                         
000003ad  OLED_ShowChar                        
000006cb  OLED_ShowNum                         
00000b55  OLED_ShowString                      
00000d65  OLED_WR_Byte                         
00001565  PendSV_Handler                       
00001565  RTC_IRQHandler                       
00001569  Reset_Handler                        
00001565  SPI0_IRQHandler                      
00001565  SPI1_IRQHandler                      
00001565  SVC_Handler                          
00000f01  SYSCFG_DL_COMP_0_init                
00000c35  SYSCFG_DL_GPIO_init                  
000011c1  SYSCFG_DL_OPA_0_init                 
00000f3d  SYSCFG_DL_SYSCTL_init                
0000145d  SYSCFG_DL_init                       
00000d0d  SYSCFG_DL_initPower                  
00000ae1  Send_Byte                            
00001565  SysTick_Handler                      
00001565  TIMA0_IRQHandler                     
00001565  TIMA1_IRQHandler                     
00001565  TIMG0_IRQHandler                     
00001565  TIMG12_IRQHandler                    
00001565  TIMG6_IRQHandler                     
00001565  TIMG7_IRQHandler                     
00001565  TIMG8_IRQHandler                     
0000151d  TI_memcpy_small                      
00001565  UART0_IRQHandler                     
00001565  UART1_IRQHandler                     
00001565  UART2_IRQHandler                     
00001565  UART3_IRQHandler                     
20208000  __STACK_END                          
00000200  __STACK_SIZE                         
00000000  __TI_ATRegion0_region_sz             
00000000  __TI_ATRegion0_src_addr              
00000000  __TI_ATRegion0_trg_addr              
00000000  __TI_ATRegion1_region_sz             
00000000  __TI_ATRegion1_src_addr              
00000000  __TI_ATRegion1_trg_addr              
00000000  __TI_ATRegion2_region_sz             
00000000  __TI_ATRegion2_src_addr              
00000000  __TI_ATRegion2_trg_addr              
00001e18  __TI_CINIT_Base                      
00001e28  __TI_CINIT_Limit                     
00001e28  __TI_CINIT_Warm                      
00001e04  __TI_Handler_Table_Base              
00001e10  __TI_Handler_Table_Limit             
00000f79  __TI_auto_init_nobinit_nopinit       
00000a69  __TI_decompress_lzss                 
0000152f  __TI_decompress_none                 
ffffffff  __TI_pprof_out_hndl                  
ffffffff  __TI_prof_data_size                  
ffffffff  __TI_prof_data_start                 
00000000  __TI_static_base__                   
000014b7  __TI_zero_init_nomemset              
00000e41  __aeabi_d2uiz                        
000004c5  __aeabi_ddiv                         
000008a9  __aeabi_dmul                         
000010f5  __aeabi_i2d                          
00000d0b  __aeabi_idiv0                        
0000155d  __aeabi_memcpy                       
0000155d  __aeabi_memcpy4                      
0000155d  __aeabi_memcpy8                      
00000e85  __aeabi_uidiv                        
00000e85  __aeabi_uidivmod                     
ffffffff  __binit__                            
000004c5  __divdf3                             
00000e41  __fixunsdfsi                         
000010f5  __floatsidf                          
UNDEFED   __mpu_init                           
000008a9  __muldf3                             
00000fb5  __muldsi3                            
20207e00  __stack                              
20200000  __start___llvm_prf_bits              
20200000  __start___llvm_prf_cnts              
20200000  __stop___llvm_prf_bits               
20200000  __stop___llvm_prf_cnts               
000011e9  _c_int00_noargs                      
UNDEFED   _system_post_cinit                   
0000156d  _system_pre_init                     
00001571  abort                                
00001b68  asc2_0806                            
00001578  asc2_1608                            
ffffffff  binit                                
2020000c  change_flag                          
20200000  count                                
00001211  delay_ms                             
20200014  i                                    
00000000  interruptVectors                     
2020000d  key_flag1                            
2020000e  key_flag2                            
2020000f  key_flag3                            
20200010  key_flag4                            
000000c1  key_read                             
00000bc5  main                                 
000010c5  oled_pow                             
000007c1  oled_show                            
20200020  output_value                         
20200008  para1                                
2020000a  para2                                
00001509  para_init                            
20200004  ui_flag                              
20200018  ui_flag_pre                          
2020001c  ui_temp                              


GLOBAL SYMBOLS: SORTED BY Symbol Address 

address   name                                 
-------   ----                                 
00000000  __TI_ATRegion0_region_sz             
00000000  __TI_ATRegion0_src_addr              
00000000  __TI_ATRegion0_trg_addr              
00000000  __TI_ATRegion1_region_sz             
00000000  __TI_ATRegion1_src_addr              
00000000  __TI_ATRegion1_trg_addr              
00000000  __TI_ATRegion2_region_sz             
00000000  __TI_ATRegion2_src_addr              
00000000  __TI_ATRegion2_trg_addr              
00000000  __TI_static_base__                   
00000000  interruptVectors                     
000000c1  key_read                             
00000200  __STACK_SIZE                         
000003ad  OLED_ShowChar                        
000004c5  __aeabi_ddiv                         
000004c5  __divdf3                             
000005d1  OLED_Init                            
000006cb  OLED_ShowNum                         
000007c1  oled_show                            
000008a9  __aeabi_dmul                         
000008a9  __muldf3                             
0000098d  DL_SYSCTL_configSYSPLL               
00000a69  __TI_decompress_lzss                 
00000ae1  Send_Byte                            
00000b55  OLED_ShowString                      
00000bc5  main                                 
00000c35  SYSCFG_DL_GPIO_init                  
00000ca1  OLED_Clear                           
00000d0b  __aeabi_idiv0                        
00000d0d  SYSCFG_DL_initPower                  
00000d65  OLED_WR_Byte                         
00000dfd  DL_SYSCTL_switchMCLKfromSYSOSCtoHSCLK
00000e41  __aeabi_d2uiz                        
00000e41  __fixunsdfsi                         
00000e85  __aeabi_uidiv                        
00000e85  __aeabi_uidivmod                     
00000ec5  OLED_Set_Pos                         
00000f01  SYSCFG_DL_COMP_0_init                
00000f3d  SYSCFG_DL_SYSCTL_init                
00000f79  __TI_auto_init_nobinit_nopinit       
00000fb5  __muldsi3                            
00001091  I2C_Start                            
000010c5  oled_pow                             
000010f5  __aeabi_i2d                          
000010f5  __floatsidf                          
00001171  I2C_Stop                             
00001199  I2C_WaitAck                          
000011c1  SYSCFG_DL_OPA_0_init                 
000011e9  _c_int00_noargs                      
00001211  delay_ms                             
0000145d  SYSCFG_DL_init                       
000014b7  __TI_zero_init_nomemset              
00001509  para_init                            
0000151d  TI_memcpy_small                      
0000152f  __TI_decompress_none                 
00001551  DL_Common_delayCycles                
0000155d  __aeabi_memcpy                       
0000155d  __aeabi_memcpy4                      
0000155d  __aeabi_memcpy8                      
00001565  ADC0_IRQHandler                      
00001565  ADC1_IRQHandler                      
00001565  AES_IRQHandler                       
00001565  CANFD0_IRQHandler                    
00001565  DAC0_IRQHandler                      
00001565  DMA_IRQHandler                       
00001565  Default_Handler                      
00001565  GROUP0_IRQHandler                    
00001565  GROUP1_IRQHandler                    
00001565  HardFault_Handler                    
00001565  I2C0_IRQHandler                      
00001565  I2C1_IRQHandler                      
00001565  NMI_Handler                          
00001565  PendSV_Handler                       
00001565  RTC_IRQHandler                       
00001565  SPI0_IRQHandler                      
00001565  SPI1_IRQHandler                      
00001565  SVC_Handler                          
00001565  SysTick_Handler                      
00001565  TIMA0_IRQHandler                     
00001565  TIMA1_IRQHandler                     
00001565  TIMG0_IRQHandler                     
00001565  TIMG12_IRQHandler                    
00001565  TIMG6_IRQHandler                     
00001565  TIMG7_IRQHandler                     
00001565  TIMG8_IRQHandler                     
00001565  UART0_IRQHandler                     
00001565  UART1_IRQHandler                     
00001565  UART2_IRQHandler                     
00001565  UART3_IRQHandler                     
00001569  Reset_Handler                        
0000156d  _system_pre_init                     
00001570  C$$EXIT                              
00001571  abort                                
00001578  asc2_1608                            
00001b68  asc2_0806                            
00001e04  __TI_Handler_Table_Base              
00001e10  __TI_Handler_Table_Limit             
00001e18  __TI_CINIT_Base                      
00001e28  __TI_CINIT_Limit                     
00001e28  __TI_CINIT_Warm                      
20200000  __start___llvm_prf_bits              
20200000  __start___llvm_prf_cnts              
20200000  __stop___llvm_prf_bits               
20200000  __stop___llvm_prf_cnts               
20200000  count                                
20200004  ui_flag                              
20200008  para1                                
2020000a  para2                                
2020000c  change_flag                          
2020000d  key_flag1                            
2020000e  key_flag2                            
2020000f  key_flag3                            
20200010  key_flag4                            
20200014  i                                    
20200018  ui_flag_pre                          
2020001c  ui_temp                              
20200020  output_value                         
20207e00  __stack                              
20208000  __STACK_END                          
ffffffff  __TI_pprof_out_hndl                  
ffffffff  __TI_prof_data_size                  
ffffffff  __TI_prof_data_start                 
ffffffff  __binit__                            
ffffffff  binit                                
UNDEFED   __mpu_init                           
UNDEFED   _system_post_cinit                   

[126 symbols]
