******************************************************************************
            TI ARM Clang Linker PC v3.2.2                      
******************************************************************************
>> Linked Wed Aug 21 23:04:17 2024

OUTPUT FILE NAME:   <2_fft.out>
ENTRY POINT SYMBOL: "_c_int00_noargs"  address: 000065c5


MEMORY CONFIGURATION

         name            origin    length      used     unused   attr    fill
----------------------  --------  ---------  --------  --------  ----  --------
  FLASH                 00000000   00020000  00006a60  000195a0  R  X
  SRAM                  20200000   00008000  00003acd  00004533  RW X
  BCR_CONFIG            41c00000   00000080  00000000  00000080  R   
  BSL_CONFIG            41c00100   00000080  00000000  00000080  R   


SEGMENT ALLOCATION MAP

run origin  load origin   length   init length attrs members
----------  ----------- ---------- ----------- ----- -------
00000000    00000000    00006a60   00006a60    r-x
  00000000    00000000    000000c0   000000c0    r-- .intvecs
  000000c0    000000c0    000036a0   000036a0    r-- .rodata
  00003760    00003760    000032d0   000032d0    r-x .text
  00006a30    00006a30    00000030   00000030    r-- .cinit
20200000    20200000    000038cd   00000000    rw-
  20200000    20200000    000038c8   00000000    rw- .bss
  202038c8    202038c8    00000005   00000000    rw- .data
20207e00    20207e00    00000200   00000000    rw-
  20207e00    20207e00    00000200   00000000    rw- .stack


SECTION ALLOCATION MAP

 output                                  attributes/
section   page    origin      length       input sections
--------  ----  ----------  ----------   ----------------
.intvecs   0    00000000    000000c0     
                  00000000    000000c0     startup_mspm0g350x_ticlang.o (.intvecs)

.text      0    00003760    000032d0     
                  00003760    000008fc     arm_cortexM0l_math.a : arm_cfft_radix8_f32.o (.text.arm_radix8_butterfly_f32)
                  0000405c    00000774                          : arm_cfft_f32.o (.text.arm_cfft_radix8by4_f32)
                  000047d0    000002b0                          : arm_cfft_f32.o (.text.arm_cfft_radix8by2_f32)
                  00004a80    000001c8                          : arm_cfft_f32.o (.text.arm_cfft_f32)
                  00004c48    000001a0                          : arm_cmplx_mag_f32.o (.text.arm_cmplx_mag_f32)
                  00004de8    00000184     main.o (.text.main)
                  00004f6c    00000134     arm_cortexM0l_math.a : arm_bitreversal2.o (.text.arm_bitreversal_32)
                  000050a0    00000118     oled.o (.text.OLED_ShowChar)
                  000051b8    0000010c     libclang_rt.builtins.a : divdf3.S.obj (.text.__divdf3)
                  000052c4    000000fa     oled.o (.text.OLED_Init)
                  000053be    000000f8     oled.o (.text.OLED_decimal)
                  000054b6    000000f6     oled.o (.text.OLED_ShowNum)
                  000055ac    000000e8     driverlib.a : dl_timer.o (.text.DL_Timer_initTimerMode)
                  00005694    000000e4     libclang_rt.builtins.a : muldf3.S.obj (.text.__muldf3)
                  00005778    000000dc     driverlib.a : dl_sysctl_mspm0g1x0x_g3x0x.o (.text.DL_SYSCTL_configSYSPLL)
                  00005854    000000d8     libclang_rt.builtins.a : addsf3.S.obj (.text)
                  0000592c    000000a8     libc.a : e_sqrtf.c.obj (.text.sqrtf)
                  000059d4    0000008c     libclang_rt.builtins.a : mulsf3.S.obj (.text.__mulsf3)
                  00005a60    00000082                            : divsf3.S.obj (.text.__divsf3)
                  00005ae2    00000002                            : aeabi_div0.c.obj (.text.__aeabi_idiv0)
                  00005ae4    0000007c     ti_msp_dl_config.o (.text.SYSCFG_DL_ADC12_0_init)
                  00005b60    00000078     libc.a : copy_decompress_lzss.c.obj (.text:decompress:lzss)
                  00005bd8    00000074     oled.o (.text.Send_Byte)
                  00005c4c    00000004     startup_mspm0g350x_ticlang.o (.text.Default_Handler)
                  00005c50    00000074     libclang_rt.builtins.a : truncdfsf2.S.obj (.text.__truncdfsf2)
                  00005cc4    00000070     oled.o (.text.OLED_ShowString)
                  00005d34    0000006a     oled.o (.text.OLED_Clear)
                  00005d9e    00000002     --HOLE-- [fill = 0]
                  00005da0    00000062     libclang_rt.builtins.a : aeabi_fcmp.S.obj (.text.__aeabi_fcmp)
                  00005e02    00000060     arm_cortexM0l_math.a : arm_max_f32.o (.text.arm_max_f32)
                  00005e62    00000002     --HOLE-- [fill = 0]
                  00005e64    00000058     ti_msp_dl_config.o (.text.SYSCFG_DL_initPower)
                  00005ebc    0000004e     oled.o (.text.OLED_WR_Byte)
                  00005f0a    00000002     --HOLE-- [fill = 0]
                  00005f0c    0000004c     driverlib.a : dl_dma.o (.text.DL_DMA_initChannel)
                  00005f58    0000004a     ti_msp_dl_config.o (.text.DL_ADC12_configConversionMem)
                  00005fa2    00000002     --HOLE-- [fill = 0]
                  00005fa4    00000048     main.o (.text.dma_init)
                  00005fec    00000044     driverlib.a : dl_sysctl_mspm0g1x0x_g3x0x.o (.text.DL_SYSCTL_switchMCLKfromSYSOSCtoHSCLK)
                  00006030    00000040                 : dl_adc12.o (.text.DL_ADC12_setClockConfig)
                  00006070    00000040     libclang_rt.builtins.a : aeabi_uidivmod.S.obj (.text.__aeabi_uidivmod)
                  000060b0    00000040                            : extendsfdf2.S.obj (.text.__extendsfdf2)
                  000060f0    0000003c     oled.o (.text.OLED_Set_Pos)
                  0000612c    0000003c     ti_msp_dl_config.o (.text.SYSCFG_DL_SYSCTL_init)
                  00006168    0000003c     libclang_rt.builtins.a : floatsisf.S.obj (.text.__floatsisf)
                  000061a4    0000003c                            : comparesf2.S.obj (.text.__gtsf2)
                  000061e0    0000003c     libc.a : autoinit.c.obj (.text:__TI_auto_init_nobinit_nopinit)
                  0000621c    0000003a     libclang_rt.builtins.a : comparesf2.S.obj (.text.__eqsf2)
                  00006256    00000002     --HOLE-- [fill = 0]
                  00006258    0000003a                            : muldsi3.S.obj (.text.__muldsi3)
                  00006292    00000002     --HOLE-- [fill = 0]
                  00006294    00000038     main.o (.text.ADC1_IRQHandler)
                  000062cc    00000038     libclang_rt.builtins.a : fixsfsi.S.obj (.text.__fixsfsi)
                  00006304    00000034     oled.o (.text.I2C_Start)
                  00006338    00000034     ti_msp_dl_config.o (.text.SYSCFG_DL_TIMER_0_init)
                  0000636c    00000030     main.o (.text.DL_DMA_setTransferSize)
                  0000639c    00000030     main.o (.text.TIMA0_IRQHandler)
                  000063cc    00000030     oled.o (.text.oled_pow)
                  000063fc    0000002c     ti_msp_dl_config.o (.text.DL_ADC12_setDMASamplesCnt)
                  00006428    0000002c     ti_msp_dl_config.o (.text.SYSCFG_DL_GPIO_init)
                  00006454    0000002c     main.o (.text.__NVIC_EnableIRQ)
                  00006480    0000002c     libclang_rt.builtins.a : floatsidf.S.obj (.text.__floatsidf)
                  000064ac    00000028     ti_msp_dl_config.o (.text.DL_Common_updateReg)
                  000064d4    00000028     main.o (.text.DL_DMA_setDestAddr)
                  000064fc    00000028     main.o (.text.DL_DMA_setSrcAddr)
                  00006524    00000028     oled.o (.text.I2C_Stop)
                  0000654c    00000028     oled.o (.text.I2C_WaitAck)
                  00006574    00000028     ti_msp_dl_config.o (.text.SYSCFG_DL_init)
                  0000659c    00000028     libclang_rt.builtins.a : floatunsisf.S.obj (.text.__floatunsisf)
                  000065c4    00000028     libc.a : boot_cortex_m.c.obj (.text:_c_int00_noargs)
                  000065ec    00000026     main.o (.text.DL_DMA_enableChannel)
                  00006612    00000002     --HOLE-- [fill = 0]
                  00006614    00000024     main.o (.text.DL_ADC12_getMemResultAddress)
                  00006638    00000024     oled.o (.text.delay_ms)
                  0000665c    00000020     ti_msp_dl_config.o (.text.DL_SYSCTL_setFlashWaitState)
                  0000667c    0000001e     ti_msp_dl_config.o (.text.DL_ADC12_setPowerDownMode)
                  0000669a    00000002     --HOLE-- [fill = 0]
                  0000669c    0000001c     ti_msp_dl_config.o (.text.DL_ADC12_clearInterruptStatus)
                  000066b8    0000001c     ti_msp_dl_config.o (.text.DL_ADC12_enableDMA)
                  000066d4    0000001c     ti_msp_dl_config.o (.text.DL_ADC12_enableDMATrigger)
                  000066f0    0000001c     ti_msp_dl_config.o (.text.DL_ADC12_enableInterrupt)
                  0000670c    0000001c     main.o (.text.DL_ADC12_startConversion)
                  00006728    0000001c     ti_msp_dl_config.o (.text.DL_SYSCTL_setSYSOSCFreq)
                  00006744    0000001c     ti_msp_dl_config.o (.text.DL_SYSCTL_setULPCLKDivider)
                  00006760    0000001c     ti_msp_dl_config.o (.text.DL_Timer_enableInterrupt)
                  0000677c    0000001c     driverlib.a : dl_timer.o (.text.DL_Timer_setClockConfig)
                  00006798    00000018     ti_msp_dl_config.o (.text.DL_ADC12_enablePower)
                  000067b0    00000018     ti_msp_dl_config.o (.text.DL_ADC12_reset)
                  000067c8    00000018     ti_msp_dl_config.o (.text.DL_ADC12_setSampleTime0)
                  000067e0    00000018     ti_msp_dl_config.o (.text.DL_ADC12_setSampleTime1)
                  000067f8    00000018     ti_msp_dl_config.o (.text.DL_GPIO_enableOutput)
                  00006810    00000018     ti_msp_dl_config.o (.text.DL_GPIO_enablePower)
                  00006828    00000018     ti_msp_dl_config.o (.text.DL_GPIO_initDigitalOutput)
                  00006840    00000018     ti_msp_dl_config.o (.text.DL_GPIO_reset)
                  00006858    00000018     oled.o (.text.DL_GPIO_setPins)
                  00006870    00000018     ti_msp_dl_config.o (.text.DL_SYSCTL_setBORThreshold)
                  00006888    00000018     ti_msp_dl_config.o (.text.DL_Timer_enablePower)
                  000068a0    00000018     ti_msp_dl_config.o (.text.DL_Timer_reset)
                  000068b8    00000018     main.o (.text.DL_Timer_startCounter)
                  000068d0    00000018     main.o (.text.DL_Timer_stopCounter)
                  000068e8    00000018     ti_msp_dl_config.o (.text.SYSCFG_DL_DMA_CH0_init)
                  00006900    00000016     main.o (.text.DL_ADC12_enableConversions)
                  00006916    00000016     ti_msp_dl_config.o (.text.DL_ADC12_enableConversions)
                  0000692c    00000014     oled.o (.text.DL_GPIO_clearPins)
                  00006940    00000014     ti_msp_dl_config.o (.text.DL_GPIO_clearPins)
                  00006954    00000014     ti_msp_dl_config.o (.text.DL_SYSCTL_disableSYSPLL)
                  00006968    00000014     ti_msp_dl_config.o (.text.DL_Timer_enableClock)
                  0000697c    00000012     main.o (.text.DL_ADC12_getPendingInterrupt)
                  0000698e    00000012     main.o (.text.DL_Timer_getPendingInterrupt)
                  000069a0    00000012     libc.a : memcpy16.S.obj (.text:TI_memcpy_small)
                  000069b2    00000012            : copy_decompress_none.c.obj (.text:decompress:none)
                  000069c4    00000010     ti_msp_dl_config.o (.text.DL_SYSCTL_disableHFXT)
                  000069d4    00000010     libc.a : copy_zero_init.c.obj (.text:decompress:ZI)
                  000069e4    0000000e            : memset16.S.obj (.text:TI_memset_small)
                  000069f2    00000002     --HOLE-- [fill = 0]
                  000069f4    0000000c     libclang_rt.builtins.a : aeabi_memset.S.obj (.text.__aeabi_memclr)
                  00006a00    0000000a     driverlib.a : dl_common.o (.text.DL_Common_delayCycles)
                  00006a0a    00000008     ti_msp_dl_config.o (.text.SYSCFG_DL_DMA_init)
                  00006a12    00000002     --HOLE-- [fill = 0]
                  00006a14    00000008     libc.a : aeabi_portable.c.obj (.text.__aeabi_errno_addr)
                  00006a1c    00000008     libclang_rt.builtins.a : aeabi_memcpy.S.obj (.text.__aeabi_memcpy)
                  00006a24    00000004     startup_mspm0g350x_ticlang.o (.text.Reset_Handler)
                  00006a28    00000004     libc.a : pre_init.c.obj (.text._system_pre_init)
                  00006a2c    00000004            : exit.c.obj (.text:abort)

.cinit     0    00006a30    00000030     
                  00006a30    0000000c     (__TI_handler_table)
                  00006a3c    00000008     (.cinit..bss.load) [load image, compression = zero_init]
                  00006a44    00000007     (.cinit..data.load) [load image, compression = lzss]
                  00006a4b    00000001     --HOLE-- [fill = 0]
                  00006a4c    00000010     (__TI_cinit_table)
                  00006a5c    00000004     --HOLE-- [fill = 0]

.rodata    0    000000c0    000036a0     
                  000000c0    00002000     arm_cortexM0l_math.a : arm_common_tables.o (.rodata.twiddleCoef_1024)
                  000020c0    00000e10                          : arm_common_tables.o (.rodata.armBitRevIndexTable1024)
                  00002ed0    000005f0     oled.o (.rodata.asc2_1608)
                  000034c0    00000228     oled.o (.rodata.asc2_0806)
                  000036e8    00000028     ti_msp_dl_config.o (.rodata.gSYSPLLConfig)
                  00003710    00000018     ti_msp_dl_config.o (.rodata.gDMA_CH0Config)
                  00003728    00000014     ti_msp_dl_config.o (.rodata.gTIMER_0TimerConfig)
                  0000373c    00000010     arm_cortexM0l_math.a : arm_const_structs.o (.rodata.arm_cfft_sR_f32_len1024)
                  0000374c    00000008     ti_msp_dl_config.o (.rodata.gADC12_0ClockConfig)
                  00003754    00000008     main.o (.rodata.str1.176328792963337784071)
                  0000375c    00000003     ti_msp_dl_config.o (.rodata.gTIMER_0ClockConfig)
                  0000375f    00000001     --HOLE-- [fill = 0]

.init_array 
*          0    00000000    00000000     UNINITIALIZED

.binit     0    00000000    00000000     

.bss       0    20200000    000038c8     UNINITIALIZED
                  20200000    00002000     (.common:gDstBuffer_f32)
                  20202000    00001000     (.common:gFFTOutput)
                  20203000    00000800     (.common:gADCSamplesPing)
                  20203800    000000bc     (.common:gTIMER_0Backup)
                  202038bc    00000004     (.common:gFFTmaxFreqIndex)
                  202038c0    00000004     (.common:gFFTmaxValue)
                  202038c4    00000004     (.common:wave_freq)

.data      0    202038c8    00000005     UNINITIALIZED
                  202038c8    00000004     libc.a : aeabi_portable.c.obj (.data.__aeabi_errno)
                  202038cc    00000001     main.o (.data.FFT_finish)

.stack     0    20207e00    00000200     UNINITIALIZED
                  20207e00    00000004     libc.a : boot_cortex_m.c.obj (.stack)
                  20207e04    000001fc     --HOLE--

__llvm_prf_cnts 
*          0    20200000    00000000     UNINITIALIZED

__llvm_prf_bits 
*          0    20200000    00000000     UNINITIALIZED

MODULE SUMMARY

       Module                         code    ro data   rw data
       ------                         ----    -------   -------
    .\
       main.o                         944     8         14349  
       ti_msp_dl_config.o             1218    95        188    
       startup_mspm0g350x_ticlang.o   8       192       0      
    +--+------------------------------+-------+---------+---------+
       Total:                         2170    295       14537  
                                                               
    .\OLED\
       oled.o                         1756    2072      0      
    +--+------------------------------+-------+---------+---------+
       Total:                         1756    2072      0      
                                                               
    C:/ti/mspm0_sdk_2_01_00_03/source/third_party/CMSIS/DSP/lib/ticlang/m0p/arm_cortexM0l_math.a
       arm_common_tables.o            0       11792     0      
       arm_cfft_f32.o                 3052    0         0      
       arm_cfft_radix8_f32.o          2300    0         0      
       arm_cmplx_mag_f32.o            416     0         0      
       arm_bitreversal2.o             308     0         0      
       arm_max_f32.o                  96      0         0      
       arm_const_structs.o            0       16        0      
    +--+------------------------------+-------+---------+---------+
       Total:                         6172    11808     0      
                                                               
    C:/ti/mspm0_sdk_2_01_00_03/source/ti/driverlib/lib/ticlang/m0p/mspm0g1x0x_g3x0x/driverlib.a
       dl_sysctl_mspm0g1x0x_g3x0x.o   288     0         0      
       dl_timer.o                     260     0         0      
       dl_dma.o                       76      0         0      
       dl_adc12.o                     64      0         0      
       dl_common.o                    10      0         0      
    +--+------------------------------+-------+---------+---------+
       Total:                         698     0         0      
                                                               
    C:\ti\ccs1260\ccs\tools\compiler\ti-cgt-armllvm_3.2.2.LTS\lib\armv6m-ti-none-eabi/c/libc.a
       e_sqrtf.c.obj                  168     0         0      
       copy_decompress_lzss.c.obj     120     0         0      
       autoinit.c.obj                 60      0         0      
       boot_cortex_m.c.obj            40      0         0      
       copy_decompress_none.c.obj     18      0         0      
       memcpy16.S.obj                 18      0         0      
       copy_zero_init.c.obj           16      0         0      
       memset16.S.obj                 14      0         0      
       aeabi_portable.c.obj           8       0         4      
       exit.c.obj                     4       0         0      
       pre_init.c.obj                 4       0         0      
    +--+------------------------------+-------+---------+---------+
       Total:                         470     0         4      
                                                               
    C:\ti\ccs1260\ccs\tools\compiler\ti-cgt-armllvm_3.2.2.LTS\lib\clang/15.0.7/lib/armv6m-ti-none-eabi/libclang_rt.builtins.a
       divdf3.S.obj                   268     0         0      
       muldf3.S.obj                   228     0         0      
       addsf3.S.obj                   216     0         0      
       mulsf3.S.obj                   140     0         0      
       divsf3.S.obj                   130     0         0      
       comparesf2.S.obj               118     0         0      
       truncdfsf2.S.obj               116     0         0      
       aeabi_fcmp.S.obj               98      0         0      
       aeabi_uidivmod.S.obj           64      0         0      
       extendsfdf2.S.obj              64      0         0      
       floatsisf.S.obj                60      0         0      
       muldsi3.S.obj                  58      0         0      
       fixsfsi.S.obj                  56      0         0      
       floatsidf.S.obj                44      0         0      
       floatunsisf.S.obj              40      0         0      
       aeabi_memset.S.obj             12      0         0      
       aeabi_memcpy.S.obj             8       0         0      
       aeabi_div0.c.obj               2       0         0      
    +--+------------------------------+-------+---------+---------+
       Total:                         1722    0         0      
                                                               
       Stack:                         0       0         512    
       Linker Generated:              0       43        0      
    +--+------------------------------+-------+---------+---------+
       Grand Total:                   12988   14218     15053  


LINKER GENERATED COPY TABLES

__TI_cinit_table @ 00006a4c records: 2, size/record: 8, table size: 16
	.bss: load addr=00006a3c, load size=00000008 bytes, run addr=20200000, run size=000038c8 bytes, compression=zero_init
	.data: load addr=00006a44, load size=00000007 bytes, run addr=202038c8, run size=00000005 bytes, compression=lzss


LINKER GENERATED HANDLER TABLE

__TI_handler_table @ 00006a30 records: 3, size/record: 4, table size: 12
	index: 0, handler: __TI_decompress_lzss
	index: 1, handler: __TI_decompress_none
	index: 2, handler: __TI_zero_init


GLOBAL SYMBOLS: SORTED ALPHABETICALLY BY Name 

address   name                                 
-------   ----                                 
00005c4d  ADC0_IRQHandler                      
00006295  ADC1_IRQHandler                      
00005c4d  AES_IRQHandler                       
00006a2c  C$$EXIT                              
00005c4d  CANFD0_IRQHandler                    
00005c4d  DAC0_IRQHandler                      
00006031  DL_ADC12_setClockConfig              
00006a01  DL_Common_delayCycles                
00005f0d  DL_DMA_initChannel                   
00005779  DL_SYSCTL_configSYSPLL               
00005fed  DL_SYSCTL_switchMCLKfromSYSOSCtoHSCLK
000055ad  DL_Timer_initTimerMode               
0000677d  DL_Timer_setClockConfig              
00005c4d  DMA_IRQHandler                       
00005c4d  Default_Handler                      
202038cc  FFT_finish                           
00005c4d  GROUP0_IRQHandler                    
00005c4d  GROUP1_IRQHandler                    
00005c4d  HardFault_Handler                    
00005c4d  I2C0_IRQHandler                      
00005c4d  I2C1_IRQHandler                      
00006305  I2C_Start                            
00006525  I2C_Stop                             
0000654d  I2C_WaitAck                          
00005c4d  NMI_Handler                          
00005d35  OLED_Clear                           
000052c5  OLED_Init                            
000060f1  OLED_Set_Pos                         
000050a1  OLED_ShowChar                        
000054b7  OLED_ShowNum                         
00005cc5  OLED_ShowString                      
00005ebd  OLED_WR_Byte                         
000053bf  OLED_decimal                         
00005c4d  PendSV_Handler                       
00005c4d  RTC_IRQHandler                       
00006a25  Reset_Handler                        
00005c4d  SPI0_IRQHandler                      
00005c4d  SPI1_IRQHandler                      
00005c4d  SVC_Handler                          
00005ae5  SYSCFG_DL_ADC12_0_init               
000068e9  SYSCFG_DL_DMA_CH0_init               
00006a0b  SYSCFG_DL_DMA_init                   
00006429  SYSCFG_DL_GPIO_init                  
0000612d  SYSCFG_DL_SYSCTL_init                
00006339  SYSCFG_DL_TIMER_0_init               
00006575  SYSCFG_DL_init                       
00005e65  SYSCFG_DL_initPower                  
00005bd9  Send_Byte                            
00005c4d  SysTick_Handler                      
0000639d  TIMA0_IRQHandler                     
00005c4d  TIMA1_IRQHandler                     
00005c4d  TIMG0_IRQHandler                     
00005c4d  TIMG12_IRQHandler                    
00005c4d  TIMG6_IRQHandler                     
00005c4d  TIMG7_IRQHandler                     
00005c4d  TIMG8_IRQHandler                     
000069a1  TI_memcpy_small                      
000069e5  TI_memset_small                      
00005c4d  UART0_IRQHandler                     
00005c4d  UART1_IRQHandler                     
00005c4d  UART2_IRQHandler                     
00005c4d  UART3_IRQHandler                     
20208000  __STACK_END                          
00000200  __STACK_SIZE                         
00000000  __TI_ATRegion0_region_sz             
00000000  __TI_ATRegion0_src_addr              
00000000  __TI_ATRegion0_trg_addr              
00000000  __TI_ATRegion1_region_sz             
00000000  __TI_ATRegion1_src_addr              
00000000  __TI_ATRegion1_trg_addr              
00000000  __TI_ATRegion2_region_sz             
00000000  __TI_ATRegion2_src_addr              
00000000  __TI_ATRegion2_trg_addr              
00006a4c  __TI_CINIT_Base                      
00006a5c  __TI_CINIT_Limit                     
00006a5c  __TI_CINIT_Warm                      
00006a30  __TI_Handler_Table_Base              
00006a3c  __TI_Handler_Table_Limit             
000061e1  __TI_auto_init_nobinit_nopinit       
00005b61  __TI_decompress_lzss                 
000069b3  __TI_decompress_none                 
ffffffff  __TI_pprof_out_hndl                  
ffffffff  __TI_prof_data_size                  
ffffffff  __TI_prof_data_start                 
00000000  __TI_static_base__                   
000069d5  __TI_zero_init                       
0000585f  __addsf3                             
00005c51  __aeabi_d2f                          
000051b9  __aeabi_ddiv                         
00005695  __aeabi_dmul                         
202038c8  __aeabi_errno                        
00006a15  __aeabi_errno_addr                   
000060b1  __aeabi_f2d                          
000062cd  __aeabi_f2iz                         
0000585f  __aeabi_fadd                         
00005da1  __aeabi_fcmpeq                       
00005ddd  __aeabi_fcmpge                       
00005df1  __aeabi_fcmpgt                       
00005dc9  __aeabi_fcmple                       
00005db5  __aeabi_fcmplt                       
00005a61  __aeabi_fdiv                         
000059d5  __aeabi_fmul                         
00005855  __aeabi_fsub                         
00006481  __aeabi_i2d                          
00006169  __aeabi_i2f                          
00005ae3  __aeabi_idiv0                        
000069f5  __aeabi_memclr                       
000069f5  __aeabi_memclr4                      
000069f5  __aeabi_memclr8                      
00006a1d  __aeabi_memcpy                       
00006a1d  __aeabi_memcpy4                      
00006a1d  __aeabi_memcpy8                      
0000659d  __aeabi_ui2f                         
00006071  __aeabi_uidiv                        
00006071  __aeabi_uidivmod                     
ffffffff  __binit__                            
0000621d  __cmpsf2                             
000051b9  __divdf3                             
00005a61  __divsf3                             
0000621d  __eqsf2                              
000060b1  __extendsfdf2                        
000062cd  __fixsfsi                            
00006481  __floatsidf                          
00006169  __floatsisf                          
0000659d  __floatunsisf                        
000061a5  __gesf2                              
000061a5  __gtsf2                              
0000621d  __lesf2                              
0000621d  __ltsf2                              
UNDEFED   __mpu_init                           
00005695  __muldf3                             
00006259  __muldsi3                            
000059d5  __mulsf3                             
0000621d  __nesf2                              
20207e00  __stack                              
20200000  __start___llvm_prf_bits              
20200000  __start___llvm_prf_cnts              
20200000  __stop___llvm_prf_bits               
20200000  __stop___llvm_prf_cnts               
00005855  __subsf3                             
00005c51  __truncdfsf2                         
000065c5  _c_int00_noargs                      
UNDEFED   _system_post_cinit                   
00006a29  _system_pre_init                     
00006a2d  abort                                
000020c0  armBitRevIndexTable1024              
00004f6d  arm_bitreversal_32                   
00004a81  arm_cfft_f32                         
000047d1  arm_cfft_radix8by2_f32               
0000405d  arm_cfft_radix8by4_f32               
0000373c  arm_cfft_sR_f32_len1024              
00004c49  arm_cmplx_mag_f32                    
00005e03  arm_max_f32                          
00003761  arm_radix8_butterfly_f32             
000034c0  asc2_0806                            
00002ed0  asc2_1608                            
ffffffff  binit                                
00006639  delay_ms                             
00005fa5  dma_init                             
20203000  gADCSamplesPing                      
20200000  gDstBuffer_f32                       
20202000  gFFTOutput                           
202038bc  gFFTmaxFreqIndex                     
202038c0  gFFTmaxValue                         
20203800  gTIMER_0Backup                       
00000000  interruptVectors                     
00004de9  main                                 
000063cd  oled_pow                             
0000592d  sqrtf                                
000000c0  twiddleCoef_1024                     
202038c4  wave_freq                            


GLOBAL SYMBOLS: SORTED BY Symbol Address 

address   name                                 
-------   ----                                 
00000000  __TI_ATRegion0_region_sz             
00000000  __TI_ATRegion0_src_addr              
00000000  __TI_ATRegion0_trg_addr              
00000000  __TI_ATRegion1_region_sz             
00000000  __TI_ATRegion1_src_addr              
00000000  __TI_ATRegion1_trg_addr              
00000000  __TI_ATRegion2_region_sz             
00000000  __TI_ATRegion2_src_addr              
00000000  __TI_ATRegion2_trg_addr              
00000000  __TI_static_base__                   
00000000  interruptVectors                     
000000c0  twiddleCoef_1024                     
00000200  __STACK_SIZE                         
000020c0  armBitRevIndexTable1024              
00002ed0  asc2_1608                            
000034c0  asc2_0806                            
0000373c  arm_cfft_sR_f32_len1024              
00003761  arm_radix8_butterfly_f32             
0000405d  arm_cfft_radix8by4_f32               
000047d1  arm_cfft_radix8by2_f32               
00004a81  arm_cfft_f32                         
00004c49  arm_cmplx_mag_f32                    
00004de9  main                                 
00004f6d  arm_bitreversal_32                   
000050a1  OLED_ShowChar                        
000051b9  __aeabi_ddiv                         
000051b9  __divdf3                             
000052c5  OLED_Init                            
000053bf  OLED_decimal                         
000054b7  OLED_ShowNum                         
000055ad  DL_Timer_initTimerMode               
00005695  __aeabi_dmul                         
00005695  __muldf3                             
00005779  DL_SYSCTL_configSYSPLL               
00005855  __aeabi_fsub                         
00005855  __subsf3                             
0000585f  __addsf3                             
0000585f  __aeabi_fadd                         
0000592d  sqrtf                                
000059d5  __aeabi_fmul                         
000059d5  __mulsf3                             
00005a61  __aeabi_fdiv                         
00005a61  __divsf3                             
00005ae3  __aeabi_idiv0                        
00005ae5  SYSCFG_DL_ADC12_0_init               
00005b61  __TI_decompress_lzss                 
00005bd9  Send_Byte                            
00005c4d  ADC0_IRQHandler                      
00005c4d  AES_IRQHandler                       
00005c4d  CANFD0_IRQHandler                    
00005c4d  DAC0_IRQHandler                      
00005c4d  DMA_IRQHandler                       
00005c4d  Default_Handler                      
00005c4d  GROUP0_IRQHandler                    
00005c4d  GROUP1_IRQHandler                    
00005c4d  HardFault_Handler                    
00005c4d  I2C0_IRQHandler                      
00005c4d  I2C1_IRQHandler                      
00005c4d  NMI_Handler                          
00005c4d  PendSV_Handler                       
00005c4d  RTC_IRQHandler                       
00005c4d  SPI0_IRQHandler                      
00005c4d  SPI1_IRQHandler                      
00005c4d  SVC_Handler                          
00005c4d  SysTick_Handler                      
00005c4d  TIMA1_IRQHandler                     
00005c4d  TIMG0_IRQHandler                     
00005c4d  TIMG12_IRQHandler                    
00005c4d  TIMG6_IRQHandler                     
00005c4d  TIMG7_IRQHandler                     
00005c4d  TIMG8_IRQHandler                     
00005c4d  UART0_IRQHandler                     
00005c4d  UART1_IRQHandler                     
00005c4d  UART2_IRQHandler                     
00005c4d  UART3_IRQHandler                     
00005c51  __aeabi_d2f                          
00005c51  __truncdfsf2                         
00005cc5  OLED_ShowString                      
00005d35  OLED_Clear                           
00005da1  __aeabi_fcmpeq                       
00005db5  __aeabi_fcmplt                       
00005dc9  __aeabi_fcmple                       
00005ddd  __aeabi_fcmpge                       
00005df1  __aeabi_fcmpgt                       
00005e03  arm_max_f32                          
00005e65  SYSCFG_DL_initPower                  
00005ebd  OLED_WR_Byte                         
00005f0d  DL_DMA_initChannel                   
00005fa5  dma_init                             
00005fed  DL_SYSCTL_switchMCLKfromSYSOSCtoHSCLK
00006031  DL_ADC12_setClockConfig              
00006071  __aeabi_uidiv                        
00006071  __aeabi_uidivmod                     
000060b1  __aeabi_f2d                          
000060b1  __extendsfdf2                        
000060f1  OLED_Set_Pos                         
0000612d  SYSCFG_DL_SYSCTL_init                
00006169  __aeabi_i2f                          
00006169  __floatsisf                          
000061a5  __gesf2                              
000061a5  __gtsf2                              
000061e1  __TI_auto_init_nobinit_nopinit       
0000621d  __cmpsf2                             
0000621d  __eqsf2                              
0000621d  __lesf2                              
0000621d  __ltsf2                              
0000621d  __nesf2                              
00006259  __muldsi3                            
00006295  ADC1_IRQHandler                      
000062cd  __aeabi_f2iz                         
000062cd  __fixsfsi                            
00006305  I2C_Start                            
00006339  SYSCFG_DL_TIMER_0_init               
0000639d  TIMA0_IRQHandler                     
000063cd  oled_pow                             
00006429  SYSCFG_DL_GPIO_init                  
00006481  __aeabi_i2d                          
00006481  __floatsidf                          
00006525  I2C_Stop                             
0000654d  I2C_WaitAck                          
00006575  SYSCFG_DL_init                       
0000659d  __aeabi_ui2f                         
0000659d  __floatunsisf                        
000065c5  _c_int00_noargs                      
00006639  delay_ms                             
0000677d  DL_Timer_setClockConfig              
000068e9  SYSCFG_DL_DMA_CH0_init               
000069a1  TI_memcpy_small                      
000069b3  __TI_decompress_none                 
000069d5  __TI_zero_init                       
000069e5  TI_memset_small                      
000069f5  __aeabi_memclr                       
000069f5  __aeabi_memclr4                      
000069f5  __aeabi_memclr8                      
00006a01  DL_Common_delayCycles                
00006a0b  SYSCFG_DL_DMA_init                   
00006a15  __aeabi_errno_addr                   
00006a1d  __aeabi_memcpy                       
00006a1d  __aeabi_memcpy4                      
00006a1d  __aeabi_memcpy8                      
00006a25  Reset_Handler                        
00006a29  _system_pre_init                     
00006a2c  C$$EXIT                              
00006a2d  abort                                
00006a30  __TI_Handler_Table_Base              
00006a3c  __TI_Handler_Table_Limit             
00006a4c  __TI_CINIT_Base                      
00006a5c  __TI_CINIT_Limit                     
00006a5c  __TI_CINIT_Warm                      
20200000  __start___llvm_prf_bits              
20200000  __start___llvm_prf_cnts              
20200000  __stop___llvm_prf_bits               
20200000  __stop___llvm_prf_cnts               
20200000  gDstBuffer_f32                       
20202000  gFFTOutput                           
20203000  gADCSamplesPing                      
20203800  gTIMER_0Backup                       
202038bc  gFFTmaxFreqIndex                     
202038c0  gFFTmaxValue                         
202038c4  wave_freq                            
202038c8  __aeabi_errno                        
202038cc  FFT_finish                           
20207e00  __stack                              
20208000  __STACK_END                          
ffffffff  __TI_pprof_out_hndl                  
ffffffff  __TI_prof_data_size                  
ffffffff  __TI_prof_data_start                 
ffffffff  __binit__                            
ffffffff  binit                                
UNDEFED   __mpu_init                           
UNDEFED   _system_post_cinit                   

[171 symbols]
