******************************************************************************
            TI ARM Clang Linker PC v3.2.2                      
******************************************************************************
>> Linked Sun Aug 25 19:51:03 2024

OUTPUT FILE NAME:   <11_ui_wave.out>
ENTRY POINT SYMBOL: "_c_int00_noargs"  address: 00000f35


MEMORY CONFIGURATION

         name            origin    length      used     unused   attr    fill
----------------------  --------  ---------  --------  --------  ----  --------
  FLASH                 00000000   00020000  00001220  0001ede0  R  X
  SRAM                  20200000   00008000  00000604  000079fc  RW X
  BCR_CONFIG            41c00000   00000080  00000000  00000080  R   
  BSL_CONFIG            41c00100   00000080  00000000  00000080  R   


SEGMENT ALLOCATION MAP

run origin  load origin   length   init length attrs members
----------  ----------- ---------- ----------- ----- -------
00000000    00000000    00001220   00001220    r-x
  00000000    00000000    000000c0   000000c0    r-- .intvecs
  000000c0    000000c0    00001090   00001090    r-x .text
  00001150    00001150    00000028   00000028    r-- .rodata
  00001178    00001178    000000a8   000000a8    r-- .cinit
20200000    20200000    00000404   00000000    rw-
  20200000    20200000    00000404   00000000    rw- .data
20207e00    20207e00    00000200   00000000    rw-
  20207e00    20207e00    00000200   00000000    rw- .stack


SECTION ALLOCATION MAP

 output                                  attributes/
section   page    origin      length       input sections
--------  ----  ----------  ----------   ----------------
.intvecs   0    00000000    000000c0     
                  00000000    000000c0     startup_mspm0g350x_ticlang.o (.intvecs)

.text      0    000000c0    00001090     
                  000000c0    00000180     oled.o (.text.OLED_showwave)
                  00000240    00000176     oled.o (.text.OLED_drawvertiaclline)
                  000003b6    000000fa     oled.o (.text.OLED_Init)
                  000004b0    000000dc     driverlib.a : dl_sysctl_mspm0g1x0x_g3x0x.o (.text.DL_SYSCTL_configSYSPLL)
                  0000058c    000000d8     libclang_rt.builtins.a : addsf3.S.obj (.text)
                  00000664    0000008c                            : mulsf3.S.obj (.text.__mulsf3)
                  000006f0    00000082                            : divsf3.S.obj (.text.__divsf3)
                  00000772    00000002     --HOLE-- [fill = 0]
                  00000774    00000078     libc.a : copy_decompress_lzss.c.obj (.text:decompress:lzss)
                  000007ec    00000074     oled.o (.text.Send_Byte)
                  00000860    00000070     libclang_rt.builtins.a : comparedf2.c.obj (.text.__gedf2)
                  000008d0    0000006c                            : comparedf2.c.obj (.text.__ledf2)
                  0000093c    0000006a     oled.o (.text.OLED_Clear)
                  000009a6    00000002     --HOLE-- [fill = 0]
                  000009a8    00000064     ti_msp_dl_config.o (.text.SYSCFG_DL_GPIO_init)
                  00000a0c    00000062     libclang_rt.builtins.a : aeabi_dcmp.S.obj (.text.__aeabi_dcmp)
                  00000a6e    00000002     --HOLE-- [fill = 0]
                  00000a70    00000062                            : aeabi_fcmp.S.obj (.text.__aeabi_fcmp)
                  00000ad2    0000004e     oled.o (.text.OLED_WR_Byte)
                  00000b20    00000044     driverlib.a : dl_sysctl_mspm0g1x0x_g3x0x.o (.text.DL_SYSCTL_switchMCLKfromSYSOSCtoHSCLK)
                  00000b64    00000042     oled.o (.text.OLED_showpoint)
                  00000ba6    00000002     --HOLE-- [fill = 0]
                  00000ba8    00000040     libclang_rt.builtins.a : extendsfdf2.S.obj (.text.__extendsfdf2)
                  00000be8    0000003c     oled.o (.text.OLED_Set_Pos)
                  00000c24    0000003c     ti_msp_dl_config.o (.text.SYSCFG_DL_SYSCTL_init)
                  00000c60    0000003c     libclang_rt.builtins.a : floatsisf.S.obj (.text.__floatsisf)
                  00000c9c    0000003c                            : comparesf2.S.obj (.text.__gtsf2)
                  00000cd8    0000003c     libc.a : autoinit.c.obj (.text:__TI_auto_init_nobinit_nopinit)
                  00000d14    0000003a     libclang_rt.builtins.a : comparesf2.S.obj (.text.__eqsf2)
                  00000d4e    00000002     --HOLE-- [fill = 0]
                  00000d50    0000003a                            : muldsi3.S.obj (.text.__muldsi3)
                  00000d8a    00000002     --HOLE-- [fill = 0]
                  00000d8c    00000038                            : fixsfsi.S.obj (.text.__fixsfsi)
                  00000dc4    00000034     ti_msp_dl_config.o (.text.DL_GPIO_initDigitalInputFeatures)
                  00000df8    00000034     oled.o (.text.I2C_Start)
                  00000e2c    00000034     ti_msp_dl_config.o (.text.SYSCFG_DL_initPower)
                  00000e60    00000034     main.o (.text.main)
                  00000e94    00000028     ti_msp_dl_config.o (.text.DL_Common_updateReg)
                  00000ebc    00000028     oled.o (.text.I2C_Stop)
                  00000ee4    00000028     oled.o (.text.I2C_WaitAck)
                  00000f0c    00000028     libclang_rt.builtins.a : floatunsisf.S.obj (.text.__floatunsisf)
                  00000f34    00000028     libc.a : boot_cortex_m.c.obj (.text:_c_int00_noargs)
                  00000f5c    00000024     oled.o (.text.delay_ms)
                  00000f80    00000020     ti_msp_dl_config.o (.text.DL_SYSCTL_setFlashWaitState)
                  00000fa0    0000001c     ti_msp_dl_config.o (.text.DL_GPIO_initDigitalInput)
                  00000fbc    0000001c     ti_msp_dl_config.o (.text.DL_SYSCTL_setSYSOSCFreq)
                  00000fd8    0000001c     ti_msp_dl_config.o (.text.DL_SYSCTL_setULPCLKDivider)
                  00000ff4    00000018     ti_msp_dl_config.o (.text.DL_GPIO_enableOutput)
                  0000100c    00000018     ti_msp_dl_config.o (.text.DL_GPIO_enablePower)
                  00001024    00000018     ti_msp_dl_config.o (.text.DL_GPIO_initDigitalOutput)
                  0000103c    00000018     ti_msp_dl_config.o (.text.DL_GPIO_reset)
                  00001054    00000018     oled.o (.text.DL_GPIO_setPins)
                  0000106c    00000018     ti_msp_dl_config.o (.text.DL_SYSCTL_setBORThreshold)
                  00001084    00000014     oled.o (.text.DL_GPIO_clearPins)
                  00001098    00000014     ti_msp_dl_config.o (.text.DL_GPIO_clearPins)
                  000010ac    00000014     ti_msp_dl_config.o (.text.DL_SYSCTL_disableSYSPLL)
                  000010c0    00000014     Key.o (.text.para_init)
                  000010d4    00000012     libc.a : memcpy16.S.obj (.text:TI_memcpy_small)
                  000010e6    00000012            : copy_decompress_none.c.obj (.text:decompress:none)
                  000010f8    00000010     ti_msp_dl_config.o (.text.DL_SYSCTL_disableHFXT)
                  00001108    00000010     main.o (.text.DL_SYSCTL_enableSleepOnExit)
                  00001118    00000010     ti_msp_dl_config.o (.text.SYSCFG_DL_init)
                  00001128    0000000a     driverlib.a : dl_common.o (.text.DL_Common_delayCycles)
                  00001132    00000002     --HOLE-- [fill = 0]
                  00001134    00000008     libclang_rt.builtins.a : aeabi_memcpy.S.obj (.text.__aeabi_memcpy)
                  0000113c    00000004     startup_mspm0g350x_ticlang.o (.text.Default_Handler)
                  00001140    00000004     startup_mspm0g350x_ticlang.o (.text.Reset_Handler)
                  00001144    00000004     libc.a : pre_init.c.obj (.text._system_pre_init)
                  00001148    00000004            : exit.c.obj (.text:abort)
                  0000114c    00000004     --HOLE-- [fill = 0]

.cinit     0    00001178    000000a8     
                  00001178    00000095     (.cinit..data.load) [load image, compression = lzss]
                  0000120d    00000003     --HOLE-- [fill = 0]
                  00001210    00000008     (__TI_handler_table)
                  00001218    00000008     (__TI_cinit_table)

.rodata    0    00001150    00000028     
                  00001150    00000028     ti_msp_dl_config.o (.rodata.gSYSPLLConfig)

.init_array 
*          0    00000000    00000000     UNINITIALIZED

.binit     0    00000000    00000000     

.data      0    20200000    00000404     UNINITIALIZED
                  20200000    00000400     main.o (.data.gOutputSignalSine64)
                  20200400    00000002     Key.o (.data.para1)
                  20200402    00000002     Key.o (.data.para2)

.stack     0    20207e00    00000200     UNINITIALIZED
                  20207e00    00000004     libc.a : boot_cortex_m.c.obj (.stack)
                  20207e04    000001fc     --HOLE--

__llvm_prf_cnts 
*          0    20200000    00000000     UNINITIALIZED

__llvm_prf_bits 
*          0    20200000    00000000     UNINITIALIZED

MODULE SUMMARY

       Module                         code   ro data   rw data
       ------                         ----   -------   -------
    .\
       main.o                         68     0         1024   
       ti_msp_dl_config.o             612    40        0      
       startup_mspm0g350x_ticlang.o   8      192       0      
    +--+------------------------------+------+---------+---------+
       Total:                         688    232       1024   
                                                              
    .\Key\
       Key.o                          20     0         4      
    +--+------------------------------+------+---------+---------+
       Total:                         20     0         4      
                                                              
    .\OLED\
       oled.o                         1646   0         0      
    +--+------------------------------+------+---------+---------+
       Total:                         1646   0         0      
                                                              
    C:/ti/mspm0_sdk_2_01_00_03/source/ti/driverlib/lib/ticlang/m0p/mspm0g1x0x_g3x0x/driverlib.a
       dl_sysctl_mspm0g1x0x_g3x0x.o   288    0         0      
       dl_common.o                    10     0         0      
    +--+------------------------------+------+---------+---------+
       Total:                         298    0         0      
                                                              
    C:\ti\ccs1260\ccs\tools\compiler\ti-cgt-armllvm_3.2.2.LTS\lib\armv6m-ti-none-eabi/c/libc.a
       copy_decompress_lzss.c.obj     120    0         0      
       autoinit.c.obj                 60     0         0      
       boot_cortex_m.c.obj            40     0         0      
       copy_decompress_none.c.obj     18     0         0      
       memcpy16.S.obj                 18     0         0      
       exit.c.obj                     4      0         0      
       pre_init.c.obj                 4      0         0      
    +--+------------------------------+------+---------+---------+
       Total:                         264    0         0      
                                                              
    C:\ti\ccs1260\ccs\tools\compiler\ti-cgt-armllvm_3.2.2.LTS\lib\clang/15.0.7/lib/armv6m-ti-none-eabi/libclang_rt.builtins.a
       comparedf2.c.obj               220    0         0      
       addsf3.S.obj                   216    0         0      
       mulsf3.S.obj                   140    0         0      
       divsf3.S.obj                   130    0         0      
       comparesf2.S.obj               118    0         0      
       aeabi_dcmp.S.obj               98     0         0      
       aeabi_fcmp.S.obj               98     0         0      
       extendsfdf2.S.obj              64     0         0      
       floatsisf.S.obj                60     0         0      
       muldsi3.S.obj                  58     0         0      
       fixsfsi.S.obj                  56     0         0      
       floatunsisf.S.obj              40     0         0      
       aeabi_memcpy.S.obj             8      0         0      
    +--+------------------------------+------+---------+---------+
       Total:                         1306   0         0      
                                                              
       Stack:                         0      0         512    
       Linker Generated:              0      165       0      
    +--+------------------------------+------+---------+---------+
       Grand Total:                   4222   397       1540   


LINKER GENERATED COPY TABLES

__TI_cinit_table @ 00001218 records: 1, size/record: 8, table size: 8
	.data: load addr=00001178, load size=00000095 bytes, run addr=20200000, run size=00000404 bytes, compression=lzss


LINKER GENERATED HANDLER TABLE

__TI_handler_table @ 00001210 records: 2, size/record: 4, table size: 8
	index: 0, handler: __TI_decompress_lzss
	index: 1, handler: __TI_decompress_none


GLOBAL SYMBOLS: SORTED ALPHABETICALLY BY Name 

address   name                                 
-------   ----                                 
0000113d  ADC0_IRQHandler                      
0000113d  ADC1_IRQHandler                      
0000113d  AES_IRQHandler                       
00001148  C$$EXIT                              
0000113d  CANFD0_IRQHandler                    
0000113d  DAC0_IRQHandler                      
00001129  DL_Common_delayCycles                
000004b1  DL_SYSCTL_configSYSPLL               
00000b21  DL_SYSCTL_switchMCLKfromSYSOSCtoHSCLK
0000113d  DMA_IRQHandler                       
0000113d  Default_Handler                      
0000113d  GROUP0_IRQHandler                    
0000113d  GROUP1_IRQHandler                    
0000113d  HardFault_Handler                    
0000113d  I2C0_IRQHandler                      
0000113d  I2C1_IRQHandler                      
00000df9  I2C_Start                            
00000ebd  I2C_Stop                             
00000ee5  I2C_WaitAck                          
0000113d  NMI_Handler                          
0000093d  OLED_Clear                           
000003b7  OLED_Init                            
00000be9  OLED_Set_Pos                         
00000ad3  OLED_WR_Byte                         
00000241  OLED_drawvertiaclline                
00000b65  OLED_showpoint                       
000000c1  OLED_showwave                        
0000113d  PendSV_Handler                       
0000113d  RTC_IRQHandler                       
00001141  Reset_Handler                        
0000113d  SPI0_IRQHandler                      
0000113d  SPI1_IRQHandler                      
0000113d  SVC_Handler                          
000009a9  SYSCFG_DL_GPIO_init                  
00000c25  SYSCFG_DL_SYSCTL_init                
00001119  SYSCFG_DL_init                       
00000e2d  SYSCFG_DL_initPower                  
000007ed  Send_Byte                            
0000113d  SysTick_Handler                      
0000113d  TIMA0_IRQHandler                     
0000113d  TIMA1_IRQHandler                     
0000113d  TIMG0_IRQHandler                     
0000113d  TIMG12_IRQHandler                    
0000113d  TIMG6_IRQHandler                     
0000113d  TIMG7_IRQHandler                     
0000113d  TIMG8_IRQHandler                     
000010d5  TI_memcpy_small                      
0000113d  UART0_IRQHandler                     
0000113d  UART1_IRQHandler                     
0000113d  UART2_IRQHandler                     
0000113d  UART3_IRQHandler                     
20208000  __STACK_END                          
00000200  __STACK_SIZE                         
00000000  __TI_ATRegion0_region_sz             
00000000  __TI_ATRegion0_src_addr              
00000000  __TI_ATRegion0_trg_addr              
00000000  __TI_ATRegion1_region_sz             
00000000  __TI_ATRegion1_src_addr              
00000000  __TI_ATRegion1_trg_addr              
00000000  __TI_ATRegion2_region_sz             
00000000  __TI_ATRegion2_src_addr              
00000000  __TI_ATRegion2_trg_addr              
00001218  __TI_CINIT_Base                      
00001220  __TI_CINIT_Limit                     
00001220  __TI_CINIT_Warm                      
00001210  __TI_Handler_Table_Base              
00001218  __TI_Handler_Table_Limit             
00000cd9  __TI_auto_init_nobinit_nopinit       
00000775  __TI_decompress_lzss                 
000010e7  __TI_decompress_none                 
ffffffff  __TI_pprof_out_hndl                  
ffffffff  __TI_prof_data_size                  
ffffffff  __TI_prof_data_start                 
00000000  __TI_static_base__                   
00000597  __addsf3                             
00000a0d  __aeabi_dcmpeq                       
00000a49  __aeabi_dcmpge                       
00000a5d  __aeabi_dcmpgt                       
00000a35  __aeabi_dcmple                       
00000a21  __aeabi_dcmplt                       
00000ba9  __aeabi_f2d                          
00000d8d  __aeabi_f2iz                         
00000597  __aeabi_fadd                         
00000a71  __aeabi_fcmpeq                       
00000aad  __aeabi_fcmpge                       
00000ac1  __aeabi_fcmpgt                       
00000a99  __aeabi_fcmple                       
00000a85  __aeabi_fcmplt                       
000006f1  __aeabi_fdiv                         
00000665  __aeabi_fmul                         
0000058d  __aeabi_fsub                         
00000c61  __aeabi_i2f                          
00001135  __aeabi_memcpy                       
00001135  __aeabi_memcpy4                      
00001135  __aeabi_memcpy8                      
00000f0d  __aeabi_ui2f                         
ffffffff  __binit__                            
000008d1  __cmpdf2                             
00000d15  __cmpsf2                             
000006f1  __divsf3                             
000008d1  __eqdf2                              
00000d15  __eqsf2                              
00000ba9  __extendsfdf2                        
00000d8d  __fixsfsi                            
00000c61  __floatsisf                          
00000f0d  __floatunsisf                        
00000861  __gedf2                              
00000c9d  __gesf2                              
00000861  __gtdf2                              
00000c9d  __gtsf2                              
000008d1  __ledf2                              
00000d15  __lesf2                              
000008d1  __ltdf2                              
00000d15  __ltsf2                              
UNDEFED   __mpu_init                           
00000d51  __muldsi3                            
00000665  __mulsf3                             
000008d1  __nedf2                              
00000d15  __nesf2                              
20207e00  __stack                              
20200000  __start___llvm_prf_bits              
20200000  __start___llvm_prf_cnts              
20200000  __stop___llvm_prf_bits               
20200000  __stop___llvm_prf_cnts               
0000058d  __subsf3                             
00000f35  _c_int00_noargs                      
UNDEFED   _system_post_cinit                   
00001145  _system_pre_init                     
00001149  abort                                
ffffffff  binit                                
00000f5d  delay_ms                             
20200000  gOutputSignalSine64                  
00000000  interruptVectors                     
00000e61  main                                 
20200400  para1                                
20200402  para2                                
000010c1  para_init                            


GLOBAL SYMBOLS: SORTED BY Symbol Address 

address   name                                 
-------   ----                                 
00000000  __TI_ATRegion0_region_sz             
00000000  __TI_ATRegion0_src_addr              
00000000  __TI_ATRegion0_trg_addr              
00000000  __TI_ATRegion1_region_sz             
00000000  __TI_ATRegion1_src_addr              
00000000  __TI_ATRegion1_trg_addr              
00000000  __TI_ATRegion2_region_sz             
00000000  __TI_ATRegion2_src_addr              
00000000  __TI_ATRegion2_trg_addr              
00000000  __TI_static_base__                   
00000000  interruptVectors                     
000000c1  OLED_showwave                        
00000200  __STACK_SIZE                         
00000241  OLED_drawvertiaclline                
000003b7  OLED_Init                            
000004b1  DL_SYSCTL_configSYSPLL               
0000058d  __aeabi_fsub                         
0000058d  __subsf3                             
00000597  __addsf3                             
00000597  __aeabi_fadd                         
00000665  __aeabi_fmul                         
00000665  __mulsf3                             
000006f1  __aeabi_fdiv                         
000006f1  __divsf3                             
00000775  __TI_decompress_lzss                 
000007ed  Send_Byte                            
00000861  __gedf2                              
00000861  __gtdf2                              
000008d1  __cmpdf2                             
000008d1  __eqdf2                              
000008d1  __ledf2                              
000008d1  __ltdf2                              
000008d1  __nedf2                              
0000093d  OLED_Clear                           
000009a9  SYSCFG_DL_GPIO_init                  
00000a0d  __aeabi_dcmpeq                       
00000a21  __aeabi_dcmplt                       
00000a35  __aeabi_dcmple                       
00000a49  __aeabi_dcmpge                       
00000a5d  __aeabi_dcmpgt                       
00000a71  __aeabi_fcmpeq                       
00000a85  __aeabi_fcmplt                       
00000a99  __aeabi_fcmple                       
00000aad  __aeabi_fcmpge                       
00000ac1  __aeabi_fcmpgt                       
00000ad3  OLED_WR_Byte                         
00000b21  DL_SYSCTL_switchMCLKfromSYSOSCtoHSCLK
00000b65  OLED_showpoint                       
00000ba9  __aeabi_f2d                          
00000ba9  __extendsfdf2                        
00000be9  OLED_Set_Pos                         
00000c25  SYSCFG_DL_SYSCTL_init                
00000c61  __aeabi_i2f                          
00000c61  __floatsisf                          
00000c9d  __gesf2                              
00000c9d  __gtsf2                              
00000cd9  __TI_auto_init_nobinit_nopinit       
00000d15  __cmpsf2                             
00000d15  __eqsf2                              
00000d15  __lesf2                              
00000d15  __ltsf2                              
00000d15  __nesf2                              
00000d51  __muldsi3                            
00000d8d  __aeabi_f2iz                         
00000d8d  __fixsfsi                            
00000df9  I2C_Start                            
00000e2d  SYSCFG_DL_initPower                  
00000e61  main                                 
00000ebd  I2C_Stop                             
00000ee5  I2C_WaitAck                          
00000f0d  __aeabi_ui2f                         
00000f0d  __floatunsisf                        
00000f35  _c_int00_noargs                      
00000f5d  delay_ms                             
000010c1  para_init                            
000010d5  TI_memcpy_small                      
000010e7  __TI_decompress_none                 
00001119  SYSCFG_DL_init                       
00001129  DL_Common_delayCycles                
00001135  __aeabi_memcpy                       
00001135  __aeabi_memcpy4                      
00001135  __aeabi_memcpy8                      
0000113d  ADC0_IRQHandler                      
0000113d  ADC1_IRQHandler                      
0000113d  AES_IRQHandler                       
0000113d  CANFD0_IRQHandler                    
0000113d  DAC0_IRQHandler                      
0000113d  DMA_IRQHandler                       
0000113d  Default_Handler                      
0000113d  GROUP0_IRQHandler                    
0000113d  GROUP1_IRQHandler                    
0000113d  HardFault_Handler                    
0000113d  I2C0_IRQHandler                      
0000113d  I2C1_IRQHandler                      
0000113d  NMI_Handler                          
0000113d  PendSV_Handler                       
0000113d  RTC_IRQHandler                       
0000113d  SPI0_IRQHandler                      
0000113d  SPI1_IRQHandler                      
0000113d  SVC_Handler                          
0000113d  SysTick_Handler                      
0000113d  TIMA0_IRQHandler                     
0000113d  TIMA1_IRQHandler                     
0000113d  TIMG0_IRQHandler                     
0000113d  TIMG12_IRQHandler                    
0000113d  TIMG6_IRQHandler                     
0000113d  TIMG7_IRQHandler                     
0000113d  TIMG8_IRQHandler                     
0000113d  UART0_IRQHandler                     
0000113d  UART1_IRQHandler                     
0000113d  UART2_IRQHandler                     
0000113d  UART3_IRQHandler                     
00001141  Reset_Handler                        
00001145  _system_pre_init                     
00001148  C$$EXIT                              
00001149  abort                                
00001210  __TI_Handler_Table_Base              
00001218  __TI_CINIT_Base                      
00001218  __TI_Handler_Table_Limit             
00001220  __TI_CINIT_Limit                     
00001220  __TI_CINIT_Warm                      
20200000  __start___llvm_prf_bits              
20200000  __start___llvm_prf_cnts              
20200000  __stop___llvm_prf_bits               
20200000  __stop___llvm_prf_cnts               
20200000  gOutputSignalSine64                  
20200400  para1                                
20200402  para2                                
20207e00  __stack                              
20208000  __STACK_END                          
ffffffff  __TI_pprof_out_hndl                  
ffffffff  __TI_prof_data_size                  
ffffffff  __TI_prof_data_start                 
ffffffff  __binit__                            
ffffffff  binit                                
UNDEFED   __mpu_init                           
UNDEFED   _system_post_cinit                   

[137 symbols]
