******************************************************************************
            TI ARM Clang Linker PC v3.2.2                      
******************************************************************************
>> Linked Wed Aug 21 23:39:46 2024

OUTPUT FILE NAME:   <2_fft_timer_trigger.out>
ENTRY POINT SYMBOL: "_c_int00_noargs"  address: 00009641


MEMORY CONFIGURATION

         name            origin    length      used     unused   attr    fill
----------------------  --------  ---------  --------  --------  ----  --------
  FLASH                 00000000   00020000  00009aa0  00016560  R  X
  SRAM                  20200000   00008000  000072cd  00000d33  RW X
  BCR_CONFIG            41c00000   00000080  00000000  00000080  R   
  BSL_CONFIG            41c00100   00000080  00000000  00000080  R   


SEGMENT ALLOCATION MAP

run origin  load origin   length   init length attrs members
----------  ----------- ---------- ----------- ----- -------
00000000    00000000    00009aa0   00009aa0    r-x
  00000000    00000000    000000c0   000000c0    r-- .intvecs
  000000c0    000000c0    00006650   00006650    r-- .rodata
  00006710    00006710    00003360   00003360    r-x .text
  00009a70    00009a70    00000030   00000030    r-- .cinit
20200000    20200000    000070cd   00000000    rw-
  20200000    20200000    000070c8   00000000    rw- .bss
  202070c8    202070c8    00000005   00000000    rw- .data
20207e00    20207e00    00000200   00000000    rw-
  20207e00    20207e00    00000200   00000000    rw- .stack


SECTION ALLOCATION MAP

 output                                  attributes/
section   page    origin      length       input sections
--------  ----  ----------  ----------   ----------------
.intvecs   0    00000000    000000c0     
                  00000000    000000c0     startup_mspm0g350x_ticlang.o (.intvecs)

.text      0    00006710    00003360     
                  00006710    000008fc     arm_cortexM0l_math.a : arm_cfft_radix8_f32.o (.text.arm_radix8_butterfly_f32)
                  0000700c    00000774                          : arm_cfft_f32.o (.text.arm_cfft_radix8by4_f32)
                  00007780    000002b0                          : arm_cfft_f32.o (.text.arm_cfft_radix8by2_f32)
                  00007a30    000001c8                          : arm_cfft_f32.o (.text.arm_cfft_f32)
                  00007bf8    000001a4     main.o (.text.main)
                  00007d9c    000001a0     arm_cortexM0l_math.a : arm_cmplx_mag_f32.o (.text.arm_cmplx_mag_f32)
                  00007f3c    00000134                          : arm_bitreversal2.o (.text.arm_bitreversal_32)
                  00008070    00000118     oled.o (.text.OLED_ShowChar)
                  00008188    0000010c     libclang_rt.builtins.a : divdf3.S.obj (.text.__divdf3)
                  00008294    000000fa     oled.o (.text.OLED_Init)
                  0000838e    000000f8     oled.o (.text.OLED_decimal)
                  00008486    000000f6     oled.o (.text.OLED_ShowNum)
                  0000857c    000000e8     driverlib.a : dl_timer.o (.text.DL_Timer_initTimerMode)
                  00008664    000000e4     libclang_rt.builtins.a : muldf3.S.obj (.text.__muldf3)
                  00008748    000000dc     driverlib.a : dl_sysctl_mspm0g1x0x_g3x0x.o (.text.DL_SYSCTL_configSYSPLL)
                  00008824    000000d8     libclang_rt.builtins.a : addsf3.S.obj (.text)
                  000088fc    000000a8     libc.a : e_sqrtf.c.obj (.text.sqrtf)
                  000089a4    0000009c     ti_msp_dl_config.o (.text.SYSCFG_DL_ADC12_0_init)
                  00008a40    0000008c     libclang_rt.builtins.a : mulsf3.S.obj (.text.__mulsf3)
                  00008acc    00000082                            : divsf3.S.obj (.text.__divsf3)
                  00008b4e    00000002                            : aeabi_div0.c.obj (.text.__aeabi_idiv0)
                  00008b50    00000078     libc.a : copy_decompress_lzss.c.obj (.text:decompress:lzss)
                  00008bc8    00000074     oled.o (.text.Send_Byte)
                  00008c3c    00000004     startup_mspm0g350x_ticlang.o (.text.Default_Handler)
                  00008c40    00000074     libclang_rt.builtins.a : truncdfsf2.S.obj (.text.__truncdfsf2)
                  00008cb4    00000070     oled.o (.text.OLED_ShowString)
                  00008d24    0000006a     oled.o (.text.OLED_Clear)
                  00008d8e    00000002     --HOLE-- [fill = 0]
                  00008d90    00000062     libclang_rt.builtins.a : aeabi_fcmp.S.obj (.text.__aeabi_fcmp)
                  00008df2    00000060     arm_cortexM0l_math.a : arm_max_f32.o (.text.arm_max_f32)
                  00008e52    00000002     --HOLE-- [fill = 0]
                  00008e54    00000058     ti_msp_dl_config.o (.text.SYSCFG_DL_initPower)
                  00008eac    0000004e     oled.o (.text.OLED_WR_Byte)
                  00008efa    00000002     --HOLE-- [fill = 0]
                  00008efc    0000004c     ti_msp_dl_config.o (.text.DL_ADC12_initSingleSample)
                  00008f48    0000004c     driverlib.a : dl_dma.o (.text.DL_DMA_initChannel)
                  00008f94    0000004a     ti_msp_dl_config.o (.text.DL_ADC12_configConversionMem)
                  00008fde    00000002     --HOLE-- [fill = 0]
                  00008fe0    00000048     main.o (.text.dma_init)
                  00009028    00000044     driverlib.a : dl_sysctl_mspm0g1x0x_g3x0x.o (.text.DL_SYSCTL_switchMCLKfromSYSOSCtoHSCLK)
                  0000906c    00000044     ti_msp_dl_config.o (.text.SYSCFG_DL_TIMER_0_init)
                  000090b0    00000040     driverlib.a : dl_adc12.o (.text.DL_ADC12_setClockConfig)
                  000090f0    00000040     libclang_rt.builtins.a : aeabi_uidivmod.S.obj (.text.__aeabi_uidivmod)
                  00009130    00000040                            : extendsfdf2.S.obj (.text.__extendsfdf2)
                  00009170    0000003c     oled.o (.text.OLED_Set_Pos)
                  000091ac    0000003c     ti_msp_dl_config.o (.text.SYSCFG_DL_SYSCTL_init)
                  000091e8    0000003c     libclang_rt.builtins.a : floatsisf.S.obj (.text.__floatsisf)
                  00009224    0000003c                            : comparesf2.S.obj (.text.__gtsf2)
                  00009260    0000003c     libc.a : autoinit.c.obj (.text:__TI_auto_init_nobinit_nopinit)
                  0000929c    0000003a     libclang_rt.builtins.a : comparesf2.S.obj (.text.__eqsf2)
                  000092d6    00000002     --HOLE-- [fill = 0]
                  000092d8    0000003a                            : muldsi3.S.obj (.text.__muldsi3)
                  00009312    00000002     --HOLE-- [fill = 0]
                  00009314    00000038     main.o (.text.ADC1_IRQHandler)
                  0000934c    00000038     ti_msp_dl_config.o (.text.DL_Timer_setPublisherChanID)
                  00009384    00000038     libclang_rt.builtins.a : fixsfsi.S.obj (.text.__fixsfsi)
                  000093bc    00000034     oled.o (.text.I2C_Start)
                  000093f0    00000030     main.o (.text.DL_DMA_setTransferSize)
                  00009420    00000030     oled.o (.text.oled_pow)
                  00009450    0000002c     ti_msp_dl_config.o (.text.DL_ADC12_setDMASamplesCnt)
                  0000947c    0000002c     ti_msp_dl_config.o (.text.SYSCFG_DL_GPIO_init)
                  000094a8    0000002c     main.o (.text.__NVIC_EnableIRQ)
                  000094d4    0000002c     libclang_rt.builtins.a : floatsidf.S.obj (.text.__floatsidf)
                  00009500    00000028     ti_msp_dl_config.o (.text.DL_Common_updateReg)
                  00009528    00000028     main.o (.text.DL_DMA_setDestAddr)
                  00009550    00000028     main.o (.text.DL_DMA_setSrcAddr)
                  00009578    00000028     ti_msp_dl_config.o (.text.DL_Timer_enableEvent)
                  000095a0    00000028     oled.o (.text.I2C_Stop)
                  000095c8    00000028     oled.o (.text.I2C_WaitAck)
                  000095f0    00000028     ti_msp_dl_config.o (.text.SYSCFG_DL_init)
                  00009618    00000028     libclang_rt.builtins.a : floatunsisf.S.obj (.text.__floatunsisf)
                  00009640    00000028     libc.a : boot_cortex_m.c.obj (.text:_c_int00_noargs)
                  00009668    00000026     main.o (.text.DL_DMA_enableChannel)
                  0000968e    00000002     --HOLE-- [fill = 0]
                  00009690    00000024     main.o (.text.DL_ADC12_getMemResultAddress)
                  000096b4    00000024     oled.o (.text.delay_ms)
                  000096d8    00000020     ti_msp_dl_config.o (.text.DL_SYSCTL_setFlashWaitState)
                  000096f8    0000001e     ti_msp_dl_config.o (.text.DL_ADC12_setPowerDownMode)
                  00009716    00000002     --HOLE-- [fill = 0]
                  00009718    0000001c     ti_msp_dl_config.o (.text.DL_ADC12_clearInterruptStatus)
                  00009734    0000001c     ti_msp_dl_config.o (.text.DL_ADC12_enableDMA)
                  00009750    0000001c     ti_msp_dl_config.o (.text.DL_ADC12_enableDMATrigger)
                  0000976c    0000001c     ti_msp_dl_config.o (.text.DL_ADC12_enableInterrupt)
                  00009788    0000001c     ti_msp_dl_config.o (.text.DL_SYSCTL_setSYSOSCFreq)
                  000097a4    0000001c     ti_msp_dl_config.o (.text.DL_SYSCTL_setULPCLKDivider)
                  000097c0    0000001c     driverlib.a : dl_timer.o (.text.DL_Timer_setClockConfig)
                  000097dc    0000001a     ti_msp_dl_config.o (.text.DL_ADC12_setSubscriberChanID)
                  000097f6    00000002     --HOLE-- [fill = 0]
                  000097f8    00000018     ti_msp_dl_config.o (.text.DL_ADC12_enablePower)
                  00009810    00000018     ti_msp_dl_config.o (.text.DL_ADC12_reset)
                  00009828    00000018     ti_msp_dl_config.o (.text.DL_ADC12_setSampleTime0)
                  00009840    00000018     ti_msp_dl_config.o (.text.DL_ADC12_setSampleTime1)
                  00009858    00000018     ti_msp_dl_config.o (.text.DL_GPIO_enableOutput)
                  00009870    00000018     ti_msp_dl_config.o (.text.DL_GPIO_enablePower)
                  00009888    00000018     ti_msp_dl_config.o (.text.DL_GPIO_initDigitalOutput)
                  000098a0    00000018     ti_msp_dl_config.o (.text.DL_GPIO_reset)
                  000098b8    00000018     oled.o (.text.DL_GPIO_setPins)
                  000098d0    00000018     ti_msp_dl_config.o (.text.DL_SYSCTL_setBORThreshold)
                  000098e8    00000018     ti_msp_dl_config.o (.text.DL_Timer_enablePower)
                  00009900    00000018     ti_msp_dl_config.o (.text.DL_Timer_reset)
                  00009918    00000018     main.o (.text.DL_Timer_startCounter)
                  00009930    00000018     main.o (.text.DL_Timer_stopCounter)
                  00009948    00000018     ti_msp_dl_config.o (.text.SYSCFG_DL_DMA_CH0_init)
                  00009960    00000016     ti_msp_dl_config.o (.text.DL_ADC12_enableConversions)
                  00009976    00000014     oled.o (.text.DL_GPIO_clearPins)
                  0000998a    00000014     ti_msp_dl_config.o (.text.DL_GPIO_clearPins)
                  0000999e    00000002     --HOLE-- [fill = 0]
                  000099a0    00000014     ti_msp_dl_config.o (.text.DL_SYSCTL_disableSYSPLL)
                  000099b4    00000014     ti_msp_dl_config.o (.text.DL_Timer_enableClock)
                  000099c8    00000012     main.o (.text.DL_ADC12_getPendingInterrupt)
                  000099da    00000012     libc.a : memcpy16.S.obj (.text:TI_memcpy_small)
                  000099ec    00000012            : copy_decompress_none.c.obj (.text:decompress:none)
                  000099fe    00000002     --HOLE-- [fill = 0]
                  00009a00    00000010     ti_msp_dl_config.o (.text.DL_SYSCTL_disableHFXT)
                  00009a10    00000010     libc.a : copy_zero_init.c.obj (.text:decompress:ZI)
                  00009a20    0000000e            : memset16.S.obj (.text:TI_memset_small)
                  00009a2e    00000002     --HOLE-- [fill = 0]
                  00009a30    0000000c     libclang_rt.builtins.a : aeabi_memset.S.obj (.text.__aeabi_memclr)
                  00009a3c    0000000a     driverlib.a : dl_common.o (.text.DL_Common_delayCycles)
                  00009a46    00000008     ti_msp_dl_config.o (.text.SYSCFG_DL_DMA_init)
                  00009a4e    00000002     --HOLE-- [fill = 0]
                  00009a50    00000008     libc.a : aeabi_portable.c.obj (.text.__aeabi_errno_addr)
                  00009a58    00000008     libclang_rt.builtins.a : aeabi_memcpy.S.obj (.text.__aeabi_memcpy)
                  00009a60    00000004     startup_mspm0g350x_ticlang.o (.text.Reset_Handler)
                  00009a64    00000004     libc.a : pre_init.c.obj (.text._system_pre_init)
                  00009a68    00000004            : exit.c.obj (.text:abort)
                  00009a6c    00000004     --HOLE-- [fill = 0]

.cinit     0    00009a70    00000030     
                  00009a70    0000000c     (__TI_handler_table)
                  00009a7c    00000008     (.cinit..bss.load) [load image, compression = zero_init]
                  00009a84    00000007     (.cinit..data.load) [load image, compression = lzss]
                  00009a8b    00000001     --HOLE-- [fill = 0]
                  00009a8c    00000010     (__TI_cinit_table)
                  00009a9c    00000004     --HOLE-- [fill = 0]

.rodata    0    000000c0    00006650     
                  000000c0    00004000     arm_cortexM0l_math.a : arm_common_tables.o (.rodata.twiddleCoef_2048)
                  000040c0    00001dc0                          : arm_common_tables.o (.rodata.armBitRevIndexTable2048)
                  00005e80    000005f0     oled.o (.rodata.asc2_1608)
                  00006470    00000228     oled.o (.rodata.asc2_0806)
                  00006698    00000028     ti_msp_dl_config.o (.rodata.gSYSPLLConfig)
                  000066c0    00000018     ti_msp_dl_config.o (.rodata.gDMA_CH0Config)
                  000066d8    00000014     ti_msp_dl_config.o (.rodata.gTIMER_0TimerConfig)
                  000066ec    00000010     arm_cortexM0l_math.a : arm_const_structs.o (.rodata.arm_cfft_sR_f32_len2048)
                  000066fc    00000008     ti_msp_dl_config.o (.rodata.gADC12_0ClockConfig)
                  00006704    00000008     main.o (.rodata.str1.176328792963337784071)
                  0000670c    00000003     ti_msp_dl_config.o (.rodata.gTIMER_0ClockConfig)
                  0000670f    00000001     --HOLE-- [fill = 0]

.init_array 
*          0    00000000    00000000     UNINITIALIZED

.binit     0    00000000    00000000     

.bss       0    20200000    000070c8     UNINITIALIZED
                  20200000    00004000     (.common:gDstBuffer_f32)
                  20204000    00002000     (.common:gFFTOutput)
                  20206000    00001000     (.common:gADCSamplesPing)
                  20207000    000000bc     (.common:gTIMER_0Backup)
                  202070bc    00000004     (.common:gFFTmaxFreqIndex)
                  202070c0    00000004     (.common:gFFTmaxValue)
                  202070c4    00000004     (.common:wave_freq)

.data      0    202070c8    00000005     UNINITIALIZED
                  202070c8    00000004     libc.a : aeabi_portable.c.obj (.data.__aeabi_errno)
                  202070cc    00000001     main.o (.data.FFT_finish)

.stack     0    20207e00    00000200     UNINITIALIZED
                  20207e00    00000004     libc.a : boot_cortex_m.c.obj (.stack)
                  20207e04    000001fc     --HOLE--

__llvm_prf_cnts 
*          0    20200000    00000000     UNINITIALIZED

__llvm_prf_bits 
*          0    20200000    00000000     UNINITIALIZED

MODULE SUMMARY

       Module                         code    ro data   rw data
       ------                         ----    -------   -------
    .\
       main.o                         860     8         28685  
       ti_msp_dl_config.o             1436    95        188    
       startup_mspm0g350x_ticlang.o   8       192       0      
    +--+------------------------------+-------+---------+---------+
       Total:                         2304    295       28873  
                                                               
    .\OLED\
       oled.o                         1756    2072      0      
    +--+------------------------------+-------+---------+---------+
       Total:                         1756    2072      0      
                                                               
    C:/ti/mspm0_sdk_2_01_00_03/source/third_party/CMSIS/DSP/lib/ticlang/m0p/arm_cortexM0l_math.a
       arm_common_tables.o            0       24000     0      
       arm_cfft_f32.o                 3052    0         0      
       arm_cfft_radix8_f32.o          2300    0         0      
       arm_cmplx_mag_f32.o            416     0         0      
       arm_bitreversal2.o             308     0         0      
       arm_max_f32.o                  96      0         0      
       arm_const_structs.o            0       16        0      
    +--+------------------------------+-------+---------+---------+
       Total:                         6172    24016     0      
                                                               
    C:/ti/mspm0_sdk_2_01_00_03/source/ti/driverlib/lib/ticlang/m0p/mspm0g1x0x_g3x0x/driverlib.a
       dl_sysctl_mspm0g1x0x_g3x0x.o   288     0         0      
       dl_timer.o                     260     0         0      
       dl_dma.o                       76      0         0      
       dl_adc12.o                     64      0         0      
       dl_common.o                    10      0         0      
    +--+------------------------------+-------+---------+---------+
       Total:                         698     0         0      
                                                               
    C:\ti\ccs1260\ccs\tools\compiler\ti-cgt-armllvm_3.2.2.LTS\lib\armv6m-ti-none-eabi/c/libc.a
       e_sqrtf.c.obj                  168     0         0      
       copy_decompress_lzss.c.obj     120     0         0      
       autoinit.c.obj                 60      0         0      
       boot_cortex_m.c.obj            40      0         0      
       copy_decompress_none.c.obj     18      0         0      
       memcpy16.S.obj                 18      0         0      
       copy_zero_init.c.obj           16      0         0      
       memset16.S.obj                 14      0         0      
       aeabi_portable.c.obj           8       0         4      
       exit.c.obj                     4       0         0      
       pre_init.c.obj                 4       0         0      
    +--+------------------------------+-------+---------+---------+
       Total:                         470     0         4      
                                                               
    C:\ti\ccs1260\ccs\tools\compiler\ti-cgt-armllvm_3.2.2.LTS\lib\clang/15.0.7/lib/armv6m-ti-none-eabi/libclang_rt.builtins.a
       divdf3.S.obj                   268     0         0      
       muldf3.S.obj                   228     0         0      
       addsf3.S.obj                   216     0         0      
       mulsf3.S.obj                   140     0         0      
       divsf3.S.obj                   130     0         0      
       comparesf2.S.obj               118     0         0      
       truncdfsf2.S.obj               116     0         0      
       aeabi_fcmp.S.obj               98      0         0      
       aeabi_uidivmod.S.obj           64      0         0      
       extendsfdf2.S.obj              64      0         0      
       floatsisf.S.obj                60      0         0      
       muldsi3.S.obj                  58      0         0      
       fixsfsi.S.obj                  56      0         0      
       floatsidf.S.obj                44      0         0      
       floatunsisf.S.obj              40      0         0      
       aeabi_memset.S.obj             12      0         0      
       aeabi_memcpy.S.obj             8       0         0      
       aeabi_div0.c.obj               2       0         0      
    +--+------------------------------+-------+---------+---------+
       Total:                         1722    0         0      
                                                               
       Stack:                         0       0         512    
       Linker Generated:              0       43        0      
    +--+------------------------------+-------+---------+---------+
       Grand Total:                   13122   26426     29389  


LINKER GENERATED COPY TABLES

__TI_cinit_table @ 00009a8c records: 2, size/record: 8, table size: 16
	.bss: load addr=00009a7c, load size=00000008 bytes, run addr=20200000, run size=000070c8 bytes, compression=zero_init
	.data: load addr=00009a84, load size=00000007 bytes, run addr=202070c8, run size=00000005 bytes, compression=lzss


LINKER GENERATED HANDLER TABLE

__TI_handler_table @ 00009a70 records: 3, size/record: 4, table size: 12
	index: 0, handler: __TI_decompress_lzss
	index: 1, handler: __TI_decompress_none
	index: 2, handler: __TI_zero_init


GLOBAL SYMBOLS: SORTED ALPHABETICALLY BY Name 

address   name                                 
-------   ----                                 
00008c3d  ADC0_IRQHandler                      
00009315  ADC1_IRQHandler                      
00008c3d  AES_IRQHandler                       
00009a68  C$$EXIT                              
00008c3d  CANFD0_IRQHandler                    
00008c3d  DAC0_IRQHandler                      
000090b1  DL_ADC12_setClockConfig              
00009a3d  DL_Common_delayCycles                
00008f49  DL_DMA_initChannel                   
00008749  DL_SYSCTL_configSYSPLL               
00009029  DL_SYSCTL_switchMCLKfromSYSOSCtoHSCLK
0000857d  DL_Timer_initTimerMode               
000097c1  DL_Timer_setClockConfig              
00008c3d  DMA_IRQHandler                       
00008c3d  Default_Handler                      
202070cc  FFT_finish                           
00008c3d  GROUP0_IRQHandler                    
00008c3d  GROUP1_IRQHandler                    
00008c3d  HardFault_Handler                    
00008c3d  I2C0_IRQHandler                      
00008c3d  I2C1_IRQHandler                      
000093bd  I2C_Start                            
000095a1  I2C_Stop                             
000095c9  I2C_WaitAck                          
00008c3d  NMI_Handler                          
00008d25  OLED_Clear                           
00008295  OLED_Init                            
00009171  OLED_Set_Pos                         
00008071  OLED_ShowChar                        
00008487  OLED_ShowNum                         
00008cb5  OLED_ShowString                      
00008ead  OLED_WR_Byte                         
0000838f  OLED_decimal                         
00008c3d  PendSV_Handler                       
00008c3d  RTC_IRQHandler                       
00009a61  Reset_Handler                        
00008c3d  SPI0_IRQHandler                      
00008c3d  SPI1_IRQHandler                      
00008c3d  SVC_Handler                          
000089a5  SYSCFG_DL_ADC12_0_init               
00009949  SYSCFG_DL_DMA_CH0_init               
00009a47  SYSCFG_DL_DMA_init                   
0000947d  SYSCFG_DL_GPIO_init                  
000091ad  SYSCFG_DL_SYSCTL_init                
0000906d  SYSCFG_DL_TIMER_0_init               
000095f1  SYSCFG_DL_init                       
00008e55  SYSCFG_DL_initPower                  
00008bc9  Send_Byte                            
00008c3d  SysTick_Handler                      
00008c3d  TIMA0_IRQHandler                     
00008c3d  TIMA1_IRQHandler                     
00008c3d  TIMG0_IRQHandler                     
00008c3d  TIMG12_IRQHandler                    
00008c3d  TIMG6_IRQHandler                     
00008c3d  TIMG7_IRQHandler                     
00008c3d  TIMG8_IRQHandler                     
000099db  TI_memcpy_small                      
00009a21  TI_memset_small                      
00008c3d  UART0_IRQHandler                     
00008c3d  UART1_IRQHandler                     
00008c3d  UART2_IRQHandler                     
00008c3d  UART3_IRQHandler                     
20208000  __STACK_END                          
00000200  __STACK_SIZE                         
00000000  __TI_ATRegion0_region_sz             
00000000  __TI_ATRegion0_src_addr              
00000000  __TI_ATRegion0_trg_addr              
00000000  __TI_ATRegion1_region_sz             
00000000  __TI_ATRegion1_src_addr              
00000000  __TI_ATRegion1_trg_addr              
00000000  __TI_ATRegion2_region_sz             
00000000  __TI_ATRegion2_src_addr              
00000000  __TI_ATRegion2_trg_addr              
00009a8c  __TI_CINIT_Base                      
00009a9c  __TI_CINIT_Limit                     
00009a9c  __TI_CINIT_Warm                      
00009a70  __TI_Handler_Table_Base              
00009a7c  __TI_Handler_Table_Limit             
00009261  __TI_auto_init_nobinit_nopinit       
00008b51  __TI_decompress_lzss                 
000099ed  __TI_decompress_none                 
ffffffff  __TI_pprof_out_hndl                  
ffffffff  __TI_prof_data_size                  
ffffffff  __TI_prof_data_start                 
00000000  __TI_static_base__                   
00009a11  __TI_zero_init                       
0000882f  __addsf3                             
00008c41  __aeabi_d2f                          
00008189  __aeabi_ddiv                         
00008665  __aeabi_dmul                         
202070c8  __aeabi_errno                        
00009a51  __aeabi_errno_addr                   
00009131  __aeabi_f2d                          
00009385  __aeabi_f2iz                         
0000882f  __aeabi_fadd                         
00008d91  __aeabi_fcmpeq                       
00008dcd  __aeabi_fcmpge                       
00008de1  __aeabi_fcmpgt                       
00008db9  __aeabi_fcmple                       
00008da5  __aeabi_fcmplt                       
00008acd  __aeabi_fdiv                         
00008a41  __aeabi_fmul                         
00008825  __aeabi_fsub                         
000094d5  __aeabi_i2d                          
000091e9  __aeabi_i2f                          
00008b4f  __aeabi_idiv0                        
00009a31  __aeabi_memclr                       
00009a31  __aeabi_memclr4                      
00009a31  __aeabi_memclr8                      
00009a59  __aeabi_memcpy                       
00009a59  __aeabi_memcpy4                      
00009a59  __aeabi_memcpy8                      
00009619  __aeabi_ui2f                         
000090f1  __aeabi_uidiv                        
000090f1  __aeabi_uidivmod                     
ffffffff  __binit__                            
0000929d  __cmpsf2                             
00008189  __divdf3                             
00008acd  __divsf3                             
0000929d  __eqsf2                              
00009131  __extendsfdf2                        
00009385  __fixsfsi                            
000094d5  __floatsidf                          
000091e9  __floatsisf                          
00009619  __floatunsisf                        
00009225  __gesf2                              
00009225  __gtsf2                              
0000929d  __lesf2                              
0000929d  __ltsf2                              
UNDEFED   __mpu_init                           
00008665  __muldf3                             
000092d9  __muldsi3                            
00008a41  __mulsf3                             
0000929d  __nesf2                              
20207e00  __stack                              
20200000  __start___llvm_prf_bits              
20200000  __start___llvm_prf_cnts              
20200000  __stop___llvm_prf_bits               
20200000  __stop___llvm_prf_cnts               
00008825  __subsf3                             
00008c41  __truncdfsf2                         
00009641  _c_int00_noargs                      
UNDEFED   _system_post_cinit                   
00009a65  _system_pre_init                     
00009a69  abort                                
000040c0  armBitRevIndexTable2048              
00007f3d  arm_bitreversal_32                   
00007a31  arm_cfft_f32                         
00007781  arm_cfft_radix8by2_f32               
0000700d  arm_cfft_radix8by4_f32               
000066ec  arm_cfft_sR_f32_len2048              
00007d9d  arm_cmplx_mag_f32                    
00008df3  arm_max_f32                          
00006711  arm_radix8_butterfly_f32             
00006470  asc2_0806                            
00005e80  asc2_1608                            
ffffffff  binit                                
000096b5  delay_ms                             
00008fe1  dma_init                             
20206000  gADCSamplesPing                      
20200000  gDstBuffer_f32                       
20204000  gFFTOutput                           
202070bc  gFFTmaxFreqIndex                     
202070c0  gFFTmaxValue                         
20207000  gTIMER_0Backup                       
00000000  interruptVectors                     
00007bf9  main                                 
00009421  oled_pow                             
000088fd  sqrtf                                
000000c0  twiddleCoef_2048                     
202070c4  wave_freq                            


GLOBAL SYMBOLS: SORTED BY Symbol Address 

address   name                                 
-------   ----                                 
00000000  __TI_ATRegion0_region_sz             
00000000  __TI_ATRegion0_src_addr              
00000000  __TI_ATRegion0_trg_addr              
00000000  __TI_ATRegion1_region_sz             
00000000  __TI_ATRegion1_src_addr              
00000000  __TI_ATRegion1_trg_addr              
00000000  __TI_ATRegion2_region_sz             
00000000  __TI_ATRegion2_src_addr              
00000000  __TI_ATRegion2_trg_addr              
00000000  __TI_static_base__                   
00000000  interruptVectors                     
000000c0  twiddleCoef_2048                     
00000200  __STACK_SIZE                         
000040c0  armBitRevIndexTable2048              
00005e80  asc2_1608                            
00006470  asc2_0806                            
000066ec  arm_cfft_sR_f32_len2048              
00006711  arm_radix8_butterfly_f32             
0000700d  arm_cfft_radix8by4_f32               
00007781  arm_cfft_radix8by2_f32               
00007a31  arm_cfft_f32                         
00007bf9  main                                 
00007d9d  arm_cmplx_mag_f32                    
00007f3d  arm_bitreversal_32                   
00008071  OLED_ShowChar                        
00008189  __aeabi_ddiv                         
00008189  __divdf3                             
00008295  OLED_Init                            
0000838f  OLED_decimal                         
00008487  OLED_ShowNum                         
0000857d  DL_Timer_initTimerMode               
00008665  __aeabi_dmul                         
00008665  __muldf3                             
00008749  DL_SYSCTL_configSYSPLL               
00008825  __aeabi_fsub                         
00008825  __subsf3                             
0000882f  __addsf3                             
0000882f  __aeabi_fadd                         
000088fd  sqrtf                                
000089a5  SYSCFG_DL_ADC12_0_init               
00008a41  __aeabi_fmul                         
00008a41  __mulsf3                             
00008acd  __aeabi_fdiv                         
00008acd  __divsf3                             
00008b4f  __aeabi_idiv0                        
00008b51  __TI_decompress_lzss                 
00008bc9  Send_Byte                            
00008c3d  ADC0_IRQHandler                      
00008c3d  AES_IRQHandler                       
00008c3d  CANFD0_IRQHandler                    
00008c3d  DAC0_IRQHandler                      
00008c3d  DMA_IRQHandler                       
00008c3d  Default_Handler                      
00008c3d  GROUP0_IRQHandler                    
00008c3d  GROUP1_IRQHandler                    
00008c3d  HardFault_Handler                    
00008c3d  I2C0_IRQHandler                      
00008c3d  I2C1_IRQHandler                      
00008c3d  NMI_Handler                          
00008c3d  PendSV_Handler                       
00008c3d  RTC_IRQHandler                       
00008c3d  SPI0_IRQHandler                      
00008c3d  SPI1_IRQHandler                      
00008c3d  SVC_Handler                          
00008c3d  SysTick_Handler                      
00008c3d  TIMA0_IRQHandler                     
00008c3d  TIMA1_IRQHandler                     
00008c3d  TIMG0_IRQHandler                     
00008c3d  TIMG12_IRQHandler                    
00008c3d  TIMG6_IRQHandler                     
00008c3d  TIMG7_IRQHandler                     
00008c3d  TIMG8_IRQHandler                     
00008c3d  UART0_IRQHandler                     
00008c3d  UART1_IRQHandler                     
00008c3d  UART2_IRQHandler                     
00008c3d  UART3_IRQHandler                     
00008c41  __aeabi_d2f                          
00008c41  __truncdfsf2                         
00008cb5  OLED_ShowString                      
00008d25  OLED_Clear                           
00008d91  __aeabi_fcmpeq                       
00008da5  __aeabi_fcmplt                       
00008db9  __aeabi_fcmple                       
00008dcd  __aeabi_fcmpge                       
00008de1  __aeabi_fcmpgt                       
00008df3  arm_max_f32                          
00008e55  SYSCFG_DL_initPower                  
00008ead  OLED_WR_Byte                         
00008f49  DL_DMA_initChannel                   
00008fe1  dma_init                             
00009029  DL_SYSCTL_switchMCLKfromSYSOSCtoHSCLK
0000906d  SYSCFG_DL_TIMER_0_init               
000090b1  DL_ADC12_setClockConfig              
000090f1  __aeabi_uidiv                        
000090f1  __aeabi_uidivmod                     
00009131  __aeabi_f2d                          
00009131  __extendsfdf2                        
00009171  OLED_Set_Pos                         
000091ad  SYSCFG_DL_SYSCTL_init                
000091e9  __aeabi_i2f                          
000091e9  __floatsisf                          
00009225  __gesf2                              
00009225  __gtsf2                              
00009261  __TI_auto_init_nobinit_nopinit       
0000929d  __cmpsf2                             
0000929d  __eqsf2                              
0000929d  __lesf2                              
0000929d  __ltsf2                              
0000929d  __nesf2                              
000092d9  __muldsi3                            
00009315  ADC1_IRQHandler                      
00009385  __aeabi_f2iz                         
00009385  __fixsfsi                            
000093bd  I2C_Start                            
00009421  oled_pow                             
0000947d  SYSCFG_DL_GPIO_init                  
000094d5  __aeabi_i2d                          
000094d5  __floatsidf                          
000095a1  I2C_Stop                             
000095c9  I2C_WaitAck                          
000095f1  SYSCFG_DL_init                       
00009619  __aeabi_ui2f                         
00009619  __floatunsisf                        
00009641  _c_int00_noargs                      
000096b5  delay_ms                             
000097c1  DL_Timer_setClockConfig              
00009949  SYSCFG_DL_DMA_CH0_init               
000099db  TI_memcpy_small                      
000099ed  __TI_decompress_none                 
00009a11  __TI_zero_init                       
00009a21  TI_memset_small                      
00009a31  __aeabi_memclr                       
00009a31  __aeabi_memclr4                      
00009a31  __aeabi_memclr8                      
00009a3d  DL_Common_delayCycles                
00009a47  SYSCFG_DL_DMA_init                   
00009a51  __aeabi_errno_addr                   
00009a59  __aeabi_memcpy                       
00009a59  __aeabi_memcpy4                      
00009a59  __aeabi_memcpy8                      
00009a61  Reset_Handler                        
00009a65  _system_pre_init                     
00009a68  C$$EXIT                              
00009a69  abort                                
00009a70  __TI_Handler_Table_Base              
00009a7c  __TI_Handler_Table_Limit             
00009a8c  __TI_CINIT_Base                      
00009a9c  __TI_CINIT_Limit                     
00009a9c  __TI_CINIT_Warm                      
20200000  __start___llvm_prf_bits              
20200000  __start___llvm_prf_cnts              
20200000  __stop___llvm_prf_bits               
20200000  __stop___llvm_prf_cnts               
20200000  gDstBuffer_f32                       
20204000  gFFTOutput                           
20206000  gADCSamplesPing                      
20207000  gTIMER_0Backup                       
202070bc  gFFTmaxFreqIndex                     
202070c0  gFFTmaxValue                         
202070c4  wave_freq                            
202070c8  __aeabi_errno                        
202070cc  FFT_finish                           
20207e00  __stack                              
20208000  __STACK_END                          
ffffffff  __TI_pprof_out_hndl                  
ffffffff  __TI_prof_data_size                  
ffffffff  __TI_prof_data_start                 
ffffffff  __binit__                            
ffffffff  binit                                
UNDEFED   __mpu_init                           
UNDEFED   _system_post_cinit                   

[171 symbols]
