******************************************************************************
            TI ARM Clang Linker PC v3.2.2                      
******************************************************************************
>> Linked Wed Aug 21 21:35:06 2024

OUTPUT FILE NAME:   <OLED_Software_IIC.out>
ENTRY POINT SYMBOL: "_c_int00_noargs"  address: 00000bb9


MEMORY CONFIGURATION

         name            origin    length      used     unused   attr    fill
----------------------  --------  ---------  --------  --------  ----  --------
  FLASH                 00000000   00020000  00001838  0001e7c8  R  X
  SRAM                  20200000   00008000  00000600  00007a00  RW X
  BCR_CONFIG            41c00000   00000080  00000000  00000080  R   
  BSL_CONFIG            41c00100   00000080  00000000  00000080  R   


SEGMENT ALLOCATION MAP

run origin  load origin   length   init length attrs members
----------  ----------- ---------- ----------- ----- -------
00000000    00000000    00001838   00001838    r-x
  00000000    00000000    000000c0   000000c0    r-- .intvecs
  000000c0    000000c0    00000cd0   00000cd0    r-x .text
  00000d90    00000d90    00000948   00000948    r-- .rodata
  000016d8    000016d8    00000160   00000160    r-- .cinit
20200000    20200000    00000400   00000000    rw-
  20200000    20200000    00000400   00000000    rw- .data
20207e00    20207e00    00000200   00000000    rw-
  20207e00    20207e00    00000200   00000000    rw- .stack


SECTION ALLOCATION MAP

 output                                  attributes/
section   page    origin      length       input sections
--------  ----  ----------  ----------   ----------------
.intvecs   0    00000000    000000c0     
                  00000000    000000c0     startup_mspm0g350x_ticlang.o (.intvecs)

.text      0    000000c0    00000cd0     
                  000000c0    00000120     oled.o (.text.main)
                  000001e0    00000118     oled.o (.text.OLED_ShowChar)
                  000002f8    000000fa     oled.o (.text.OLED_Init)
                  000003f2    000000f6     oled.o (.text.OLED_ShowNum)
                  000004e8    000000dc     driverlib.a : dl_sysctl_mspm0g1x0x_g3x0x.o (.text.DL_SYSCTL_configSYSPLL)
                  000005c4    000000a8     oled.o (.text.OLED_ShowChinese)
                  0000066c    000000a4     oled.o (.text.OLED_DrawBMP)
                  00000710    0000007c     oled.o (.text.Send_Byte)
                  0000078c    00000078     libc.a : copy_decompress_lzss.c.obj (.text:decompress:lzss)
                  00000804    00000070     oled.o (.text.OLED_ShowString)
                  00000874    0000006a     oled.o (.text.OLED_Clear)
                  000008de    0000004e     oled.o (.text.OLED_WR_Byte)
                  0000092c    00000044     driverlib.a : dl_sysctl_mspm0g1x0x_g3x0x.o (.text.DL_SYSCTL_switchMCLKfromSYSOSCtoHSCLK)
                  00000970    00000040     libclang_rt.builtins.a : aeabi_uidivmod.S.obj (.text.__aeabi_uidivmod)
                  000009b0    0000003c     oled.o (.text.OLED_Set_Pos)
                  000009ec    0000003c     ti_msp_dl_config.o (.text.SYSCFG_DL_SYSCTL_init)
                  00000a28    0000003c     libc.a : autoinit.c.obj (.text:__TI_auto_init_nobinit_nopinit)
                  00000a64    00000038     oled.o (.text.I2C_Start)
                  00000a9c    00000034     ti_msp_dl_config.o (.text.SYSCFG_DL_initPower)
                  00000ad0    00000030     oled.o (.text.I2C_Stop)
                  00000b00    00000030     oled.o (.text.I2C_WaitAck)
                  00000b30    00000030     ti_msp_dl_config.o (.text.SYSCFG_DL_GPIO_init)
                  00000b60    00000030     oled.o (.text.oled_pow)
                  00000b90    00000028     ti_msp_dl_config.o (.text.DL_Common_updateReg)
                  00000bb8    00000028     libc.a : boot_cortex_m.c.obj (.text:_c_int00_noargs)
                  00000be0    00000024     oled.o (.text.delay_ms)
                  00000c04    00000020     ti_msp_dl_config.o (.text.DL_SYSCTL_setFlashWaitState)
                  00000c24    0000001c     ti_msp_dl_config.o (.text.DL_SYSCTL_setSYSOSCFreq)
                  00000c40    0000001c     ti_msp_dl_config.o (.text.DL_SYSCTL_setULPCLKDivider)
                  00000c5c    00000018     ti_msp_dl_config.o (.text.DL_GPIO_enableOutput)
                  00000c74    00000018     ti_msp_dl_config.o (.text.DL_GPIO_enablePower)
                  00000c8c    00000018     ti_msp_dl_config.o (.text.DL_GPIO_initDigitalOutput)
                  00000ca4    00000018     ti_msp_dl_config.o (.text.DL_GPIO_reset)
                  00000cbc    00000018     oled.o (.text.DL_GPIO_setPins)
                  00000cd4    00000018     ti_msp_dl_config.o (.text.DL_SYSCTL_setBORThreshold)
                  00000cec    00000014     oled.o (.text.DL_GPIO_clearPins)
                  00000d00    00000014     ti_msp_dl_config.o (.text.DL_GPIO_clearPins)
                  00000d14    00000014     ti_msp_dl_config.o (.text.DL_SYSCTL_disableSYSPLL)
                  00000d28    00000012     libc.a : memcpy16.S.obj (.text:TI_memcpy_small)
                  00000d3a    00000012            : copy_decompress_none.c.obj (.text:decompress:none)
                  00000d4c    00000010     ti_msp_dl_config.o (.text.DL_SYSCTL_disableHFXT)
                  00000d5c    00000010     ti_msp_dl_config.o (.text.SYSCFG_DL_init)
                  00000d6c    0000000a     driverlib.a : dl_common.o (.text.DL_Common_delayCycles)
                  00000d76    00000002     libclang_rt.builtins.a : aeabi_div0.c.obj (.text.__aeabi_idiv0)
                  00000d78    00000008                            : aeabi_memcpy.S.obj (.text.__aeabi_memcpy)
                  00000d80    00000004     startup_mspm0g350x_ticlang.o (.text.Default_Handler)
                  00000d84    00000004     startup_mspm0g350x_ticlang.o (.text.Reset_Handler)
                  00000d88    00000004     libc.a : pre_init.c.obj (.text._system_pre_init)
                  00000d8c    00000004            : exit.c.obj (.text:abort)

.cinit     0    000016d8    00000160     
                  000016d8    00000150     (.cinit..data.load) [load image, compression = lzss]
                  00001828    00000008     (__TI_handler_table)
                  00001830    00000008     (__TI_cinit_table)

.rodata    0    00000d90    00000948     
                  00000d90    000005f0     oled.o (.rodata.asc2_1608)
                  00001380    00000228     oled.o (.rodata.asc2_0806)
                  000015a8    000000e0     oled.o (.rodata.Hzk)
                  00001688    00000028     ti_msp_dl_config.o (.rodata.gSYSPLLConfig)
                  000016b0    0000000e     oled.o (.rodata.str1.180289754081839440271)
                  000016be    0000000b     oled.o (.rodata.str1.177745092117497802611)
                  000016c9    00000007     oled.o (.rodata.str1.29689625345291119761)
                  000016d0    00000006     oled.o (.rodata.str1.110931074932400104251)
                  000016d6    00000002     --HOLE-- [fill = 0]

.init_array 
*          0    00000000    00000000     UNINITIALIZED

.binit     0    00000000    00000000     

.data      0    20200000    00000400     UNINITIALIZED
                  20200000    00000400     oled.o (.data.BMP1)

.stack     0    20207e00    00000200     UNINITIALIZED
                  20207e00    00000004     libc.a : boot_cortex_m.c.obj (.stack)
                  20207e04    000001fc     --HOLE--

__llvm_prf_cnts 
*          0    20200000    00000000     UNINITIALIZED

__llvm_prf_bits 
*          0    20200000    00000000     UNINITIALIZED

MODULE SUMMARY

       Module                         code   ro data   rw data
       ------                         ----   -------   -------
    .\
       oled.o                         288    38        1024   
       ti_msp_dl_config.o             480    40        0      
       startup_mspm0g350x_ticlang.o   8      192       0      
    +--+------------------------------+------+---------+---------+
       Total:                         776    270       1024   
                                                              
    .\OLED\
       oled.o                         1868   2296      0      
    +--+------------------------------+------+---------+---------+
       Total:                         1868   2296      0      
                                                              
    C:/ti/mspm0_sdk_2_01_00_03/source/ti/driverlib/lib/ticlang/m0p/mspm0g1x0x_g3x0x/driverlib.a
       dl_sysctl_mspm0g1x0x_g3x0x.o   288    0         0      
       dl_common.o                    10     0         0      
    +--+------------------------------+------+---------+---------+
       Total:                         298    0         0      
                                                              
    C:\ti\ccs1260\ccs\tools\compiler\ti-cgt-armllvm_3.2.2.LTS\lib\armv6m-ti-none-eabi/c/libc.a
       copy_decompress_lzss.c.obj     120    0         0      
       autoinit.c.obj                 60     0         0      
       boot_cortex_m.c.obj            40     0         0      
       copy_decompress_none.c.obj     18     0         0      
       memcpy16.S.obj                 18     0         0      
       exit.c.obj                     4      0         0      
       pre_init.c.obj                 4      0         0      
    +--+------------------------------+------+---------+---------+
       Total:                         264    0         0      
                                                              
    C:\ti\ccs1260\ccs\tools\compiler\ti-cgt-armllvm_3.2.2.LTS\lib\clang/15.0.7/lib/armv6m-ti-none-eabi/libclang_rt.builtins.a
       aeabi_uidivmod.S.obj           64     0         0      
       aeabi_memcpy.S.obj             8      0         0      
       aeabi_div0.c.obj               2      0         0      
    +--+------------------------------+------+---------+---------+
       Total:                         74     0         0      
                                                              
       Stack:                         0      0         512    
       Linker Generated:              0      352       0      
    +--+------------------------------+------+---------+---------+
       Grand Total:                   3280   2918      1536   


LINKER GENERATED COPY TABLES

__TI_cinit_table @ 00001830 records: 1, size/record: 8, table size: 8
	.data: load addr=000016d8, load size=00000150 bytes, run addr=20200000, run size=00000400 bytes, compression=lzss


LINKER GENERATED HANDLER TABLE

__TI_handler_table @ 00001828 records: 2, size/record: 4, table size: 8
	index: 0, handler: __TI_decompress_lzss
	index: 1, handler: __TI_decompress_none


GLOBAL SYMBOLS: SORTED ALPHABETICALLY BY Name 

address   name                                 
-------   ----                                 
00000d81  ADC0_IRQHandler                      
00000d81  ADC1_IRQHandler                      
00000d81  AES_IRQHandler                       
20200000  BMP1                                 
00000d8c  C$$EXIT                              
00000d81  CANFD0_IRQHandler                    
00000d81  DAC0_IRQHandler                      
00000d6d  DL_Common_delayCycles                
000004e9  DL_SYSCTL_configSYSPLL               
0000092d  DL_SYSCTL_switchMCLKfromSYSOSCtoHSCLK
00000d81  DMA_IRQHandler                       
00000d81  Default_Handler                      
00000d81  GROUP0_IRQHandler                    
00000d81  GROUP1_IRQHandler                    
00000d81  HardFault_Handler                    
000015a8  Hzk                                  
00000d81  I2C0_IRQHandler                      
00000d81  I2C1_IRQHandler                      
00000a65  I2C_Start                            
00000ad1  I2C_Stop                             
00000b01  I2C_WaitAck                          
00000d81  NMI_Handler                          
00000875  OLED_Clear                           
0000066d  OLED_DrawBMP                         
000002f9  OLED_Init                            
000009b1  OLED_Set_Pos                         
000001e1  OLED_ShowChar                        
000005c5  OLED_ShowChinese                     
000003f3  OLED_ShowNum                         
00000805  OLED_ShowString                      
000008df  OLED_WR_Byte                         
00000d81  PendSV_Handler                       
00000d81  RTC_IRQHandler                       
00000d85  Reset_Handler                        
00000d81  SPI0_IRQHandler                      
00000d81  SPI1_IRQHandler                      
00000d81  SVC_Handler                          
00000b31  SYSCFG_DL_GPIO_init                  
000009ed  SYSCFG_DL_SYSCTL_init                
00000d5d  SYSCFG_DL_init                       
00000a9d  SYSCFG_DL_initPower                  
00000711  Send_Byte                            
00000d81  SysTick_Handler                      
00000d81  TIMA0_IRQHandler                     
00000d81  TIMA1_IRQHandler                     
00000d81  TIMG0_IRQHandler                     
00000d81  TIMG12_IRQHandler                    
00000d81  TIMG6_IRQHandler                     
00000d81  TIMG7_IRQHandler                     
00000d81  TIMG8_IRQHandler                     
00000d29  TI_memcpy_small                      
00000d81  UART0_IRQHandler                     
00000d81  UART1_IRQHandler                     
00000d81  UART2_IRQHandler                     
00000d81  UART3_IRQHandler                     
20208000  __STACK_END                          
00000200  __STACK_SIZE                         
00000000  __TI_ATRegion0_region_sz             
00000000  __TI_ATRegion0_src_addr              
00000000  __TI_ATRegion0_trg_addr              
00000000  __TI_ATRegion1_region_sz             
00000000  __TI_ATRegion1_src_addr              
00000000  __TI_ATRegion1_trg_addr              
00000000  __TI_ATRegion2_region_sz             
00000000  __TI_ATRegion2_src_addr              
00000000  __TI_ATRegion2_trg_addr              
00001830  __TI_CINIT_Base                      
00001838  __TI_CINIT_Limit                     
00001838  __TI_CINIT_Warm                      
00001828  __TI_Handler_Table_Base              
00001830  __TI_Handler_Table_Limit             
00000a29  __TI_auto_init_nobinit_nopinit       
0000078d  __TI_decompress_lzss                 
00000d3b  __TI_decompress_none                 
ffffffff  __TI_pprof_out_hndl                  
ffffffff  __TI_prof_data_size                  
ffffffff  __TI_prof_data_start                 
00000000  __TI_static_base__                   
00000d77  __aeabi_idiv0                        
00000d79  __aeabi_memcpy                       
00000d79  __aeabi_memcpy4                      
00000d79  __aeabi_memcpy8                      
00000971  __aeabi_uidiv                        
00000971  __aeabi_uidivmod                     
ffffffff  __binit__                            
UNDEFED   __mpu_init                           
20207e00  __stack                              
20200000  __start___llvm_prf_bits              
20200000  __start___llvm_prf_cnts              
20200000  __stop___llvm_prf_bits               
20200000  __stop___llvm_prf_cnts               
00000bb9  _c_int00_noargs                      
UNDEFED   _system_post_cinit                   
00000d89  _system_pre_init                     
00000d8d  abort                                
00001380  asc2_0806                            
00000d90  asc2_1608                            
ffffffff  binit                                
00000be1  delay_ms                             
00000000  interruptVectors                     
000000c1  main                                 
00000b61  oled_pow                             


GLOBAL SYMBOLS: SORTED BY Symbol Address 

address   name                                 
-------   ----                                 
00000000  __TI_ATRegion0_region_sz             
00000000  __TI_ATRegion0_src_addr              
00000000  __TI_ATRegion0_trg_addr              
00000000  __TI_ATRegion1_region_sz             
00000000  __TI_ATRegion1_src_addr              
00000000  __TI_ATRegion1_trg_addr              
00000000  __TI_ATRegion2_region_sz             
00000000  __TI_ATRegion2_src_addr              
00000000  __TI_ATRegion2_trg_addr              
00000000  __TI_static_base__                   
00000000  interruptVectors                     
000000c1  main                                 
000001e1  OLED_ShowChar                        
00000200  __STACK_SIZE                         
000002f9  OLED_Init                            
000003f3  OLED_ShowNum                         
000004e9  DL_SYSCTL_configSYSPLL               
000005c5  OLED_ShowChinese                     
0000066d  OLED_DrawBMP                         
00000711  Send_Byte                            
0000078d  __TI_decompress_lzss                 
00000805  OLED_ShowString                      
00000875  OLED_Clear                           
000008df  OLED_WR_Byte                         
0000092d  DL_SYSCTL_switchMCLKfromSYSOSCtoHSCLK
00000971  __aeabi_uidiv                        
00000971  __aeabi_uidivmod                     
000009b1  OLED_Set_Pos                         
000009ed  SYSCFG_DL_SYSCTL_init                
00000a29  __TI_auto_init_nobinit_nopinit       
00000a65  I2C_Start                            
00000a9d  SYSCFG_DL_initPower                  
00000ad1  I2C_Stop                             
00000b01  I2C_WaitAck                          
00000b31  SYSCFG_DL_GPIO_init                  
00000b61  oled_pow                             
00000bb9  _c_int00_noargs                      
00000be1  delay_ms                             
00000d29  TI_memcpy_small                      
00000d3b  __TI_decompress_none                 
00000d5d  SYSCFG_DL_init                       
00000d6d  DL_Common_delayCycles                
00000d77  __aeabi_idiv0                        
00000d79  __aeabi_memcpy                       
00000d79  __aeabi_memcpy4                      
00000d79  __aeabi_memcpy8                      
00000d81  ADC0_IRQHandler                      
00000d81  ADC1_IRQHandler                      
00000d81  AES_IRQHandler                       
00000d81  CANFD0_IRQHandler                    
00000d81  DAC0_IRQHandler                      
00000d81  DMA_IRQHandler                       
00000d81  Default_Handler                      
00000d81  GROUP0_IRQHandler                    
00000d81  GROUP1_IRQHandler                    
00000d81  HardFault_Handler                    
00000d81  I2C0_IRQHandler                      
00000d81  I2C1_IRQHandler                      
00000d81  NMI_Handler                          
00000d81  PendSV_Handler                       
00000d81  RTC_IRQHandler                       
00000d81  SPI0_IRQHandler                      
00000d81  SPI1_IRQHandler                      
00000d81  SVC_Handler                          
00000d81  SysTick_Handler                      
00000d81  TIMA0_IRQHandler                     
00000d81  TIMA1_IRQHandler                     
00000d81  TIMG0_IRQHandler                     
00000d81  TIMG12_IRQHandler                    
00000d81  TIMG6_IRQHandler                     
00000d81  TIMG7_IRQHandler                     
00000d81  TIMG8_IRQHandler                     
00000d81  UART0_IRQHandler                     
00000d81  UART1_IRQHandler                     
00000d81  UART2_IRQHandler                     
00000d81  UART3_IRQHandler                     
00000d85  Reset_Handler                        
00000d89  _system_pre_init                     
00000d8c  C$$EXIT                              
00000d8d  abort                                
00000d90  asc2_1608                            
00001380  asc2_0806                            
000015a8  Hzk                                  
00001828  __TI_Handler_Table_Base              
00001830  __TI_CINIT_Base                      
00001830  __TI_Handler_Table_Limit             
00001838  __TI_CINIT_Limit                     
00001838  __TI_CINIT_Warm                      
20200000  BMP1                                 
20200000  __start___llvm_prf_bits              
20200000  __start___llvm_prf_cnts              
20200000  __stop___llvm_prf_bits               
20200000  __stop___llvm_prf_cnts               
20207e00  __stack                              
20208000  __STACK_END                          
ffffffff  __TI_pprof_out_hndl                  
ffffffff  __TI_prof_data_size                  
ffffffff  __TI_prof_data_start                 
ffffffff  __binit__                            
ffffffff  binit                                
UNDEFED   __mpu_init                           
UNDEFED   _system_post_cinit                   

[102 symbols]
