******************************************************************************
            TI ARM Clang Linker PC v3.2.2                      
******************************************************************************
>> Linked Sat Aug 24 23:37:09 2024

OUTPUT FILE NAME:   <opa_inverting_pga_with_dac_LP_MSPM0G3507_nortos_ticlang.out>
ENTRY POINT SYMBOL: "_c_int00_noinit_noargs"  address: 0000027d


MEMORY CONFIGURATION

         name            origin    length      used     unused   attr    fill
----------------------  --------  ---------  --------  --------  ----  --------
  FLASH                 00000000   00020000  00000320  0001fce0  R  X
  SRAM                  20200000   00008000  00000200  00007e00  RW X
  BCR_CONFIG            41c00000   00000080  00000000  00000080  R   
  BSL_CONFIG            41c00100   00000080  00000000  00000080  R   


SEGMENT ALLOCATION MAP

run origin  load origin   length   init length attrs members
----------  ----------- ---------- ----------- ----- -------
00000000    00000000    00000320   00000320    r-x
  00000000    00000000    000000c0   000000c0    r-- .intvecs
  000000c0    000000c0    00000230   00000230    r-x .text
  000002f0    000002f0    00000030   00000030    r-- .rodata
20207e00    20207e00    00000200   00000000    rw-
  20207e00    20207e00    00000200   00000000    rw- .stack


SECTION ALLOCATION MAP

 output                                  attributes/
section   page    origin      length       input sections
--------  ----  ----------  ----------   ----------------
.intvecs   0    00000000    000000c0     
                  00000000    000000c0     startup_mspm0g350x_ticlang.o (.intvecs)

.text      0    000000c0    00000230     
                  000000c0    00000088     driverlib.a : dl_dac12.o (.text.DL_DAC12_init)
                  00000148    0000004c     ti_msp_dl_config.o (.text.SYSCFG_DL_initPower)
                  00000194    00000040     ti_msp_dl_config.o (.text.SYSCFG_DL_SYSCTL_init)
                  000001d4    00000030     ti_msp_dl_config.o (.text.SYSCFG_DL_DAC12_init)
                  00000204    0000002c     ti_msp_dl_config.o (.text.SYSCFG_DL_OPA_0_init)
                  00000230    0000002c     ti_msp_dl_config.o (.text.SYSCFG_DL_VREF_init)
                  0000025c    00000020     driverlib.a : dl_vref.o (.text.DL_VREF_configReference)
                  0000027c    00000020     libc.a : boot_cortex_m.c.obj (.text:_c_int00_noinit_noargs)
                  0000029c    0000001c     ti_msp_dl_config.o (.text.SYSCFG_DL_init)
                  000002b8    00000012     driverlib.a : dl_vref.o (.text.DL_VREF_setClockConfig)
                  000002ca    0000000c     opa_inverting_pga_with_dac.o (.text.main)
                  000002d6    0000000a     driverlib.a : dl_common.o (.text.DL_Common_delayCycles)
                  000002e0    00000004     startup_mspm0g350x_ticlang.o (.text.Reset_Handler)
                  000002e4    00000004     libc.a : pre_init.c.obj (.text._system_pre_init)
                  000002e8    00000004            : exit.c.obj (.text:abort)
                  000002ec    00000002     startup_mspm0g350x_ticlang.o (.text.Default_Handler)
                  000002ee    00000002     ti_msp_dl_config.o (.text.SYSCFG_DL_GPIO_init)

.cinit     0    00000000    00000000     

.rodata    0    000002f0    00000030     
                  000002f0    00000020     ti_msp_dl_config.o (.rodata.gDAC12Config)
                  00000310    0000000c     ti_msp_dl_config.o (.rodata.gVREFConfig)
                  0000031c    00000002     ti_msp_dl_config.o (.rodata.gVREFClockConfig)
                  0000031e    00000002     --HOLE-- [fill = 0]

.init_array 
*          0    00000000    00000000     UNINITIALIZED

.binit     0    00000000    00000000     

.stack     0    20207e00    00000200     UNINITIALIZED
                  20207e00    00000004     libc.a : boot_cortex_m.c.obj (.stack)
                  20207e04    000001fc     --HOLE--

__llvm_prf_cnts 
*          0    20200000    00000000     UNINITIALIZED

__llvm_prf_bits 
*          0    20200000    00000000     UNINITIALIZED

MODULE SUMMARY

       Module                         code   ro data   rw data
       ------                         ----   -------   -------
    .\
       ti_msp_dl_config.o             306    46        0      
       startup_mspm0g350x_ticlang.o   6      192       0      
       opa_inverting_pga_with_dac.o   12     0         0      
    +--+------------------------------+------+---------+---------+
       Total:                         324    238       0      
                                                              
    C:/ti/mspm0_sdk_2_01_00_03/source/ti/driverlib/lib/ticlang/m0p/mspm0g1x0x_g3x0x/driverlib.a
       dl_dac12.o                     136    0         0      
       dl_vref.o                      50     0         0      
       dl_common.o                    10     0         0      
    +--+------------------------------+------+---------+---------+
       Total:                         196    0         0      
                                                              
    C:\ti\ccs1260\ccs\tools\compiler\ti-cgt-armllvm_3.2.2.LTS\lib\armv6m-ti-none-eabi/c/libc.a
       boot_cortex_m.c.obj            32     0         0      
       exit.c.obj                     4      0         0      
       pre_init.c.obj                 4      0         0      
    +--+------------------------------+------+---------+---------+
       Total:                         40     0         0      
                                                              
       Stack:                         0      0         512    
    +--+------------------------------+------+---------+---------+
       Grand Total:                   560    238       512    


GLOBAL SYMBOLS: SORTED ALPHABETICALLY BY Name 

address   name                    
-------   ----                    
000002ed  ADC0_IRQHandler         
000002ed  ADC1_IRQHandler         
000002ed  AES_IRQHandler          
000002e8  C$$EXIT                 
000002ed  CANFD0_IRQHandler       
000002ed  DAC0_IRQHandler         
000002d7  DL_Common_delayCycles   
000000c1  DL_DAC12_init           
0000025d  DL_VREF_configReference 
000002b9  DL_VREF_setClockConfig  
000002ed  DMA_IRQHandler          
000002ed  Default_Handler         
000002ed  GROUP0_IRQHandler       
000002ed  GROUP1_IRQHandler       
000002ed  HardFault_Handler       
000002ed  I2C0_IRQHandler         
000002ed  I2C1_IRQHandler         
000002ed  NMI_Handler             
000002ed  PendSV_Handler          
000002ed  RTC_IRQHandler          
000002e1  Reset_Handler           
000002ed  SPI0_IRQHandler         
000002ed  SPI1_IRQHandler         
000002ed  SVC_Handler             
000001d5  SYSCFG_DL_DAC12_init    
000002ef  SYSCFG_DL_GPIO_init     
00000205  SYSCFG_DL_OPA_0_init    
00000195  SYSCFG_DL_SYSCTL_init   
00000231  SYSCFG_DL_VREF_init     
0000029d  SYSCFG_DL_init          
00000149  SYSCFG_DL_initPower     
000002ed  SysTick_Handler         
000002ed  TIMA0_IRQHandler        
000002ed  TIMA1_IRQHandler        
000002ed  TIMG0_IRQHandler        
000002ed  TIMG12_IRQHandler       
000002ed  TIMG6_IRQHandler        
000002ed  TIMG7_IRQHandler        
000002ed  TIMG8_IRQHandler        
000002ed  UART0_IRQHandler        
000002ed  UART1_IRQHandler        
000002ed  UART2_IRQHandler        
000002ed  UART3_IRQHandler        
20208000  __STACK_END             
00000200  __STACK_SIZE            
00000000  __TI_ATRegion0_region_sz
00000000  __TI_ATRegion0_src_addr 
00000000  __TI_ATRegion0_trg_addr 
00000000  __TI_ATRegion1_region_sz
00000000  __TI_ATRegion1_src_addr 
00000000  __TI_ATRegion1_trg_addr 
00000000  __TI_ATRegion2_region_sz
00000000  __TI_ATRegion2_src_addr 
00000000  __TI_ATRegion2_trg_addr 
00000000  __TI_CINIT_Base         
00000000  __TI_CINIT_Limit        
00000000  __TI_CINIT_Warm         
ffffffff  __TI_pprof_out_hndl     
ffffffff  __TI_prof_data_size     
ffffffff  __TI_prof_data_start    
00000000  __TI_static_base__      
ffffffff  __binit__               
UNDEFED   __mpu_init              
20207e00  __stack                 
20200000  __start___llvm_prf_bits 
20200000  __start___llvm_prf_cnts 
20200000  __stop___llvm_prf_bits  
20200000  __stop___llvm_prf_cnts  
0000027d  _c_int00_noinit_noargs  
000002e5  _system_pre_init        
000002e9  abort                   
ffffffff  binit                   
00000000  interruptVectors        
000002cb  main                    


GLOBAL SYMBOLS: SORTED BY Symbol Address 

address   name                    
-------   ----                    
00000000  __TI_ATRegion0_region_sz
00000000  __TI_ATRegion0_src_addr 
00000000  __TI_ATRegion0_trg_addr 
00000000  __TI_ATRegion1_region_sz
00000000  __TI_ATRegion1_src_addr 
00000000  __TI_ATRegion1_trg_addr 
00000000  __TI_ATRegion2_region_sz
00000000  __TI_ATRegion2_src_addr 
00000000  __TI_ATRegion2_trg_addr 
00000000  __TI_CINIT_Base         
00000000  __TI_CINIT_Limit        
00000000  __TI_CINIT_Warm         
00000000  __TI_static_base__      
00000000  interruptVectors        
000000c1  DL_DAC12_init           
00000149  SYSCFG_DL_initPower     
00000195  SYSCFG_DL_SYSCTL_init   
000001d5  SYSCFG_DL_DAC12_init    
00000200  __STACK_SIZE            
00000205  SYSCFG_DL_OPA_0_init    
00000231  SYSCFG_DL_VREF_init     
0000025d  DL_VREF_configReference 
0000027d  _c_int00_noinit_noargs  
0000029d  SYSCFG_DL_init          
000002b9  DL_VREF_setClockConfig  
000002cb  main                    
000002d7  DL_Common_delayCycles   
000002e1  Reset_Handler           
000002e5  _system_pre_init        
000002e8  C$$EXIT                 
000002e9  abort                   
000002ed  ADC0_IRQHandler         
000002ed  ADC1_IRQHandler         
000002ed  AES_IRQHandler          
000002ed  CANFD0_IRQHandler       
000002ed  DAC0_IRQHandler         
000002ed  DMA_IRQHandler          
000002ed  Default_Handler         
000002ed  GROUP0_IRQHandler       
000002ed  GROUP1_IRQHandler       
000002ed  HardFault_Handler       
000002ed  I2C0_IRQHandler         
000002ed  I2C1_IRQHandler         
000002ed  NMI_Handler             
000002ed  PendSV_Handler          
000002ed  RTC_IRQHandler          
000002ed  SPI0_IRQHandler         
000002ed  SPI1_IRQHandler         
000002ed  SVC_Handler             
000002ed  SysTick_Handler         
000002ed  TIMA0_IRQHandler        
000002ed  TIMA1_IRQHandler        
000002ed  TIMG0_IRQHandler        
000002ed  TIMG12_IRQHandler       
000002ed  TIMG6_IRQHandler        
000002ed  TIMG7_IRQHandler        
000002ed  TIMG8_IRQHandler        
000002ed  UART0_IRQHandler        
000002ed  UART1_IRQHandler        
000002ed  UART2_IRQHandler        
000002ed  UART3_IRQHandler        
000002ef  SYSCFG_DL_GPIO_init     
20200000  __start___llvm_prf_bits 
20200000  __start___llvm_prf_cnts 
20200000  __stop___llvm_prf_bits  
20200000  __stop___llvm_prf_cnts  
20207e00  __stack                 
20208000  __STACK_END             
ffffffff  __TI_pprof_out_hndl     
ffffffff  __TI_prof_data_size     
ffffffff  __TI_prof_data_start    
ffffffff  __binit__               
ffffffff  binit                   
UNDEFED   __mpu_init              

[74 symbols]
