******************************************************************************
            TI ARM Clang Linker PC v3.2.2                      
******************************************************************************
>> Linked Sat Aug 24 20:31:06 2024

OUTPUT FILE NAME:   <comp_dac_to_timer_event_LP_MSPM0G3507_nortos_ticlang.out>
ENTRY POINT SYMBOL: "_c_int00_noargs"  address: 00000451


MEMORY CONFIGURATION

         name            origin    length      used     unused   attr    fill
----------------------  --------  ---------  --------  --------  ----  --------
  FLASH                 00000000   00020000  000005a0  0001fa60  R  X
  SRAM                  20200000   00008000  00000216  00007dea  RW X
  BCR_CONFIG            41c00000   00000080  00000000  00000080  R   
  BSL_CONFIG            41c00100   00000080  00000000  00000080  R   


SEGMENT ALLOCATION MAP

run origin  load origin   length   init length attrs members
----------  ----------- ---------- ----------- ----- -------
00000000    00000000    000005a0   000005a0    r-x
  00000000    00000000    000000c0   000000c0    r-- .intvecs
  000000c0    000000c0    00000468   00000468    r-x .text
  00000528    00000528    00000060   00000060    r-- .rodata
  00000588    00000588    00000018   00000018    r-- .cinit
20200000    20200000    00000016   00000000    rw-
  20200000    20200000    00000016   00000000    rw- .bss
20207e00    20207e00    00000200   00000000    rw-
  20207e00    20207e00    00000200   00000000    rw- .stack


SECTION ALLOCATION MAP

 output                                  attributes/
section   page    origin      length       input sections
--------  ----  ----------  ----------   ----------------
.intvecs   0    00000000    000000c0     
                  00000000    000000c0     startup_mspm0g350x_ticlang.o (.intvecs)

.text      0    000000c0    00000468     
                  000000c0    000000e4     ti_msp_dl_config.o (.text.SYSCFG_DL_GPIO_init)
                  000001a4    0000006c     comp_dac_to_timer_event.o (.text.main)
                  00000210    00000068     driverlib.a : dl_timer.o (.text.DL_Timer_initCaptureTriggerMode)
                  00000278    00000064     ti_msp_dl_config.o (.text.SYSCFG_DL_COMP_init)
                  000002dc    0000005c     ti_msp_dl_config.o (.text.SYSCFG_DL_CAPTURE_0_init)
                  00000338    0000004c     ti_msp_dl_config.o (.text.SYSCFG_DL_initPower)
                  00000384    0000004c     comp_dac_to_timer_event.o (.text.TIMG0_IRQHandler)
                  000003d0    00000044     ti_msp_dl_config.o (.text.SYSCFG_DL_SYSCTL_init)
                  00000414    0000003c     libc.a : autoinit.c.obj (.text:__TI_auto_init_nobinit_nopinit)
                  00000450    00000028            : boot_cortex_m.c.obj (.text:_c_int00_noargs)
                  00000478    00000020     driverlib.a : dl_vref.o (.text.DL_VREF_configReference)
                  00000498    0000001c                 : dl_timer.o (.text.DL_Timer_setClockConfig)
                  000004b4    0000001c     ti_msp_dl_config.o (.text.SYSCFG_DL_init)
                  000004d0    00000016     libc.a : copy_zero_init.c.obj (.text:decompress:ZI:__TI_zero_init_nomemset)
                  000004e6    00000002     startup_mspm0g350x_ticlang.o (.text.Default_Handler)
                  000004e8    00000014     ti_msp_dl_config.o (.text.SYSCFG_DL_VREF_init)
                  000004fc    00000010     driverlib.a : dl_timer.o (.text.DL_Timer_getCaptureCompareValue)
                  0000050c    0000000a                 : dl_common.o (.text.DL_Common_delayCycles)
                  00000516    00000004     startup_mspm0g350x_ticlang.o (.text.Reset_Handler)
                  0000051a    00000004     libc.a : pre_init.c.obj (.text._system_pre_init)
                  0000051e    00000004            : exit.c.obj (.text:abort)
                  00000522    00000006     --HOLE-- [fill = 0]

.cinit     0    00000588    00000018     
                  00000588    00000008     (.cinit..bss.load) [load image, compression = zero_init]
                  00000590    00000004     (__TI_handler_table)
                  00000594    00000008     (__TI_cinit_table)
                  0000059c    00000004     --HOLE-- [fill = 0]

.rodata    0    00000528    00000060     
                  00000528    00000038     ti_msp_dl_config.o (.rodata..L__const.SYSCFG_DL_GPIO_init.unusedPinIndexes)
                  00000560    0000000c     driverlib.a : dl_timer.o (.rodata..Lswitch.table.DL_Timer_initCaptureTriggerMode)
                  0000056c    0000000c     ti_msp_dl_config.o (.rodata.gCAPTURE_0CaptureConfig)
                  00000578    0000000c     ti_msp_dl_config.o (.rodata.gVREFConfig)
                  00000584    00000003     ti_msp_dl_config.o (.rodata.gCAPTURE_0ClockConfig)
                  00000587    00000001     --HOLE-- [fill = 0]

.init_array 
*          0    00000000    00000000     UNINITIALIZED

.binit     0    00000000    00000000     

.bss       0    20200000    00000016     UNINITIALIZED
                  20200000    00000014     (.common:gCaptureArray)
                  20200014    00000001     (.common:gCaptureCounter)
                  20200015    00000001     (.common:gTimeout)

.stack     0    20207e00    00000200     UNINITIALIZED
                  20207e00    00000004     libc.a : boot_cortex_m.c.obj (.stack)
                  20207e04    000001fc     --HOLE--

__llvm_prf_cnts 
*          0    20200000    00000000     UNINITIALIZED

__llvm_prf_bits 
*          0    20200000    00000000     UNINITIALIZED

MODULE SUMMARY

       Module                         code   ro data   rw data
       ------                         ----   -------   -------
    .\
       ti_msp_dl_config.o             612    83        0      
       comp_dac_to_timer_event.o      184    0         22     
       startup_mspm0g350x_ticlang.o   6      192       0      
    +--+------------------------------+------+---------+---------+
       Total:                         802    275       22     
                                                              
    C:/ti/mspm0_sdk_2_01_00_03/source/ti/driverlib/lib/ticlang/m0p/mspm0g1x0x_g3x0x/driverlib.a
       dl_timer.o                     148    12        0      
       dl_vref.o                      32     0         0      
       dl_common.o                    10     0         0      
    +--+------------------------------+------+---------+---------+
       Total:                         190    12        0      
                                                              
    C:\ti\ccs1260\ccs\tools\compiler\ti-cgt-armllvm_3.2.2.LTS\lib\armv6m-ti-none-eabi/c/libc.a
       autoinit.c.obj                 60     0         0      
       boot_cortex_m.c.obj            40     0         0      
       copy_zero_init.c.obj           22     0         0      
       exit.c.obj                     4      0         0      
       pre_init.c.obj                 4      0         0      
    +--+------------------------------+------+---------+---------+
       Total:                         130    0         0      
                                                              
       Stack:                         0      0         512    
       Linker Generated:              0      20        0      
    +--+------------------------------+------+---------+---------+
       Grand Total:                   1122   307       534    


LINKER GENERATED COPY TABLES

__TI_cinit_table @ 00000594 records: 1, size/record: 8, table size: 8
	.bss: load addr=00000588, load size=00000008 bytes, run addr=20200000, run size=00000016 bytes, compression=zero_init


LINKER GENERATED HANDLER TABLE

__TI_handler_table @ 00000590 records: 1, size/record: 4, table size: 4
	index: 0, handler: __TI_zero_init


GLOBAL SYMBOLS: SORTED ALPHABETICALLY BY Name 

address   name                           
-------   ----                           
000004e7  ADC0_IRQHandler                
000004e7  ADC1_IRQHandler                
000004e7  AES_IRQHandler                 
0000051e  C$$EXIT                        
000004e7  CANFD0_IRQHandler              
000004e7  DAC0_IRQHandler                
0000050d  DL_Common_delayCycles          
000004fd  DL_Timer_getCaptureCompareValue
00000211  DL_Timer_initCaptureTriggerMode
00000499  DL_Timer_setClockConfig        
00000479  DL_VREF_configReference        
000004e7  DMA_IRQHandler                 
000004e7  Default_Handler                
000004e7  GROUP0_IRQHandler              
000004e7  GROUP1_IRQHandler              
000004e7  HardFault_Handler              
000004e7  I2C0_IRQHandler                
000004e7  I2C1_IRQHandler                
000004e7  NMI_Handler                    
000004e7  PendSV_Handler                 
000004e7  RTC_IRQHandler                 
00000517  Reset_Handler                  
000004e7  SPI0_IRQHandler                
000004e7  SPI1_IRQHandler                
000004e7  SVC_Handler                    
000002dd  SYSCFG_DL_CAPTURE_0_init       
00000279  SYSCFG_DL_COMP_init            
000000c1  SYSCFG_DL_GPIO_init            
000003d1  SYSCFG_DL_SYSCTL_init          
000004e9  SYSCFG_DL_VREF_init            
000004b5  SYSCFG_DL_init                 
00000339  SYSCFG_DL_initPower            
000004e7  SysTick_Handler                
000004e7  TIMA0_IRQHandler               
000004e7  TIMA1_IRQHandler               
00000385  TIMG0_IRQHandler               
000004e7  TIMG12_IRQHandler              
000004e7  TIMG6_IRQHandler               
000004e7  TIMG7_IRQHandler               
000004e7  TIMG8_IRQHandler               
000004e7  UART0_IRQHandler               
000004e7  UART1_IRQHandler               
000004e7  UART2_IRQHandler               
000004e7  UART3_IRQHandler               
20208000  __STACK_END                    
00000200  __STACK_SIZE                   
00000000  __TI_ATRegion0_region_sz       
00000000  __TI_ATRegion0_src_addr        
00000000  __TI_ATRegion0_trg_addr        
00000000  __TI_ATRegion1_region_sz       
00000000  __TI_ATRegion1_src_addr        
00000000  __TI_ATRegion1_trg_addr        
00000000  __TI_ATRegion2_region_sz       
00000000  __TI_ATRegion2_src_addr        
00000000  __TI_ATRegion2_trg_addr        
00000594  __TI_CINIT_Base                
0000059c  __TI_CINIT_Limit               
0000059c  __TI_CINIT_Warm                
00000590  __TI_Handler_Table_Base        
00000594  __TI_Handler_Table_Limit       
00000415  __TI_auto_init_nobinit_nopinit 
ffffffff  __TI_pprof_out_hndl            
ffffffff  __TI_prof_data_size            
ffffffff  __TI_prof_data_start           
00000000  __TI_static_base__             
000004d1  __TI_zero_init_nomemset        
ffffffff  __binit__                      
UNDEFED   __mpu_init                     
20207e00  __stack                        
20200000  __start___llvm_prf_bits        
20200000  __start___llvm_prf_cnts        
20200000  __stop___llvm_prf_bits         
20200000  __stop___llvm_prf_cnts         
00000451  _c_int00_noargs                
UNDEFED   _system_post_cinit             
0000051b  _system_pre_init               
0000051f  abort                          
ffffffff  binit                          
20200000  gCaptureArray                  
20200014  gCaptureCounter                
20200015  gTimeout                       
00000000  interruptVectors               
000001a5  main                           


GLOBAL SYMBOLS: SORTED BY Symbol Address 

address   name                           
-------   ----                           
00000000  __TI_ATRegion0_region_sz       
00000000  __TI_ATRegion0_src_addr        
00000000  __TI_ATRegion0_trg_addr        
00000000  __TI_ATRegion1_region_sz       
00000000  __TI_ATRegion1_src_addr        
00000000  __TI_ATRegion1_trg_addr        
00000000  __TI_ATRegion2_region_sz       
00000000  __TI_ATRegion2_src_addr        
00000000  __TI_ATRegion2_trg_addr        
00000000  __TI_static_base__             
00000000  interruptVectors               
000000c1  SYSCFG_DL_GPIO_init            
000001a5  main                           
00000200  __STACK_SIZE                   
00000211  DL_Timer_initCaptureTriggerMode
00000279  SYSCFG_DL_COMP_init            
000002dd  SYSCFG_DL_CAPTURE_0_init       
00000339  SYSCFG_DL_initPower            
00000385  TIMG0_IRQHandler               
000003d1  SYSCFG_DL_SYSCTL_init          
00000415  __TI_auto_init_nobinit_nopinit 
00000451  _c_int00_noargs                
00000479  DL_VREF_configReference        
00000499  DL_Timer_setClockConfig        
000004b5  SYSCFG_DL_init                 
000004d1  __TI_zero_init_nomemset        
000004e7  ADC0_IRQHandler                
000004e7  ADC1_IRQHandler                
000004e7  AES_IRQHandler                 
000004e7  CANFD0_IRQHandler              
000004e7  DAC0_IRQHandler                
000004e7  DMA_IRQHandler                 
000004e7  Default_Handler                
000004e7  GROUP0_IRQHandler              
000004e7  GROUP1_IRQHandler              
000004e7  HardFault_Handler              
000004e7  I2C0_IRQHandler                
000004e7  I2C1_IRQHandler                
000004e7  NMI_Handler                    
000004e7  PendSV_Handler                 
000004e7  RTC_IRQHandler                 
000004e7  SPI0_IRQHandler                
000004e7  SPI1_IRQHandler                
000004e7  SVC_Handler                    
000004e7  SysTick_Handler                
000004e7  TIMA0_IRQHandler               
000004e7  TIMA1_IRQHandler               
000004e7  TIMG12_IRQHandler              
000004e7  TIMG6_IRQHandler               
000004e7  TIMG7_IRQHandler               
000004e7  TIMG8_IRQHandler               
000004e7  UART0_IRQHandler               
000004e7  UART1_IRQHandler               
000004e7  UART2_IRQHandler               
000004e7  UART3_IRQHandler               
000004e9  SYSCFG_DL_VREF_init            
000004fd  DL_Timer_getCaptureCompareValue
0000050d  DL_Common_delayCycles          
00000517  Reset_Handler                  
0000051b  _system_pre_init               
0000051e  C$$EXIT                        
0000051f  abort                          
00000590  __TI_Handler_Table_Base        
00000594  __TI_CINIT_Base                
00000594  __TI_Handler_Table_Limit       
0000059c  __TI_CINIT_Limit               
0000059c  __TI_CINIT_Warm                
20200000  __start___llvm_prf_bits        
20200000  __start___llvm_prf_cnts        
20200000  __stop___llvm_prf_bits         
20200000  __stop___llvm_prf_cnts         
20200000  gCaptureArray                  
20200014  gCaptureCounter                
20200015  gTimeout                       
20207e00  __stack                        
20208000  __STACK_END                    
ffffffff  __TI_pprof_out_hndl            
ffffffff  __TI_prof_data_size            
ffffffff  __TI_prof_data_start           
ffffffff  __binit__                      
ffffffff  binit                          
UNDEFED   __mpu_init                     
UNDEFED   _system_post_cinit             

[83 symbols]
